<?xml version="1.0" encoding="UTF-8"?>
<testsuites name="jest tests" tests="1760" failures="0" errors="0" time="5.548">
  <testsuite name="集成测试：寄养订单主链路" errors="0" failures="0" skipped="0" timestamp="2026-06-06T05:37:34" time="0.928" tests="4">
    <testcase classname="集成测试：寄养订单主链路 下单 → 计算价格 → 支付下单 → 状态推进 → 完成 全流程" name="集成测试：寄养订单主链路 下单 → 计算价格 → 支付下单 → 状态推进 → 完成 全流程" time="0.017">
    </testcase>
    <testcase classname="集成测试：寄养订单主链路 订单取消路径：pending → cancelled 正常" name="集成测试：寄养订单主链路 订单取消路径：pending → cancelled 正常" time="0">
    </testcase>
    <testcase classname="集成测试：寄养订单主链路 日期冲突：第二次下单应识别出与已确认订单的冲突" name="集成测试：寄养订单主链路 日期冲突：第二次下单应识别出与已确认订单的冲突" time="0.001">
    </testcase>
    <testcase classname="集成测试：寄养订单主链路 支付状态机：不合法转移应被拒绝" name="集成测试：寄养订单主链路 支付状态机：不合法转移应被拒绝" time="0">
    </testcase>
  </testsuite>
  <testsuite name="codemod-add-err-import" errors="0" failures="0" skipped="0" timestamp="2026-06-06T05:37:34" time="1.095" tests="5">
    <testcase classname="codemod-add-err-import 无 err 调用的文件不应被修改" name="codemod-add-err-import 无 err 调用的文件不应被修改" time="0.112">
    </testcase>
    <testcase classname="codemod-add-err-import 已正确导入 err 的文件不应被修改" name="codemod-add-err-import 已正确导入 err 的文件不应被修改" time="0.099">
    </testcase>
    <testcase classname="codemod-add-err-import 缺少 import 时补 const { err } = require(...common/errors...)" name="codemod-add-err-import 缺少 import 时补 const { err } = require(...common/errors...)" time="0.149">
    </testcase>
    <testcase classname="codemod-add-err-import 已 require errors 但没 import err 时注入到解构中" name="codemod-add-err-import 已 require errors 但没 import err 时注入到解构中" time="0.113">
    </testcase>
    <testcase classname="codemod-add-err-import adminService/services 子目录应使用 ../common/errors 相对路径" name="codemod-add-err-import adminService/services 子目录应使用 ../common/errors 相对路径" time="0.094">
    </testcase>
  </testsuite>
  <testsuite name="auth-middleware verifyAuth" errors="0" failures="0" skipped="0" timestamp="2026-06-06T05:37:35" time="0.057" tests="8">
    <testcase classname="auth-middleware verifyAuth 未登录时应抛出 AUTH_REQUIRED 业务错误" name="auth-middleware verifyAuth 未登录时应抛出 AUTH_REQUIRED 业务错误" time="0.008">
    </testcase>
    <testcase classname="auth-middleware verifyAuth 已登录时（非管理员）应返回 openid" name="auth-middleware verifyAuth 已登录时（非管理员）应返回 openid" time="0.001">
    </testcase>
    <testcase classname="auth-middleware verifyAuth 未登录 + permission → 抛 AUTH_REQUIRED" name="auth-middleware verifyAuth 未登录 + permission → 抛 AUTH_REQUIRED" time="0.001">
    </testcase>
    <testcase classname="auth-middleware verifyAuth permission 非空但 admins 集合无记录 → 抛 PARTNER_REQUIRED" name="auth-middleware verifyAuth permission 非空但 admins 集合无记录 → 抛 PARTNER_REQUIRED" time="0.001">
    </testcase>
    <testcase classname="auth-middleware verifyAuth admin.status !== active → 抛 PARTNER_REQUIRED" name="auth-middleware verifyAuth admin.status !== active → 抛 PARTNER_REQUIRED" time="0.001">
    </testcase>
    <testcase classname="auth-middleware verifyAuth admin 缺 isPartner 字段 → 抛 PARTNER_REQUIRED" name="auth-middleware verifyAuth admin 缺 isPartner 字段 → 抛 PARTNER_REQUIRED" time="0.001">
    </testcase>
    <testcase classname="auth-middleware verifyAuth admins 集合查询异常 → 兜底为无 admin 记录" name="auth-middleware verifyAuth admins 集合查询异常 → 兜底为无 admin 记录" time="0">
    </testcase>
    <testcase classname="auth-middleware verifyAuth status=active &amp;&amp; isPartner=true → 返回 partner 信息" name="auth-middleware verifyAuth status=active &amp;&amp; isPartner=true → 返回 partner 信息" time="0.005">
    </testcase>
  </testsuite>
  <testsuite name="Sprint 16: i18n 字典 CDN 化" errors="0" failures="0" skipped="0" timestamp="2026-06-06T05:37:35" time="0.246" tests="52">
    <testcase classname="Sprint 16: i18n 字典 CDN 化 build:i18n 脚本 + 产物 build:i18n.js 脚本存在" name="Sprint 16: i18n 字典 CDN 化 build:i18n 脚本 + 产物 build:i18n.js 脚本存在" time="0.001">
    </testcase>
    <testcase classname="Sprint 16: i18n 字典 CDN 化 build:i18n 脚本 + 产物 dist/i18n/ 输出目录存在" name="Sprint 16: i18n 字典 CDN 化 build:i18n 脚本 + 产物 dist/i18n/ 输出目录存在" time="0">
    </testcase>
    <testcase classname="Sprint 16: i18n 字典 CDN 化 build:i18n 脚本 + 产物 types/ 输出目录存在" name="Sprint 16: i18n 字典 CDN 化 build:i18n 脚本 + 产物 types/ 输出目录存在" time="0">
    </testcase>
    <testcase classname="Sprint 16: i18n 字典 CDN 化 build:i18n 脚本 + 产物 生成 errors.zh-CN.json" name="Sprint 16: i18n 字典 CDN 化 build:i18n 脚本 + 产物 生成 errors.zh-CN.json" time="0">
    </testcase>
    <testcase classname="Sprint 16: i18n 字典 CDN 化 build:i18n 脚本 + 产物 生成 errors.en-US.json" name="Sprint 16: i18n 字典 CDN 化 build:i18n 脚本 + 产物 生成 errors.en-US.json" time="0">
    </testcase>
    <testcase classname="Sprint 16: i18n 字典 CDN 化 build:i18n 脚本 + 产物 生成 errors.ja-JP.json" name="Sprint 16: i18n 字典 CDN 化 build:i18n 脚本 + 产物 生成 errors.ja-JP.json" time="0">
    </testcase>
    <testcase classname="Sprint 16: i18n 字典 CDN 化 build:i18n 脚本 + 产物 生成 errors.all.json" name="Sprint 16: i18n 字典 CDN 化 build:i18n 脚本 + 产物 生成 errors.all.json" time="0.001">
    </testcase>
    <testcase classname="Sprint 16: i18n 字典 CDN 化 build:i18n 脚本 + 产物 生成 biz.zh-CN/en-US/ja-JP.json 各一份" name="Sprint 16: i18n 字典 CDN 化 build:i18n 脚本 + 产物 生成 biz.zh-CN/en-US/ja-JP.json 各一份" time="0">
    </testcase>
    <testcase classname="Sprint 16: i18n 字典 CDN 化 build:i18n 脚本 + 产物 生成 merged.zh-CN/en-US/ja-JP.json 各一份" name="Sprint 16: i18n 字典 CDN 化 build:i18n 脚本 + 产物 生成 merged.zh-CN/en-US/ja-JP.json 各一份" time="0">
    </testcase>
    <testcase classname="Sprint 16: i18n 字典 CDN 化 build:i18n 脚本 + 产物 生成 manifest.json" name="Sprint 16: i18n 字典 CDN 化 build:i18n 脚本 + 产物 生成 manifest.json" time="0">
    </testcase>
    <testcase classname="Sprint 16: i18n 字典 CDN 化 build:i18n 脚本 + 产物 生成 types/i18n-cdn.d.ts" name="Sprint 16: i18n 字典 CDN 化 build:i18n 脚本 + 产物 生成 types/i18n-cdn.d.ts" time="0">
    </testcase>
    <testcase classname="Sprint 16: i18n 字典 CDN 化 errors.{locale}.json 内容 zh-CN 含核心 code" name="Sprint 16: i18n 字典 CDN 化 errors.{locale}.json 内容 zh-CN 含核心 code" time="0">
    </testcase>
    <testcase classname="Sprint 16: i18n 字典 CDN 化 errors.{locale}.json 内容 en-US 含核心 code（英文）" name="Sprint 16: i18n 字典 CDN 化 errors.{locale}.json 内容 en-US 含核心 code（英文）" time="0.001">
    </testcase>
    <testcase classname="Sprint 16: i18n 字典 CDN 化 errors.{locale}.json 内容 ja-JP 含核心 code（日文）" name="Sprint 16: i18n 字典 CDN 化 errors.{locale}.json 内容 ja-JP 含核心 code（日文）" time="0">
    </testcase>
    <testcase classname="Sprint 16: i18n 字典 CDN 化 errors.{locale}.json 内容 三个 locale 的 code 数与云端字典一致" name="Sprint 16: i18n 字典 CDN 化 errors.{locale}.json 内容 三个 locale 的 code 数与云端字典一致" time="0">
    </testcase>
    <testcase classname="Sprint 16: i18n 字典 CDN 化 errors.{locale}.json 内容 每个 code 在三个 locale 都有非空翻译" name="Sprint 16: i18n 字典 CDN 化 errors.{locale}.json 内容 每个 code 在三个 locale 都有非空翻译" time="0.018">
    </testcase>
    <testcase classname="Sprint 16: i18n 字典 CDN 化 merged.{locale}.json 合并字典 merged.zh-CN 含错误码 + 业务文案" name="Sprint 16: i18n 字典 CDN 化 merged.{locale}.json 合并字典 merged.zh-CN 含错误码 + 业务文案" time="0.002">
    </testcase>
    <testcase classname="Sprint 16: i18n 字典 CDN 化 merged.{locale}.json 合并字典 merged.en-US 含错误码 + 业务文案" name="Sprint 16: i18n 字典 CDN 化 merged.{locale}.json 合并字典 merged.en-US 含错误码 + 业务文案" time="0">
    </testcase>
    <testcase classname="Sprint 16: i18n 字典 CDN 化 merged.{locale}.json 合并字典 merged.ja-JP 含错误码 + 业务文案" name="Sprint 16: i18n 字典 CDN 化 merged.{locale}.json 合并字典 merged.ja-JP 含错误码 + 业务文案" time="0.001">
    </testcase>
    <testcase classname="Sprint 16: i18n 字典 CDN 化 merged.{locale}.json 合并字典 merged entry 数 = 错误码数 + 业务文案数（去重后）" name="Sprint 16: i18n 字典 CDN 化 merged.{locale}.json 合并字典 merged entry 数 = 错误码数 + 业务文案数（去重后）" time="0">
    </testcase>
    <testcase classname="Sprint 16: i18n 字典 CDN 化 manifest.json 含 version 字段（8 位日期）" name="Sprint 16: i18n 字典 CDN 化 manifest.json 含 version 字段（8 位日期）" time="0.001">
    </testcase>
    <testcase classname="Sprint 16: i18n 字典 CDN 化 manifest.json 含 generatedAt 字段（ISO 8601）" name="Sprint 16: i18n 字典 CDN 化 manifest.json 含 generatedAt 字段（ISO 8601）" time="0">
    </testcase>
    <testcase classname="Sprint 16: i18n 字典 CDN 化 manifest.json locales 数组含 3 个语言" name="Sprint 16: i18n 字典 CDN 化 manifest.json locales 数组含 3 个语言" time="0">
    </testcase>
    <testcase classname="Sprint 16: i18n 字典 CDN 化 manifest.json codeCount 与 bizCount 正确" name="Sprint 16: i18n 字典 CDN 化 manifest.json codeCount 与 bizCount 正确" time="0">
    </testcase>
    <testcase classname="Sprint 16: i18n 字典 CDN 化 manifest.json files 字段列出所有 JSON" name="Sprint 16: i18n 字典 CDN 化 manifest.json files 字段列出所有 JSON" time="0">
    </testcase>
    <testcase classname="Sprint 16: i18n 字典 CDN 化 types/i18n-cdn.d.ts 声明 I18nLocale 类型" name="Sprint 16: i18n 字典 CDN 化 types/i18n-cdn.d.ts 声明 I18nLocale 类型" time="0">
    </testcase>
    <testcase classname="Sprint 16: i18n 字典 CDN 化 types/i18n-cdn.d.ts I18nLocale 含 3 个 locale 字符串字面量" name="Sprint 16: i18n 字典 CDN 化 types/i18n-cdn.d.ts I18nLocale 含 3 个 locale 字符串字面量" time="0">
    </testcase>
    <testcase classname="Sprint 16: i18n 字典 CDN 化 types/i18n-cdn.d.ts 声明 I18nManifest 接口" name="Sprint 16: i18n 字典 CDN 化 types/i18n-cdn.d.ts 声明 I18nManifest 接口" time="0">
    </testcase>
    <testcase classname="Sprint 16: i18n 字典 CDN 化 types/i18n-cdn.d.ts 声明 fetchI18nDictionary 函数" name="Sprint 16: i18n 字典 CDN 化 types/i18n-cdn.d.ts 声明 fetchI18nDictionary 函数" time="0">
    </testcase>
    <testcase classname="Sprint 16: i18n 字典 CDN 化 types/i18n-cdn.d.ts 头部含生成注释" name="Sprint 16: i18n 字典 CDN 化 types/i18n-cdn.d.ts 头部含生成注释" time="0">
    </testcase>
    <testcase classname="Sprint 16: i18n 字典 CDN 化 errors.all.json 全量字典 含 locales 数组" name="Sprint 16: i18n 字典 CDN 化 errors.all.json 全量字典 含 locales 数组" time="0">
    </testcase>
    <testcase classname="Sprint 16: i18n 字典 CDN 化 errors.all.json 全量字典 codes 字段含完整 DEFAULT_I18N" name="Sprint 16: i18n 字典 CDN 化 errors.all.json 全量字典 codes 字段含完整 DEFAULT_I18N" time="0">
    </testcase>
    <testcase classname="Sprint 16: i18n 字典 CDN 化 errors.all.json 全量字典 groups 字段含完整 ERROR_CODE_GROUPS" name="Sprint 16: i18n 字典 CDN 化 errors.all.json 全量字典 groups 字段含完整 ERROR_CODE_GROUPS" time="0">
    </testcase>
    <testcase classname="Sprint 16: i18n 字典 CDN 化 JSON 体积（紧凑格式验证） merged.zh-CN.json 体积 &lt; 14KB" name="Sprint 16: i18n 字典 CDN 化 JSON 体积（紧凑格式验证） merged.zh-CN.json 体积 &lt; 14KB" time="0.001">
    </testcase>
    <testcase classname="Sprint 16: i18n 字典 CDN 化 JSON 体积（紧凑格式验证） merged.en-US.json 体积 &lt; 28KB" name="Sprint 16: i18n 字典 CDN 化 JSON 体积（紧凑格式验证） merged.en-US.json 体积 &lt; 28KB" time="0">
    </testcase>
    <testcase classname="Sprint 16: i18n 字典 CDN 化 JSON 体积（紧凑格式验证） merged.ja-JP.json 体积 &lt; 32KB（日文较长）" name="Sprint 16: i18n 字典 CDN 化 JSON 体积（紧凑格式验证） merged.ja-JP.json 体积 &lt; 32KB（日文较长）" time="0">
    </testcase>
    <testcase classname="Sprint 16: i18n 字典 CDN 化 JSON 体积（紧凑格式验证） JSON 无多余空白（紧凑）" name="Sprint 16: i18n 字典 CDN 化 JSON 体积（紧凑格式验证） JSON 无多余空白（紧凑）" time="0">
    </testcase>
    <testcase classname="Sprint 16: loadFromCdn 行为 loadFromCdn 暴露为公共 API" name="Sprint 16: loadFromCdn 行为 loadFromCdn 暴露为公共 API" time="0.001">
    </testcase>
    <testcase classname="Sprint 16: loadFromCdn 行为 URL 模板替换 {{locale}}" name="Sprint 16: loadFromCdn 行为 URL 模板替换 {{locale}}" time="0">
    </testcase>
    <testcase classname="Sprint 16: loadFromCdn 行为 显式指定 locale 时不读 currentLocale" name="Sprint 16: loadFromCdn 行为 显式指定 locale 时不读 currentLocale" time="0">
    </testcase>
    <testcase classname="Sprint 16: loadFromCdn 行为 加载成功时将 CDN 字典注入 override" name="Sprint 16: loadFromCdn 行为 加载成功时将 CDN 字典注入 override" time="0">
    </testcase>
    <testcase classname="Sprint 16: loadFromCdn 行为 加载成功后其他 locale 不受影响" name="Sprint 16: loadFromCdn 行为 加载成功后其他 locale 不受影响" time="0.003">
    </testcase>
    <testcase classname="Sprint 16: loadFromCdn 行为 加载成功时持久化 URL 到 storage" name="Sprint 16: loadFromCdn 行为 加载成功时持久化 URL 到 storage" time="0.001">
    </testcase>
    <testcase classname="Sprint 16: loadFromCdn 行为 CDN 失败时不抛错，回落到内置字典" name="Sprint 16: loadFromCdn 行为 CDN 失败时不抛错，回落到内置字典" time="0.001">
    </testcase>
    <testcase classname="Sprint 16: loadFromCdn 行为 CDN 返回非对象时不抛错" name="Sprint 16: loadFromCdn 行为 CDN 返回非对象时不抛错" time="0">
    </testcase>
    <testcase classname="Sprint 16: loadFromCdn 行为 CDN 返回空对象时不抛错" name="Sprint 16: loadFromCdn 行为 CDN 返回空对象时不抛错" time="0">
    </testcase>
    <testcase classname="Sprint 16: loadFromCdn 行为 CDN 包含业务文案时一并覆盖" name="Sprint 16: loadFromCdn 行为 CDN 包含业务文案时一并覆盖" time="0.001">
    </testcase>
    <testcase classname="Sprint 16: loadFromCdn 行为 CDN 字典与默认字典可叠加（部分覆盖）" name="Sprint 16: loadFromCdn 行为 CDN 字典与默认字典可叠加（部分覆盖）" time="0.001">
    </testcase>
    <testcase classname="Sprint 16: loadFromCdn 行为 loadFromCdn 返回的 url 是替换后的真实 URL" name="Sprint 16: loadFromCdn 行为 loadFromCdn 返回的 url 是替换后的真实 URL" time="0">
    </testcase>
    <testcase classname="Sprint 16: loadFromCdn 行为 URL 不带 {{locale}} 占位时直接使用" name="Sprint 16: loadFromCdn 行为 URL 不带 {{locale}} 占位时直接使用" time="0.001">
    </testcase>
    <testcase classname="Sprint 16: loadFromCdn 行为 空 URL 模板时立即返回错误（不调用 wx.request）" name="Sprint 16: loadFromCdn 行为 空 URL 模板时立即返回错误（不调用 wx.request）" time="0">
    </testcase>
    <testcase classname="Sprint 16: loadFromCdn 行为 无 wx 环境时立即返回 no_wx（不抛错）" name="Sprint 16: loadFromCdn 行为 无 wx 环境时立即返回 no_wx（不抛错）" time="0">
    </testcase>
  </testsuite>
  <testsuite name="Sprint 15: 错误码 i18n 字典" errors="0" failures="0" skipped="0" timestamp="2026-06-06T05:37:35" time="0.116" tests="31">
    <testcase classname="Sprint 15: 错误码 i18n 字典 源文件 / 产物 errors-i18n.ts 源文件存在" name="Sprint 15: 错误码 i18n 字典 源文件 / 产物 errors-i18n.ts 源文件存在" time="0">
    </testcase>
    <testcase classname="Sprint 15: 错误码 i18n 字典 源文件 / 产物 errors-i18n.js 编译产物存在" name="Sprint 15: 错误码 i18n 字典 源文件 / 产物 errors-i18n.js 编译产物存在" time="0">
    </testcase>
    <testcase classname="Sprint 15: 错误码 i18n 字典 源文件 / 产物 产物导出公共 API" name="Sprint 15: 错误码 i18n 字典 源文件 / 产物 产物导出公共 API" time="0">
    </testcase>
    <testcase classname="Sprint 15: 错误码 i18n 字典 DEFAULT_I18N 字典内容 覆盖核心错误码（≥ 30 个）" name="Sprint 15: 错误码 i18n 字典 DEFAULT_I18N 字典内容 覆盖核心错误码（≥ 30 个）" time="0.001">
    </testcase>
    <testcase classname="Sprint 15: 错误码 i18n 字典 DEFAULT_I18N 字典内容 每个 code 至少含 zh-CN 文案" name="Sprint 15: 错误码 i18n 字典 DEFAULT_I18N 字典内容 每个 code 至少含 zh-CN 文案" time="0.018">
    </testcase>
    <testcase classname="Sprint 15: 错误码 i18n 字典 DEFAULT_I18N 字典内容 每个 code 含 en-US 文案（英文）" name="Sprint 15: 错误码 i18n 字典 DEFAULT_I18N 字典内容 每个 code 含 en-US 文案（英文）" time="0.001">
    </testcase>
    <testcase classname="Sprint 15: 错误码 i18n 字典 DEFAULT_I18N 字典内容 每个 code 含 ja-JP 文案（日文）" name="Sprint 15: 错误码 i18n 字典 DEFAULT_I18N 字典内容 每个 code 含 ja-JP 文案（日文）" time="0">
    </testcase>
    <testcase classname="Sprint 15: 错误码 i18n 字典 DEFAULT_I18N 字典内容 含 Sprint 14 新增的 3 个风控码" name="Sprint 15: 错误码 i18n 字典 DEFAULT_I18N 字典内容 含 Sprint 14 新增的 3 个风控码" time="0.001">
    </testcase>
    <testcase classname="Sprint 15: 错误码 i18n 字典 resolveI18nMessage 行为 zh-CN 默认 locale" name="Sprint 15: 错误码 i18n 字典 resolveI18nMessage 行为 zh-CN 默认 locale" time="0">
    </testcase>
    <testcase classname="Sprint 15: 错误码 i18n 字典 resolveI18nMessage 行为 en-US locale" name="Sprint 15: 错误码 i18n 字典 resolveI18nMessage 行为 en-US locale" time="0">
    </testcase>
    <testcase classname="Sprint 15: 错误码 i18n 字典 resolveI18nMessage 行为 ja-JP locale" name="Sprint 15: 错误码 i18n 字典 resolveI18nMessage 行为 ja-JP locale" time="0">
    </testcase>
    <testcase classname="Sprint 15: 错误码 i18n 字典 resolveI18nMessage 行为 缺省参数默认 zh-CN" name="Sprint 15: 错误码 i18n 字典 resolveI18nMessage 行为 缺省参数默认 zh-CN" time="0">
    </testcase>
    <testcase classname="Sprint 15: 错误码 i18n 字典 resolveI18nMessage 行为 customOverrides 优先级最高" name="Sprint 15: 错误码 i18n 字典 resolveI18nMessage 行为 customOverrides 优先级最高" time="0.001">
    </testcase>
    <testcase classname="Sprint 15: 错误码 i18n 字典 resolveI18nMessage 行为 未知 code 返回 code 字面量" name="Sprint 15: 错误码 i18n 字典 resolveI18nMessage 行为 未知 code 返回 code 字面量" time="0">
    </testcase>
    <testcase classname="Sprint 15: 错误码 i18n 字典 resolveI18nMessage 行为 缺翻译降级到 zh-CN" name="Sprint 15: 错误码 i18n 字典 resolveI18nMessage 行为 缺翻译降级到 zh-CN" time="0">
    </testcase>
    <testcase classname="Sprint 15: 错误码 i18n 字典 ERROR_CODE_GROUPS 分组 AUTH_REQUIRED → auth" name="Sprint 15: 错误码 i18n 字典 ERROR_CODE_GROUPS 分组 AUTH_REQUIRED → auth" time="0.001">
    </testcase>
    <testcase classname="Sprint 15: 错误码 i18n 字典 ERROR_CODE_GROUPS 分组 ORDER_NOT_FOUND → not_found" name="Sprint 15: 错误码 i18n 字典 ERROR_CODE_GROUPS 分组 ORDER_NOT_FOUND → not_found" time="0">
    </testcase>
    <testcase classname="Sprint 15: 错误码 i18n 字典 ERROR_CODE_GROUPS 分组 RISK_* → risk" name="Sprint 15: 错误码 i18n 字典 ERROR_CODE_GROUPS 分组 RISK_* → risk" time="0">
    </testcase>
    <testcase classname="Sprint 15: 错误码 i18n 字典 ERROR_CODE_GROUPS 分组 INTERNAL_ERROR → system" name="Sprint 15: 错误码 i18n 字典 ERROR_CODE_GROUPS 分组 INTERNAL_ERROR → system" time="0">
    </testcase>
    <testcase classname="Sprint 15: 错误码 i18n 字典 ERROR_CODE_GROUPS 分组 分组数与 code 数一致（无遗漏）" name="Sprint 15: 错误码 i18n 字典 ERROR_CODE_GROUPS 分组 分组数与 code 数一致（无遗漏）" time="0">
    </testcase>
    <testcase classname="Sprint 15: 错误码 i18n 字典 getCodesByGroup auth 组含 AUTH_REQUIRED / TOKEN_EXPIRED 等" name="Sprint 15: 错误码 i18n 字典 getCodesByGroup auth 组含 AUTH_REQUIRED / TOKEN_EXPIRED 等" time="0.001">
    </testcase>
    <testcase classname="Sprint 15: 错误码 i18n 字典 getCodesByGroup risk 组含 RISK_* 三档" name="Sprint 15: 错误码 i18n 字典 getCodesByGroup risk 组含 RISK_* 三档" time="0">
    </testcase>
    <testcase classname="Sprint 15: 错误码 i18n 字典 getCodesByGroup 空组返回空数组" name="Sprint 15: 错误码 i18n 字典 getCodesByGroup 空组返回空数组" time="0">
    </testcase>
    <testcase classname="Sprint 15: 错误码 i18n 字典 exportLocaleDictionary 批量导出 zh-CN 批量导出键值对" name="Sprint 15: 错误码 i18n 字典 exportLocaleDictionary 批量导出 zh-CN 批量导出键值对" time="0.001">
    </testcase>
    <testcase classname="Sprint 15: 错误码 i18n 字典 exportLocaleDictionary 批量导出 en-US 批量导出键值对" name="Sprint 15: 错误码 i18n 字典 exportLocaleDictionary 批量导出 en-US 批量导出键值对" time="0">
    </testcase>
    <testcase classname="Sprint 15: 错误码 i18n 字典 exportLocaleDictionary 批量导出 ja-JP 批量导出键值对" name="Sprint 15: 错误码 i18n 字典 exportLocaleDictionary 批量导出 ja-JP 批量导出键值对" time="0">
    </testcase>
    <testcase classname="Sprint 15: 错误码 i18n 字典 exportLocaleDictionary 批量导出 导出键数 = DEFAULT_I18N 键数" name="Sprint 15: 错误码 i18n 字典 exportLocaleDictionary 批量导出 导出键数 = DEFAULT_I18N 键数" time="0">
    </testcase>
    <testcase classname="Sprint 15: 错误码 i18n 字典 exportLocaleDictionary 批量导出 customOverrides 同样作用于批量导出" name="Sprint 15: 错误码 i18n 字典 exportLocaleDictionary 批量导出 customOverrides 同样作用于批量导出" time="0">
    </testcase>
    <testcase classname="Sprint 15: 错误码 i18n 字典 类型安全（.ts 源码层面） 导出 Locale 类型" name="Sprint 15: 错误码 i18n 字典 类型安全（.ts 源码层面） 导出 Locale 类型" time="0.001">
    </testcase>
    <testcase classname="Sprint 15: 错误码 i18n 字典 类型安全（.ts 源码层面） 导出 I18nDictionary 类型" name="Sprint 15: 错误码 i18n 字典 类型安全（.ts 源码层面） 导出 I18nDictionary 类型" time="0">
    </testcase>
    <testcase classname="Sprint 15: 错误码 i18n 字典 类型安全（.ts 源码层面） 导出 ErrorGroup 类型" name="Sprint 15: 错误码 i18n 字典 类型安全（.ts 源码层面） 导出 ErrorGroup 类型" time="0">
    </testcase>
  </testsuite>
  <testsuite name="date-range.js" errors="0" failures="0" skipped="0" timestamp="2026-06-06T05:37:35" time="0.153" tests="28">
    <testcase classname="date-range.js RANGE_TYPES 应列出所有支持的 range" name="date-range.js RANGE_TYPES 应列出所有支持的 range" time="0.002">
    </testcase>
    <testcase classname="date-range.js startOfDay / endOfDay startOfDay 应归零时分秒" name="date-range.js startOfDay / endOfDay startOfDay 应归零时分秒" time="0.001">
    </testcase>
    <testcase classname="date-range.js startOfDay / endOfDay endOfDay 应设为 23:59:59.999" name="date-range.js startOfDay / endOfDay endOfDay 应设为 23:59:59.999" time="0.001">
    </testcase>
    <testcase classname="date-range.js startOfWeek（中国习惯，周一为一周第一天） 周三应返回本周一" name="date-range.js startOfWeek（中国习惯，周一为一周第一天） 周三应返回本周一" time="0.001">
    </testcase>
    <testcase classname="date-range.js startOfWeek（中国习惯，周一为一周第一天） 周日应返回上周一（向前 6 天）" name="date-range.js startOfWeek（中国习惯，周一为一周第一天） 周日应返回上周一（向前 6 天）" time="0">
    </testcase>
    <testcase classname="date-range.js startOfMonth / startOfQuarter / startOfYear startOfMonth 应为当月 1 日" name="date-range.js startOfMonth / startOfQuarter / startOfYear startOfMonth 应为当月 1 日" time="0">
    </testcase>
    <testcase classname="date-range.js startOfMonth / startOfQuarter / startOfYear startOfQuarter 应回到季度首月 1 日" name="date-range.js startOfMonth / startOfQuarter / startOfYear startOfQuarter 应回到季度首月 1 日" time="0.001">
    </testcase>
    <testcase classname="date-range.js startOfMonth / startOfQuarter / startOfYear startOfYear 应回到 1 月 1 日" name="date-range.js startOfMonth / startOfQuarter / startOfYear startOfYear 应回到 1 月 1 日" time="0">
    </testcase>
    <testcase classname="date-range.js getDateRange all 应返回 null" name="date-range.js getDateRange all 应返回 null" time="0.001">
    </testcase>
    <testcase classname="date-range.js getDateRange today 跨度应为 1 天" name="date-range.js getDateRange today 跨度应为 1 天" time="0">
    </testcase>
    <testcase classname="date-range.js getDateRange yesterday 应是 [昨天 00:00, 今天 00:00)" name="date-range.js getDateRange yesterday 应是 [昨天 00:00, 今天 00:00)" time="0">
    </testcase>
    <testcase classname="date-range.js getDateRange week 应为 [本周一, 下周一)" name="date-range.js getDateRange week 应为 [本周一, 下周一)" time="0">
    </testcase>
    <testcase classname="date-range.js getDateRange month 应为 [本月 1 日, 下月 1 日)" name="date-range.js getDateRange month 应为 [本月 1 日, 下月 1 日)" time="0.001">
    </testcase>
    <testcase classname="date-range.js getDateRange last7 跨度应为 7 天" name="date-range.js getDateRange last7 跨度应为 7 天" time="0">
    </testcase>
    <testcase classname="date-range.js getDateRange last30 跨度应为 30 天" name="date-range.js getDateRange last30 跨度应为 30 天" time="0">
    </testcase>
    <testcase classname="date-range.js getDateRange quarter 跨度应为 3 个月" name="date-range.js getDateRange quarter 跨度应为 3 个月" time="0">
    </testcase>
    <testcase classname="date-range.js getDateRange year 跨度应为 1 年" name="date-range.js getDateRange year 跨度应为 1 年" time="0">
    </testcase>
    <testcase classname="date-range.js getDateRange 未知 range 应抛错" name="date-range.js getDateRange 未知 range 应抛错" time="0.018">
    </testcase>
    <testcase classname="date-range.js buildRangeQuery all 应返回 null" name="date-range.js buildRangeQuery all 应返回 null" time="0">
    </testcase>
    <testcase classname="date-range.js buildRangeQuery 应返回包含 _field / _gte / _lt 的描述符" name="date-range.js buildRangeQuery 应返回包含 _field / _gte / _lt 的描述符" time="0.001">
    </testcase>
    <testcase classname="date-range.js diffDays 应正确计算天差" name="date-range.js diffDays 应正确计算天差" time="0">
    </testcase>
    <testcase classname="date-range.js diffDays 同日应为 0" name="date-range.js diffDays 同日应为 0" time="0">
    </testcase>
    <testcase classname="date-range.js diffDays 应接受字符串（YYYY-MM-DD）" name="date-range.js diffDays 应接受字符串（YYYY-MM-DD）" time="0">
    </testcase>
    <testcase classname="date-range.js diffDays 应接受 ISO 字符串" name="date-range.js diffDays 应接受 ISO 字符串" time="0.001">
    </testcase>
    <testcase classname="date-range.js diffDays 无效日期应抛错" name="date-range.js diffDays 无效日期应抛错" time="0.001">
    </testcase>
    <testcase classname="date-range.js formatDate 应输出 YYYY-MM-DD" name="date-range.js formatDate 应输出 YYYY-MM-DD" time="0">
    </testcase>
    <testcase classname="date-range.js lastNDates 应返回 N 个日期（按时间正序）" name="date-range.js lastNDates 应返回 N 个日期（按时间正序）" time="0">
    </testcase>
    <testcase classname="date-range.js lastNDates 天数错误应抛错" name="date-range.js lastNDates 天数错误应抛错" time="0.001">
    </testcase>
  </testsuite>
  <testsuite name="Sprint 21: rate-limit-store 全局限流存储" errors="0" failures="0" skipped="0" timestamp="2026-06-06T05:37:35" time="0.102" tests="29">
    <testcase classname="Sprint 21: rate-limit-store 全局限流存储 文件存在性 .ts 源文件存在" name="Sprint 21: rate-limit-store 全局限流存储 文件存在性 .ts 源文件存在" time="0.001">
    </testcase>
    <testcase classname="Sprint 21: rate-limit-store 全局限流存储 文件存在性 .js 编译产物存在" name="Sprint 21: rate-limit-store 全局限流存储 文件存在性 .js 编译产物存在" time="0">
    </testcase>
    <testcase classname="Sprint 21: rate-limit-store 全局限流存储 文件存在性 .d.ts 声明文件存在" name="Sprint 21: rate-limit-store 全局限流存储 文件存在性 .d.ts 声明文件存在" time="0">
    </testcase>
    <testcase classname="Sprint 21: rate-limit-store 全局限流存储 TS 源码契约 导出 GlobalRateLimitRecord 接口" name="Sprint 21: rate-limit-store 全局限流存储 TS 源码契约 导出 GlobalRateLimitRecord 接口" time="0.001">
    </testcase>
    <testcase classname="Sprint 21: rate-limit-store 全局限流存储 TS 源码契约 导出 GlobalRateLimitInput 接口" name="Sprint 21: rate-limit-store 全局限流存储 TS 源码契约 导出 GlobalRateLimitInput 接口" time="0">
    </testcase>
    <testcase classname="Sprint 21: rate-limit-store 全局限流存储 TS 源码契约 导出 GlobalRateLimitResult 接口" name="Sprint 21: rate-limit-store 全局限流存储 TS 源码契约 导出 GlobalRateLimitResult 接口" time="0">
    </testcase>
    <testcase classname="Sprint 21: rate-limit-store 全局限流存储 TS 源码契约 导出 GlobalRateLimitStore 接口" name="Sprint 21: rate-limit-store 全局限流存储 TS 源码契约 导出 GlobalRateLimitStore 接口" time="0">
    </testcase>
    <testcase classname="Sprint 21: rate-limit-store 全局限流存储 TS 源码契约 导出 buildKey 函数" name="Sprint 21: rate-limit-store 全局限流存储 TS 源码契约 导出 buildKey 函数" time="0">
    </testcase>
    <testcase classname="Sprint 21: rate-limit-store 全局限流存储 TS 源码契约 导出 consumeGlobalRateLimit 函数" name="Sprint 21: rate-limit-store 全局限流存储 TS 源码契约 导出 consumeGlobalRateLimit 函数" time="0">
    </testcase>
    <testcase classname="Sprint 21: rate-limit-store 全局限流存储 TS 源码契约 导出 peekGlobalRateLimit 函数" name="Sprint 21: rate-limit-store 全局限流存储 TS 源码契约 导出 peekGlobalRateLimit 函数" time="0">
    </testcase>
    <testcase classname="Sprint 21: rate-limit-store 全局限流存储 TS 源码契约 导出 cleanupExpiredRateLimits 函数" name="Sprint 21: rate-limit-store 全局限流存储 TS 源码契约 导出 cleanupExpiredRateLimits 函数" time="0">
    </testcase>
    <testcase classname="Sprint 21: rate-limit-store 全局限流存储 buildKey 函数 global scope：g:userId|type" name="Sprint 21: rate-limit-store 全局限流存储 buildKey 函数 global scope：g:userId|type" time="0">
    </testcase>
    <testcase classname="Sprint 21: rate-limit-store 全局限流存储 buildKey 函数 target scope：t:userId|type|targetId" name="Sprint 21: rate-limit-store 全局限流存储 buildKey 函数 target scope：t:userId|type|targetId" time="0">
    </testcase>
    <testcase classname="Sprint 21: rate-limit-store 全局限流存储 buildKey 函数 target scope 无 targetId 退化为空串" name="Sprint 21: rate-limit-store 全局限流存储 buildKey 函数 target scope 无 targetId 退化为空串" time="0">
    </testcase>
    <testcase classname="Sprint 21: rate-limit-store 全局限流存储 consumeGlobalRateLimit 未配置 store 抛 INTERNAL_ERROR" name="Sprint 21: rate-limit-store 全局限流存储 consumeGlobalRateLimit 未配置 store 抛 INTERNAL_ERROR" time="0.001">
    </testcase>
    <testcase classname="Sprint 21: rate-limit-store 全局限流存储 consumeGlobalRateLimit 首次消费：allowed=true，count=1" name="Sprint 21: rate-limit-store 全局限流存储 consumeGlobalRateLimit 首次消费：allowed=true，count=1" time="0.002">
    </testcase>
    <testcase classname="Sprint 21: rate-limit-store 全局限流存储 consumeGlobalRateLimit 窗口内连续消费：count 累加" name="Sprint 21: rate-limit-store 全局限流存储 consumeGlobalRateLimit 窗口内连续消费：count 累加" time="0.002">
    </testcase>
    <testcase classname="Sprint 21: rate-limit-store 全局限流存储 consumeGlobalRateLimit 窗口内第 N+1 次：allowed=false" name="Sprint 21: rate-limit-store 全局限流存储 consumeGlobalRateLimit 窗口内第 N+1 次：allowed=false" time="0">
    </testcase>
    <testcase classname="Sprint 21: rate-limit-store 全局限流存储 consumeGlobalRateLimit 窗口过期后重新计数" name="Sprint 21: rate-limit-store 全局限流存储 consumeGlobalRateLimit 窗口过期后重新计数" time="0">
    </testcase>
    <testcase classname="Sprint 21: rate-limit-store 全局限流存储 consumeGlobalRateLimit target 维度：targetId 不同时互不影响" name="Sprint 21: rate-limit-store 全局限流存储 consumeGlobalRateLimit target 维度：targetId 不同时互不影响" time="0">
    </testcase>
    <testcase classname="Sprint 21: rate-limit-store 全局限流存储 consumeGlobalRateLimit 不同 user 互不影响" name="Sprint 21: rate-limit-store 全局限流存储 consumeGlobalRateLimit 不同 user 互不影响" time="0">
    </testcase>
    <testcase classname="Sprint 21: rate-limit-store 全局限流存储 peekGlobalRateLimit 无记录返回 null" name="Sprint 21: rate-limit-store 全局限流存储 peekGlobalRateLimit 无记录返回 null" time="0">
    </testcase>
    <testcase classname="Sprint 21: rate-limit-store 全局限流存储 peekGlobalRateLimit 有记录但未消费：返回当前 count" name="Sprint 21: rate-limit-store 全局限流存储 peekGlobalRateLimit 有记录但未消费：返回当前 count" time="0">
    </testcase>
    <testcase classname="Sprint 21: rate-limit-store 全局限流存储 peekGlobalRateLimit 窗口外返回 null" name="Sprint 21: rate-limit-store 全局限流存储 peekGlobalRateLimit 窗口外返回 null" time="0.001">
    </testcase>
    <testcase classname="Sprint 21: rate-limit-store 全局限流存储 cleanupExpiredRateLimits 清理 expireAt &lt; now 的记录" name="Sprint 21: rate-limit-store 全局限流存储 cleanupExpiredRateLimits 清理 expireAt &lt; now 的记录" time="0">
    </testcase>
    <testcase classname="Sprint 21: rate-limit-store 全局限流存储 cleanupExpiredRateLimits 未配置 store 返回 0" name="Sprint 21: rate-limit-store 全局限流存储 cleanupExpiredRateLimits 未配置 store 返回 0" time="0">
    </testcase>
    <testcase classname="Sprint 21: rate-limit-store 全局限流存储 getGlobalRateLimitStats 空 store 返回全 0" name="Sprint 21: rate-limit-store 全局限流存储 getGlobalRateLimitStats 空 store 返回全 0" time="0.001">
    </testcase>
    <testcase classname="Sprint 21: rate-limit-store 全局限流存储 getGlobalRateLimitStats 混合 global + target 记录统计正确" name="Sprint 21: rate-limit-store 全局限流存储 getGlobalRateLimitStats 混合 global + target 记录统计正确" time="0">
    </testcase>
    <testcase classname="Sprint 21: rate-limit-store 全局限流存储 与 risk-rate-limit.ts 集成 setGlobalRateLimitStore 后 withRateLimit 使用全局 store" name="Sprint 21: rate-limit-store 全局限流存储 与 risk-rate-limit.ts 集成 setGlobalRateLimitStore 后 withRateLimit 使用全局 store" time="0.005">
    </testcase>
  </testsuite>
  <testsuite name="paymentService/pay" errors="0" failures="0" skipped="0" timestamp="2026-06-06T05:37:35" time="0.102" tests="20">
    <testcase classname="paymentService/pay createPayment - 参数校验 缺少 type / orderId / amount 应抛 INVALID_PARAMS" name="paymentService/pay createPayment - 参数校验 缺少 type / orderId / amount 应抛 INVALID_PARAMS" time="0">
    </testcase>
    <testcase classname="paymentService/pay createPayment - 参数校验 amount &lt;= 0 应抛 INVALID_PARAMS" name="paymentService/pay createPayment - 参数校验 amount &lt;= 0 应抛 INVALID_PARAMS" time="0.001">
    </testcase>
    <testcase classname="paymentService/pay createPayment - 参数校验 未登录应抛 AUTH_REQUIRED" name="paymentService/pay createPayment - 参数校验 未登录应抛 AUTH_REQUIRED" time="0">
    </testcase>
    <testcase classname="paymentService/pay createPayment - 参数校验 不支持的 type 应抛 INVALID_PARAMS" name="paymentService/pay createPayment - 参数校验 不支持的 type 应抛 INVALID_PARAMS" time="0">
    </testcase>
    <testcase classname="paymentService/pay createPayment - 参数校验 订单不存在应抛 ORDER_NOT_FOUND" name="paymentService/pay createPayment - 参数校验 订单不存在应抛 ORDER_NOT_FOUND" time="0">
    </testcase>
    <testcase classname="paymentService/pay createPayment - 参数校验 订单已支付应抛 ORDER_ALREADY_PAID" name="paymentService/pay createPayment - 参数校验 订单已支付应抛 ORDER_ALREADY_PAID" time="0">
    </testcase>
    <testcase classname="paymentService/pay createPayment - 参数校验 金额不符应抛 PAYMENT_AMOUNT_MISMATCH" name="paymentService/pay createPayment - 参数校验 金额不符应抛 PAYMENT_AMOUNT_MISMATCH" time="0">
    </testcase>
    <testcase classname="paymentService/pay createPayment - 正常流程 成功创建支付单应返回 prepay 参数" name="paymentService/pay createPayment - 正常流程 成功创建支付单应返回 prepay 参数" time="0.007">
    </testcase>
    <testcase classname="paymentService/pay createPayment - 正常流程 未获取到 prepay_id 应抛 WECHAT_API_ERROR" name="paymentService/pay createPayment - 正常流程 未获取到 prepay_id 应抛 WECHAT_API_ERROR" time="0.004">
    </testcase>
    <testcase classname="paymentService/pay createPayment - 正常流程 微信支付 API 抛错应返回 handleError（不抛）" name="paymentService/pay createPayment - 正常流程 微信支付 API 抛错应返回 handleError（不抛）" time="0.002">
    </testcase>
    <testcase classname="paymentService/pay getOrderType (内部函数通过 outTradeNo 推断) 未知前缀应抛 INVALID_PARAMS" name="paymentService/pay getOrderType (内部函数通过 outTradeNo 推断) 未知前缀应抛 INVALID_PARAMS" time="0.001">
    </testcase>
    <testcase classname="paymentService/pay confirmPayment 未支付完成返回 paid=false" name="paymentService/pay confirmPayment 未支付完成返回 paid=false" time="0">
    </testcase>
    <testcase classname="paymentService/pay confirmPayment 合法转移 unpaid → paid 成功" name="paymentService/pay confirmPayment 合法转移 unpaid → paid 成功" time="0.027">
    </testcase>
    <testcase classname="paymentService/pay confirmPayment 已 paid 重复确认返回 alreadyConfirmed=true" name="paymentService/pay confirmPayment 已 paid 重复确认返回 alreadyConfirmed=true" time="0">
    </testcase>
    <testcase classname="paymentService/pay confirmPayment 状态机拒绝非法转移抛 STATE_INVALID" name="paymentService/pay confirmPayment 状态机拒绝非法转移抛 STATE_INVALID" time="0">
    </testcase>
    <testcase classname="paymentService/pay closePayment 缺少 outTradeNo 抛 INVALID_PARAMS" name="paymentService/pay closePayment 缺少 outTradeNo 抛 INVALID_PARAMS" time="0">
    </testcase>
    <testcase classname="paymentService/pay closePayment 正常关单返回成功" name="paymentService/pay closePayment 正常关单返回成功" time="0">
    </testcase>
    <testcase classname="paymentService/pay queryPayment 缺少 outTradeNo / transactionId 抛 INVALID_PARAMS" name="paymentService/pay queryPayment 缺少 outTradeNo / transactionId 抛 INVALID_PARAMS" time="0">
    </testcase>
    <testcase classname="paymentService/pay queryPayment 按 outTradeNo 查询成功" name="paymentService/pay queryPayment 按 outTradeNo 查询成功" time="0">
    </testcase>
    <testcase classname="paymentService/pay queryPayment 按 transactionId 查询时路径正确" name="paymentService/pay queryPayment 按 transactionId 查询时路径正确" time="0">
    </testcase>
  </testsuite>
  <testsuite name="hostService 加密迁移 v1(CBC) → v2(GCM)" errors="0" failures="0" skipped="0" timestamp="2026-06-06T05:37:34" time="1.506" tests="11">
    <testcase classname="hostService 加密迁移 v1(CBC) → v2(GCM) v2 GCM 加密/解密 加密结果以 gcm: 前缀开头" name="hostService 加密迁移 v1(CBC) → v2(GCM) v2 GCM 加密/解密 加密结果以 gcm: 前缀开头" time="0.154">
    </testcase>
    <testcase classname="hostService 加密迁移 v1(CBC) → v2(GCM) v2 GCM 加密/解密 加密后可解密回原文" name="hostService 加密迁移 v1(CBC) → v2(GCM) v2 GCM 加密/解密 加密后可解密回原文" time="0.136">
    </testcase>
    <testcase classname="hostService 加密迁移 v1(CBC) → v2(GCM) v2 GCM 加密/解密 同一明文两次加密结果不同（IV 随机）" name="hostService 加密迁移 v1(CBC) → v2(GCM) v2 GCM 加密/解密 同一明文两次加密结果不同（IV 随机）" time="0.053">
    </testcase>
    <testcase classname="hostService 加密迁移 v1(CBC) → v2(GCM) v2 GCM 加密/解密 明文相同密文不同时篡改后应解密失败" name="hostService 加密迁移 v1(CBC) → v2(GCM) v2 GCM 加密/解密 明文相同密文不同时篡改后应解密失败" time="0.114">
    </testcase>
    <testcase classname="hostService 加密迁移 v1(CBC) → v2(GCM) v2 GCM 加密/解密 空字符串应返回空" name="hostService 加密迁移 v1(CBC) → v2(GCM) v2 GCM 加密/解密 空字符串应返回空" time="0">
    </testcase>
    <testcase classname="hostService 加密迁移 v1(CBC) → v2(GCM) v1 CBC 兼容（迁移期解密） legacy_cbc: 前缀密文应能解密" name="hostService 加密迁移 v1(CBC) → v2(GCM) v1 CBC 兼容（迁移期解密） legacy_cbc: 前缀密文应能解密" time="0.333">
    </testcase>
    <testcase classname="hostService 加密迁移 v1(CBC) → v2(GCM) 双写模式（ENABLE_CBC_DUAL_WRITE） 未开启双写时仅返回 v2" name="hostService 加密迁移 v1(CBC) → v2(GCM) 双写模式（ENABLE_CBC_DUAL_WRITE） 未开启双写时仅返回 v2" time="0.084">
    </testcase>
    <testcase classname="hostService 加密迁移 v1(CBC) → v2(GCM) 双写模式（ENABLE_CBC_DUAL_WRITE） 开启双写时同时返回 v1 + v2" name="hostService 加密迁移 v1(CBC) → v2(GCM) 双写模式（ENABLE_CBC_DUAL_WRITE） 开启双写时同时返回 v1 + v2" time="0.07">
    </testcase>
    <testcase classname="hostService 加密迁移 v1(CBC) → v2(GCM) 密钥派生 缺少 ENCRYPT_KEY 应抛错" name="hostService 加密迁移 v1(CBC) → v2(GCM) 密钥派生 缺少 ENCRYPT_KEY 应抛错" time="0.001">
    </testcase>
    <testcase classname="hostService 加密迁移 v1(CBC) → v2(GCM) 密钥派生 ENCRYPT_KEY 长度不足应抛错" name="hostService 加密迁移 v1(CBC) → v2(GCM) 密钥派生 ENCRYPT_KEY 长度不足应抛错" time="0">
    </testcase>
    <testcase classname="hostService 加密迁移 v1(CBC) → v2(GCM) KEY_VERSION 常量 V1_CBC 应为 1，V2_GCM 应为 2" name="hostService 加密迁移 v1(CBC) → v2(GCM) KEY_VERSION 常量 V1_CBC 应为 1，V2_GCM 应为 2" time="0">
    </testcase>
  </testsuite>
  <testsuite name="集成测试：优惠券核销子链路" errors="0" failures="0" skipped="0" timestamp="2026-06-06T05:37:35" time="0.193" tests="27">
    <testcase classname="集成测试：优惠券核销子链路 calculateCouponDiscount（单元） 满减券：达标 → 减免 = reduceAmount" name="集成测试：优惠券核销子链路 calculateCouponDiscount（单元） 满减券：达标 → 减免 = reduceAmount" time="0.001">
    </testcase>
    <testcase classname="集成测试：优惠券核销子链路 calculateCouponDiscount（单元） 满减券：未达标 → ineligible" name="集成测试：优惠券核销子链路 calculateCouponDiscount（单元） 满减券：未达标 → ineligible" time="0">
    </testcase>
    <testcase classname="集成测试：优惠券核销子链路 calculateCouponDiscount（单元） 固定金额券：直接减 reduceAmount" name="集成测试：优惠券核销子链路 calculateCouponDiscount（单元） 固定金额券：直接减 reduceAmount" time="0">
    </testcase>
    <testcase classname="集成测试：优惠券核销子链路 calculateCouponDiscount（单元） 折扣券：按折扣率减" name="集成测试：优惠券核销子链路 calculateCouponDiscount（单元） 折扣券：按折扣率减" time="0">
    </testcase>
    <testcase classname="集成测试：优惠券核销子链路 calculateCouponDiscount（单元） 折扣券：maxReduceAmount 上限" name="集成测试：优惠券核销子链路 calculateCouponDiscount（单元） 折扣券：maxReduceAmount 上限" time="0">
    </testcase>
    <testcase classname="集成测试：优惠券核销子链路 calculateCouponDiscount（单元） 未知类型 → ineligible" name="集成测试：优惠券核销子链路 calculateCouponDiscount（单元） 未知类型 → ineligible" time="0">
    </testcase>
    <testcase classname="集成测试：优惠券核销子链路 calculateCouponDiscount（单元） 缺 rules → ineligible" name="集成测试：优惠券核销子链路 calculateCouponDiscount（单元） 缺 rules → ineligible" time="0">
    </testcase>
    <testcase classname="集成测试：优惠券核销子链路 calculateCouponDiscount（单元） 减免额不超订单金额" name="集成测试：优惠券核销子链路 calculateCouponDiscount（单元） 减免额不超订单金额" time="0">
    </testcase>
    <testcase classname="集成测试：优惠券核销子链路 calculateCouponDiscount（单元） 减免额保留 2 位小数" name="集成测试：优惠券核销子链路 calculateCouponDiscount（单元） 减免额保留 2 位小数" time="0.001">
    </testcase>
    <testcase classname="集成测试：优惠券核销子链路 claimCoupon：领取 正常领取 → user_coupons 写入一条 active 记录" name="集成测试：优惠券核销子链路 claimCoupon：领取 正常领取 → user_coupons 写入一条 active 记录" time="0.122">
    </testcase>
    <testcase classname="集成测试：优惠券核销子链路 claimCoupon：领取 模板不存在 → NOT_FOUND" name="集成测试：优惠券核销子链路 claimCoupon：领取 模板不存在 → NOT_FOUND" time="0.006">
    </testcase>
    <testcase classname="集成测试：优惠券核销子链路 claimCoupon：领取 超过 perUserLimit → COUPON_LIMIT_REACHED" name="集成测试：优惠券核销子链路 claimCoupon：领取 超过 perUserLimit → COUPON_LIMIT_REACHED" time="0.001">
    </testcase>
    <testcase classname="集成测试：优惠券核销子链路 claimCoupon：领取 模板已停用 → BUSINESS_ERROR" name="集成测试：优惠券核销子链路 claimCoupon：领取 模板已停用 → BUSINESS_ERROR" time="0.002">
    </testcase>
    <testcase classname="集成测试：优惠券核销子链路 claimCoupon：领取 缺 templateId → INVALID_PARAMS" name="集成测试：优惠券核销子链路 claimCoupon：领取 缺 templateId → INVALID_PARAMS" time="0.001">
    </testcase>
    <testcase classname="集成测试：优惠券核销子链路 lockCoupon：锁定 unused → locked 状态" name="集成测试：优惠券核销子链路 lockCoupon：锁定 unused → locked 状态" time="0">
    </testcase>
    <testcase classname="集成测试：优惠券核销子链路 lockCoupon：锁定 非 owner 调用 → PERMISSION_DENIED" name="集成测试：优惠券核销子链路 lockCoupon：锁定 非 owner 调用 → PERMISSION_DENIED" time="0.001">
    </testcase>
    <testcase classname="集成测试：优惠券核销子链路 lockCoupon：锁定 已锁定的券不能再锁定" name="集成测试：优惠券核销子链路 lockCoupon：锁定 已锁定的券不能再锁定" time="0.001">
    </testcase>
    <testcase classname="集成测试：优惠券核销子链路 lockCoupon：锁定 已使用的券不能再锁定" name="集成测试：优惠券核销子链路 lockCoupon：锁定 已使用的券不能再锁定" time="0">
    </testcase>
    <testcase classname="集成测试：优惠券核销子链路 lockCoupon：锁定 券不存在 → NOT_FOUND" name="集成测试：优惠券核销子链路 lockCoupon：锁定 券不存在 → NOT_FOUND" time="0.002">
    </testcase>
    <testcase classname="集成测试：优惠券核销子链路 useCoupon：核销 locked → used 状态" name="集成测试：优惠券核销子链路 useCoupon：核销 locked → used 状态" time="0">
    </testcase>
    <testcase classname="集成测试：优惠券核销子链路 useCoupon：核销 unused 状态的券不能直接核销（应先 lock）" name="集成测试：优惠券核销子链路 useCoupon：核销 unused 状态的券不能直接核销（应先 lock）" time="0.001">
    </testcase>
    <testcase classname="集成测试：优惠券核销子链路 useCoupon：核销 已 used 的券重复核销 → 拒绝" name="集成测试：优惠券核销子链路 useCoupon：核销 已 used 的券重复核销 → 拒绝" time="0.001">
    </testcase>
    <testcase classname="集成测试：优惠券核销子链路 useCoupon：核销 非 owner 调用 → PERMISSION_DENIED" name="集成测试：优惠券核销子链路 useCoupon：核销 非 owner 调用 → PERMISSION_DENIED" time="0.003">
    </testcase>
    <testcase classname="集成测试：优惠券核销子链路 unlockCoupon：解锁 locked → unused 状态" name="集成测试：优惠券核销子链路 unlockCoupon：解锁 locked → unused 状态" time="0.007">
    </testcase>
    <testcase classname="集成测试：优惠券核销子链路 unlockCoupon：解锁 已 used 的券不能 unlock" name="集成测试：优惠券核销子链路 unlockCoupon：解锁 已 used 的券不能 unlock" time="0.002">
    </testcase>
    <testcase classname="集成测试：优惠券核销子链路 状态机集成：领取 → 锁定 → 核销 完整闭环：unused → locked → used" name="集成测试：优惠券核销子链路 状态机集成：领取 → 锁定 → 核销 完整闭环：unused → locked → used" time="0.001">
    </testcase>
    <testcase classname="集成测试：优惠券核销子链路 handler 路由 未知 action 抛 INVALID_PARAMS（在 try-catch 越界处）" name="集成测试：优惠券核销子链路 handler 路由 未知 action 抛 INVALID_PARAMS（在 try-catch 越界处）" time="0">
    </testcase>
  </testsuite>
  <testsuite name="Sprint 15: utils.ts TypeScript 迁移" errors="0" failures="0" skipped="0" timestamp="2026-06-06T05:37:35" time="0.136" tests="25">
    <testcase classname="Sprint 15: utils.ts TypeScript 迁移 源文件 / 产物 utils.ts 源文件存在" name="Sprint 15: utils.ts TypeScript 迁移 源文件 / 产物 utils.ts 源文件存在" time="0.001">
    </testcase>
    <testcase classname="Sprint 15: utils.ts TypeScript 迁移 源文件 / 产物 utils.js 编译产物存在" name="Sprint 15: utils.ts TypeScript 迁移 源文件 / 产物 utils.js 编译产物存在" time="0">
    </testcase>
    <testcase classname="Sprint 15: utils.ts TypeScript 迁移 源文件 / 产物 utils.d.ts 由 tsc 自动生成（基于 utils.ts）" name="Sprint 15: utils.ts TypeScript 迁移 源文件 / 产物 utils.d.ts 由 tsc 自动生成（基于 utils.ts）" time="0.004">
    </testcase>
    <testcase classname="Sprint 15: utils.ts TypeScript 迁移 .ts 源码契约 导出 initCloud / ERROR_CODES / ERROR_MESSAGES" name="Sprint 15: utils.ts TypeScript 迁移 .ts 源码契约 导出 initCloud / ERROR_CODES / ERROR_MESSAGES" time="0.003">
    </testcase>
    <testcase classname="Sprint 15: utils.ts TypeScript 迁移 .ts 源码契约 导出 generateId / handleError / handleSuccess" name="Sprint 15: utils.ts TypeScript 迁移 .ts 源码契约 导出 generateId / handleError / handleSuccess" time="0.001">
    </testcase>
    <testcase classname="Sprint 15: utils.ts TypeScript 迁移 .ts 源码契约 导出 paginate / batchProcess" name="Sprint 15: utils.ts TypeScript 迁移 .ts 源码契约 导出 paginate / batchProcess" time="0">
    </testcase>
    <testcase classname="Sprint 15: utils.ts TypeScript 迁移 .ts 源码契约 导出 convertCloudUrls / revertCloudUrls" name="Sprint 15: utils.ts TypeScript 迁移 .ts 源码契约 导出 convertCloudUrls / revertCloudUrls" time="0">
    </testcase>
    <testcase classname="Sprint 15: utils.ts TypeScript 迁移 .ts 源码契约 含 ID 类型白名单 TYPE_MAPPING" name="Sprint 15: utils.ts TypeScript 迁移 .ts 源码契约 含 ID 类型白名单 TYPE_MAPPING" time="0.001">
    </testcase>
    <testcase classname="Sprint 15: utils.ts TypeScript 迁移 .ts 源码契约 含核心类型 IdType / ErrorCodeMap / PaginateOptions" name="Sprint 15: utils.ts TypeScript 迁移 .ts 源码契约 含核心类型 IdType / ErrorCodeMap / PaginateOptions" time="0">
    </testcase>
    <testcase classname="Sprint 15: utils.ts TypeScript 迁移 .js 产物：行为契约 产物导出所有公共 API" name="Sprint 15: utils.ts TypeScript 迁移 .js 产物：行为契约 产物导出所有公共 API" time="0.001">
    </testcase>
    <testcase classname="Sprint 15: utils.ts TypeScript 迁移 .js 产物：行为契约 ERROR_CODES 数值稳定（数字）" name="Sprint 15: utils.ts TypeScript 迁移 .js 产物：行为契约 ERROR_CODES 数值稳定（数字）" time="0">
    </testcase>
    <testcase classname="Sprint 15: utils.ts TypeScript 迁移 .js 产物：行为契约 generateId 生成 ID 满足格式（≤32 字符 + 字母数字下划线）" name="Sprint 15: utils.ts TypeScript 迁移 .js 产物：行为契约 generateId 生成 ID 满足格式（≤32 字符 + 字母数字下划线）" time="0.001">
    </testcase>
    <testcase classname="Sprint 15: utils.ts TypeScript 迁移 .js 产物：行为契约 generateId 无 type 时不以前缀开头" name="Sprint 15: utils.ts TypeScript 迁移 .js 产物：行为契约 generateId 无 type 时不以前缀开头" time="0">
    </testcase>
    <testcase classname="Sprint 15: utils.ts TypeScript 迁移 .js 产物：行为契约 handleError 返回结构正确" name="Sprint 15: utils.ts TypeScript 迁移 .js 产物：行为契约 handleError 返回结构正确" time="0">
    </testcase>
    <testcase classname="Sprint 15: utils.ts TypeScript 迁移 .js 产物：行为契约 handleError 缺省 code 时回退到 BUSINESS (1006)" name="Sprint 15: utils.ts TypeScript 迁移 .js 产物：行为契约 handleError 缺省 code 时回退到 BUSINESS (1006)" time="0">
    </testcase>
    <testcase classname="Sprint 15: utils.ts TypeScript 迁移 .js 产物：行为契约 handleSuccess 默认 success" name="Sprint 15: utils.ts TypeScript 迁移 .js 产物：行为契约 handleSuccess 默认 success" time="0.005">
    </testcase>
    <testcase classname="Sprint 15: utils.ts TypeScript 迁移 .js 产物：行为契约 paginate 基础行为（mock db）" name="Sprint 15: utils.ts TypeScript 迁移 .js 产物：行为契约 paginate 基础行为（mock db）" time="0">
    </testcase>
    <testcase classname="Sprint 15: utils.ts TypeScript 迁移 .js 产物：行为契约 paginate pageSize 上限保护（最大 100）" name="Sprint 15: utils.ts TypeScript 迁移 .js 产物：行为契约 paginate pageSize 上限保护（最大 100）" time="0">
    </testcase>
    <testcase classname="Sprint 15: utils.ts TypeScript 迁移 .js 产物：行为契约 batchProcess 收集成功与失败" name="Sprint 15: utils.ts TypeScript 迁移 .js 产物：行为契约 batchProcess 收集成功与失败" time="0">
    </testcase>
    <testcase classname="Sprint 15: utils.ts TypeScript 迁移 .js 产物：行为契约 revertCloudUrls 是 no-op" name="Sprint 15: utils.ts TypeScript 迁移 .js 产物：行为契约 revertCloudUrls 是 no-op" time="0">
    </testcase>
    <testcase classname="Sprint 15: utils.ts TypeScript 迁移 tsconfig / build 工具链 tsconfig.common.json 包含 utils.ts" name="Sprint 15: utils.ts TypeScript 迁移 tsconfig / build 工具链 tsconfig.common.json 包含 utils.ts" time="0.001">
    </testcase>
    <testcase classname="Sprint 15: utils.ts TypeScript 迁移 tsconfig / build 工具链 scripts/build-common.js 包含 utils.js" name="Sprint 15: utils.ts TypeScript 迁移 tsconfig / build 工具链 scripts/build-common.js 包含 utils.js" time="0.001">
    </testcase>
    <testcase classname="Sprint 15: utils.ts TypeScript 迁移 tsconfig / build 工具链 tsconfig.common.json 包含 utils.ts（不直接 include .d.ts）" name="Sprint 15: utils.ts TypeScript 迁移 tsconfig / build 工具链 tsconfig.common.json 包含 utils.ts（不直接 include .d.ts）" time="0">
    </testcase>
    <testcase classname="Sprint 15: utils.ts TypeScript 迁移 errors.ts 集成 errors.ts 仍能从 utils 导入（编译通过）" name="Sprint 15: utils.ts TypeScript 迁移 errors.ts 集成 errors.ts 仍能从 utils 导入（编译通过）" time="0.002">
    </testcase>
    <testcase classname="Sprint 15: utils.ts TypeScript 迁移 errors.ts 集成 编译产物 errors.js 通过 require(&quot;./utils&quot;) 获取 ERROR_CODES" name="Sprint 15: utils.ts TypeScript 迁移 errors.ts 集成 编译产物 errors.js 通过 require(&quot;./utils&quot;) 获取 ERROR_CODES" time="0.001">
    </testcase>
  </testsuite>
  <testsuite name="common/alert" errors="0" failures="0" skipped="0" timestamp="2026-06-06T05:37:35" time="0.3" tests="20">
    <testcase classname="common/alert isAlertable SEVERE 错误码返回 true" name="common/alert isAlertable SEVERE 错误码返回 true" time="0.001">
    </testcase>
    <testcase classname="common/alert isAlertable 非 SEVERE 错误码返回 false" name="common/alert isAlertable 非 SEVERE 错误码返回 false" time="0">
    </testcase>
    <testcase classname="common/alert buildDedupeKey 优先用 orderId" name="common/alert buildDedupeKey 优先用 orderId" time="0.001">
    </testcase>
    <testcase classname="common/alert buildDedupeKey 其次用 outTradeNo" name="common/alert buildDedupeKey 其次用 outTradeNo" time="0">
    </testcase>
    <testcase classname="common/alert buildDedupeKey 其次用 userId / openid" name="common/alert buildDedupeKey 其次用 userId / openid" time="0">
    </testcase>
    <testcase classname="common/alert buildDedupeKey 无业务 ID 时只用 code" name="common/alert buildDedupeKey 无业务 ID 时只用 code" time="0">
    </testcase>
    <testcase classname="common/alert formatMessage 包含 code + 时间" name="common/alert formatMessage 包含 code + 时间" time="0">
    </testcase>
    <testcase classname="common/alert formatMessage 包含业务字段" name="common/alert formatMessage 包含业务字段" time="0">
    </testcase>
    <testcase classname="common/alert formatMessage stack 截断前 3 行" name="common/alert formatMessage stack 截断前 3 行" time="0.001">
    </testcase>
    <testcase classname="common/alert notify：禁用 / 缺失配置 ALERT_DISABLE=1 → 不发送" name="common/alert notify：禁用 / 缺失配置 ALERT_DISABLE=1 → 不发送" time="0.001">
    </testcase>
    <testcase classname="common/alert notify：禁用 / 缺失配置 缺 ALERT_WEBHOOK_URL → 不发送" name="common/alert notify：禁用 / 缺失配置 缺 ALERT_WEBHOOK_URL → 不发送" time="0">
    </testcase>
    <testcase classname="common/alert notify：禁用 / 缺失配置 非 SEVERE code → 不发送" name="common/alert notify：禁用 / 缺失配置 非 SEVERE code → 不发送" time="0">
    </testcase>
    <testcase classname="common/alert notify：去重窗口 同 key 在窗口内重复 → deduped" name="common/alert notify：去重窗口 同 key 在窗口内重复 → deduped" time="0.004">
    </testcase>
    <testcase classname="common/alert notify：去重窗口 窗口过期后重新发送" name="common/alert notify：去重窗口 窗口过期后重新发送" time="0.156">
    </testcase>
    <testcase classname="common/alert notify：webhook 失败 webhook 返回 500 → sent=false，failed 计数+1" name="common/alert notify：webhook 失败 webhook 返回 500 → sent=false，failed 计数+1" time="0.001">
    </testcase>
    <testcase classname="common/alert notify：webhook 失败 网络错误 → sent=false" name="common/alert notify：webhook 失败 网络错误 → sent=false" time="0">
    </testcase>
    <testcase classname="common/alert alertOnError 装饰器 handler 抛 SEVERE 错误 → 触发 notify" name="common/alert alertOnError 装饰器 handler 抛 SEVERE 错误 → 触发 notify" time="0.047">
    </testcase>
    <testcase classname="common/alert alertOnError 装饰器 handler 抛非 SEVERE 错误 → 不触发" name="common/alert alertOnError 装饰器 handler 抛非 SEVERE 错误 → 不触发" time="0.024">
    </testcase>
    <testcase classname="common/alert alertOnError 装饰器 handler 成功 → 不触发" name="common/alert alertOnError 装饰器 handler 成功 → 不触发" time="0">
    </testcase>
    <testcase classname="common/alert SEVERE_CODES 列表 至少包含 8 个常用严重错误码" name="common/alert SEVERE_CODES 列表 至少包含 8 个常用严重错误码" time="0">
    </testcase>
  </testsuite>
  <testsuite name="idempotency.js" errors="0" failures="0" skipped="0" timestamp="2026-06-06T05:37:36" time="0.182" tests="24">
    <testcase classname="idempotency.js buildIdempotencyKey 相同输入应产生相同 key" name="idempotency.js buildIdempotencyKey 相同输入应产生相同 key" time="0.004">
    </testcase>
    <testcase classname="idempotency.js buildIdempotencyKey 不同 payload 应产生不同 key" name="idempotency.js buildIdempotencyKey 不同 payload 应产生不同 key" time="0.001">
    </testcase>
    <testcase classname="idempotency.js buildIdempotencyKey 不同 userId 应隔离" name="idempotency.js buildIdempotencyKey 不同 userId 应隔离" time="0">
    </testcase>
    <testcase classname="idempotency.js buildIdempotencyKey 未传 userId 应使用 anonymous" name="idempotency.js buildIdempotencyKey 未传 userId 应使用 anonymous" time="0">
    </testcase>
    <testcase classname="idempotency.js buildIdempotencyKey 显式 scope 应覆盖 userId" name="idempotency.js buildIdempotencyKey 显式 scope 应覆盖 userId" time="0.038">
    </testcase>
    <testcase classname="idempotency.js buildIdempotencyKey action 必填" name="idempotency.js buildIdempotencyKey action 必填" time="0.022">
    </testcase>
    <testcase classname="idempotency.js buildIdempotencyKey 字符串 payload 应取前 32 字符" name="idempotency.js buildIdempotencyKey 字符串 payload 应取前 32 字符" time="0.001">
    </testcase>
    <testcase classname="idempotency.js buildPaymentIdempotencyKey outTradeNo + transactionId 应组成稳定 key" name="idempotency.js buildPaymentIdempotencyKey outTradeNo + transactionId 应组成稳定 key" time="0">
    </testcase>
    <testcase classname="idempotency.js buildPaymentIdempotencyKey event 应默认为 pay，可指定 refund" name="idempotency.js buildPaymentIdempotencyKey event 应默认为 pay，可指定 refund" time="0">
    </testcase>
    <testcase classname="idempotency.js buildPaymentIdempotencyKey outTradeNo / transactionId 至少需一个" name="idempotency.js buildPaymentIdempotencyKey outTradeNo / transactionId 至少需一个" time="0">
    </testcase>
    <testcase classname="idempotency.js buildPaymentIdempotencyKey 仅 transactionId 也能构造" name="idempotency.js buildPaymentIdempotencyKey 仅 transactionId 也能构造" time="0">
    </testcase>
    <testcase classname="idempotency.js isIdempotentHit 集合不存在应返回 false" name="idempotency.js isIdempotentHit 集合不存在应返回 false" time="0.001">
    </testcase>
    <testcase classname="idempotency.js isIdempotentHit 有数据应返回 true" name="idempotency.js isIdempotentHit 有数据应返回 true" time="0">
    </testcase>
    <testcase classname="idempotency.js isIdempotentHit 空数据应返回 false" name="idempotency.js isIdempotentHit 空数据应返回 false" time="0">
    </testcase>
    <testcase classname="idempotency.js isIdempotentHit 其他错误应上抛" name="idempotency.js isIdempotentHit 其他错误应上抛" time="0.001">
    </testcase>
    <testcase classname="idempotency.js isIdempotentHit db / collection / key 缺失应返回 false" name="idempotency.js isIdempotentHit db / collection / key 缺失应返回 false" time="0">
    </testcase>
    <testcase classname="idempotency.js registerIdempotencyKey 新 key 应返回 { ok: true, duplicate: false }" name="idempotency.js registerIdempotencyKey 新 key 应返回 { ok: true, duplicate: false }" time="0">
    </testcase>
    <testcase classname="idempotency.js registerIdempotencyKey DUPLICATE_KEY 应返回 { ok: false, duplicate: true }" name="idempotency.js registerIdempotencyKey DUPLICATE_KEY 应返回 { ok: false, duplicate: true }" time="0">
    </testcase>
    <testcase classname="idempotency.js registerIdempotencyKey 其他错误应上抛" name="idempotency.js registerIdempotencyKey 其他错误应上抛" time="0">
    </testcase>
    <testcase classname="idempotency.js registerIdempotencyKey TTL 默认 24h" name="idempotency.js registerIdempotencyKey TTL 默认 24h" time="0.001">
    </testcase>
    <testcase classname="idempotency.js checkRateLimit count &lt; maxCount 应允许" name="idempotency.js checkRateLimit count &lt; maxCount 应允许" time="0.009">
    </testcase>
    <testcase classname="idempotency.js checkRateLimit count &gt;= maxCount 应拒绝" name="idempotency.js checkRateLimit count &gt;= maxCount 应拒绝" time="0.001">
    </testcase>
    <testcase classname="idempotency.js checkRateLimit resetAt 应在未来" name="idempotency.js checkRateLimit resetAt 应在未来" time="0.001">
    </testcase>
    <testcase classname="idempotency.js checkRateLimit 非法参数应抛错" name="idempotency.js checkRateLimit 非法参数应抛错" time="0.038">
    </testcase>
  </testsuite>
  <testsuite name="Sprint 11: errors.js → .ts 迁移" errors="0" failures="0" skipped="0" timestamp="2026-06-06T05:37:36" time="0.046" tests="10">
    <testcase classname="Sprint 11: errors.js → .ts 迁移 errors.ts 源文件应存在" name="Sprint 11: errors.js → .ts 迁移 errors.ts 源文件应存在" time="0">
    </testcase>
    <testcase classname="Sprint 11: errors.js → .ts 迁移 编译产物 errors.js 应存在" name="Sprint 11: errors.js → .ts 迁移 编译产物 errors.js 应存在" time="0">
    </testcase>
    <testcase classname="Sprint 11: errors.js → .ts 迁移 类型声明 errors.d.ts 应存在" name="Sprint 11: errors.js → .ts 迁移 类型声明 errors.d.ts 应存在" time="0">
    </testcase>
    <testcase classname="Sprint 11: errors.js → .ts 迁移 errors.js 顶部应有 eslint-disable 标记（tsc 产物）" name="Sprint 11: errors.js → .ts 迁移 errors.js 顶部应有 eslint-disable 标记（tsc 产物）" time="0.001">
    </testcase>
    <testcase classname="Sprint 11: errors.js → .ts 迁移 编译后的 .js 仍能正确导出所有公共 API" name="Sprint 11: errors.js → .ts 迁移 编译后的 .js 仍能正确导出所有公共 API" time="0.001">
    </testcase>
    <testcase classname="Sprint 11: errors.js → .ts 迁移 .d.ts 应包含 BusinessError / BusinessErrors / 工厂函数" name="Sprint 11: errors.js → .ts 迁移 .d.ts 应包含 BusinessError / BusinessErrors / 工厂函数" time="0.001">
    </testcase>
    <testcase classname="Sprint 11: errors.js → .ts 迁移 tsconfig.common.json 应存在并配置为 emit" name="Sprint 11: errors.js → .ts 迁移 tsconfig.common.json 应存在并配置为 emit" time="0">
    </testcase>
    <testcase classname="Sprint 11: errors.js → .ts 迁移 build:common 脚本应在 package.json 中" name="Sprint 11: errors.js → .ts 迁移 build:common 脚本应在 package.json 中" time="0">
    </testcase>
    <testcase classname="Sprint 11: errors.js → .ts 迁移 utils.d.ts shim 应存在（errors.ts 编译时需要）" name="Sprint 11: errors.js → .ts 迁移 utils.d.ts shim 应存在（errors.ts 编译时需要）" time="0">
    </testcase>
    <testcase classname="Sprint 11: errors.js → .ts 迁移 迁移不应改变公共 API 行为" name="Sprint 11: errors.js → .ts 迁移 迁移不应改变公共 API 行为" time="0.001">
    </testcase>
  </testsuite>
  <testsuite name="crypto.js" errors="0" failures="0" skipped="0" timestamp="2026-06-06T05:37:34" time="1.901" tests="27">
    <testcase classname="crypto.js deriveKey 应返回 32 字节 Buffer" name="crypto.js deriveKey 应返回 32 字节 Buffer" time="0.061">
    </testcase>
    <testcase classname="crypto.js deriveKey 相同 passphrase + salt 应得到相同 key（确定性）" name="crypto.js deriveKey 相同 passphrase + salt 应得到相同 key（确定性）" time="0.289">
    </testcase>
    <testcase classname="crypto.js deriveKey 不同 salt 应得到不同 key" name="crypto.js deriveKey 不同 salt 应得到不同 key" time="0.135">
    </testcase>
    <testcase classname="crypto.js deriveKey 空 passphrase 应抛错" name="crypto.js deriveKey 空 passphrase 应抛错" time="0.022">
    </testcase>
    <testcase classname="crypto.js encrypt + decrypt 往返 明文加密后应能正确解密" name="crypto.js encrypt + decrypt 往返 明文加密后应能正确解密" time="0.101">
    </testcase>
    <testcase classname="crypto.js encrypt + decrypt 往返 每次加密应得到不同密文（IV 随机）" name="crypto.js encrypt + decrypt 往返 每次加密应得到不同密文（IV 随机）" time="0.104">
    </testcase>
    <testcase classname="crypto.js encrypt + decrypt 往返 payload 格式应为三段 base64" name="crypto.js encrypt + decrypt 往返 payload 格式应为三段 base64" time="0.173">
    </testcase>
    <testcase classname="crypto.js encrypt + decrypt 往返 中文 / emoji 应正确加解密" name="crypto.js encrypt + decrypt 往返 中文 / emoji 应正确加解密" time="0.064">
    </testcase>
    <testcase classname="crypto.js encrypt + decrypt 往返 篡改 ciphertext 应抛错（GCM 完整性）" name="crypto.js encrypt + decrypt 往返 篡改 ciphertext 应抛错（GCM 完整性）" time="0.056">
    </testcase>
    <testcase classname="crypto.js encrypt + decrypt 往返 错误 key 应抛错" name="crypto.js encrypt + decrypt 往返 错误 key 应抛错" time="0.153">
    </testcase>
    <testcase classname="crypto.js encrypt + decrypt 往返 无效 payload 格式应抛错" name="crypto.js encrypt + decrypt 往返 无效 payload 格式应抛错" time="0.113">
    </testcase>
    <testcase classname="crypto.js encrypt + decrypt 往返 key 长度错误应抛错" name="crypto.js encrypt + decrypt 往返 key 长度错误应抛错" time="0.001">
    </testcase>
    <testcase classname="crypto.js sha256 相同输入应得到相同哈希" name="crypto.js sha256 相同输入应得到相同哈希" time="0.003">
    </testcase>
    <testcase classname="crypto.js sha256 不同输入应得到不同哈希" name="crypto.js sha256 不同输入应得到不同哈希" time="0">
    </testcase>
    <testcase classname="crypto.js sha256 应接受对象（JSON 序列化）" name="crypto.js sha256 应接受对象（JSON 序列化）" time="0">
    </testcase>
    <testcase classname="crypto.js sha256 哈希长度应为 64 hex" name="crypto.js sha256 哈希长度应为 64 hex" time="0">
    </testcase>
    <testcase classname="crypto.js hmacSha256 相同输入应得到相同签名" name="crypto.js hmacSha256 相同输入应得到相同签名" time="0.001">
    </testcase>
    <testcase classname="crypto.js hmacSha256 不同 secret 应得到不同签名" name="crypto.js hmacSha256 不同 secret 应得到不同签名" time="0.023">
    </testcase>
    <testcase classname="crypto.js safeEqual 相同字符串应返回 true" name="crypto.js safeEqual 相同字符串应返回 true" time="0">
    </testcase>
    <testcase classname="crypto.js safeEqual 不同字符串应返回 false" name="crypto.js safeEqual 不同字符串应返回 false" time="0.001">
    </testcase>
    <testcase classname="crypto.js safeEqual 类型不同时应返回 false" name="crypto.js safeEqual 类型不同时应返回 false" time="0.001">
    </testcase>
    <testcase classname="crypto.js safeEqual Buffer 比较" name="crypto.js safeEqual Buffer 比较" time="0.001">
    </testcase>
    <testcase classname="crypto.js randomString 默认 16 字节" name="crypto.js randomString 默认 16 字节" time="0.007">
    </testcase>
    <testcase classname="crypto.js randomString 应支持自定义长度" name="crypto.js randomString 应支持自定义长度" time="0.011">
    </testcase>
    <testcase classname="crypto.js randomString 两次生成应不同" name="crypto.js randomString 两次生成应不同" time="0.002">
    </testcase>
    <testcase classname="crypto.js 常量 ALGORITHM 应为 aes-256-gcm" name="crypto.js 常量 ALGORITHM 应为 aes-256-gcm" time="0.006">
    </testcase>
    <testcase classname="crypto.js 常量 IV_LENGTH 12, AUTH_TAG_LENGTH 16, KEY_LENGTH 32" name="crypto.js 常量 IV_LENGTH 12, AUTH_TAG_LENGTH 16, KEY_LENGTH 32" time="0">
    </testcase>
  </testsuite>
  <testsuite name="集成测试：评价子链路" errors="0" failures="0" skipped="0" timestamp="2026-06-06T05:37:36" time="0.221" tests="20">
    <testcase classname="集成测试：评价子链路 submitEvaluation：正常流程 completed 订单 + rating=5 + 评价 → 写入 evaluations" name="集成测试：评价子链路 submitEvaluation：正常流程 completed 订单 + rating=5 + 评价 → 写入 evaluations" time="0.003">
    </testcase>
    <testcase classname="集成测试：评价子链路 submitEvaluation：正常流程 支持 tags 数组" name="集成测试：评价子链路 submitEvaluation：正常流程 支持 tags 数组" time="0">
    </testcase>
    <testcase classname="集成测试：评价子链路 submitEvaluation：正常流程 comment 超 500 字符自动截断" name="集成测试：评价子链路 submitEvaluation：正常流程 comment 超 500 字符自动截断" time="0">
    </testcase>
    <testcase classname="集成测试：评价子链路 submitEvaluation：正常流程 tags 超过 10 个只保留前 10 个" name="集成测试：评价子链路 submitEvaluation：正常流程 tags 超过 10 个只保留前 10 个" time="0.001">
    </testcase>
    <testcase classname="集成测试：评价子链路 submitEvaluation：参数校验 rating=0 → INVALID_PARAMS" name="集成测试：评价子链路 submitEvaluation：参数校验 rating=0 → INVALID_PARAMS" time="0.001">
    </testcase>
    <testcase classname="集成测试：评价子链路 submitEvaluation：参数校验 rating=6 → INVALID_PARAMS" name="集成测试：评价子链路 submitEvaluation：参数校验 rating=6 → INVALID_PARAMS" time="0">
    </testcase>
    <testcase classname="集成测试：评价子链路 submitEvaluation：参数校验 rating=3.5（非整数）→ INVALID_PARAMS" name="集成测试：评价子链路 submitEvaluation：参数校验 rating=3.5（非整数）→ INVALID_PARAMS" time="0">
    </testcase>
    <testcase classname="集成测试：评价子链路 submitEvaluation：参数校验 rating=&quot;abc&quot; → INVALID_PARAMS" name="集成测试：评价子链路 submitEvaluation：参数校验 rating=&quot;abc&quot; → INVALID_PARAMS" time="0">
    </testcase>
    <testcase classname="集成测试：评价子链路 submitEvaluation：参数校验 缺少 orderId → INVALID_PARAMS" name="集成测试：评价子链路 submitEvaluation：参数校验 缺少 orderId → INVALID_PARAMS" time="0.001">
    </testcase>
    <testcase classname="集成测试：评价子链路 submitEvaluation：状态/权限校验 未登录 → AUTH_REQUIRED" name="集成测试：评价子链路 submitEvaluation：状态/权限校验 未登录 → AUTH_REQUIRED" time="0">
    </testcase>
    <testcase classname="集成测试：评价子链路 submitEvaluation：状态/权限校验 订单不存在 → ORDER_NOT_FOUND" name="集成测试：评价子链路 submitEvaluation：状态/权限校验 订单不存在 → ORDER_NOT_FOUND" time="0">
    </testcase>
    <testcase classname="集成测试：评价子链路 submitEvaluation：状态/权限校验 非 completed 状态订单 → BUSINESS_ERROR" name="集成测试：评价子链路 submitEvaluation：状态/权限校验 非 completed 状态订单 → BUSINESS_ERROR" time="0.001">
    </testcase>
    <testcase classname="集成测试：评价子链路 submitEvaluation：状态/权限校验 他人订单 → PERMISSION_DENIED" name="集成测试：评价子链路 submitEvaluation：状态/权限校验 他人订单 → PERMISSION_DENIED" time="0.001">
    </testcase>
    <testcase classname="集成测试：评价子链路 submitEvaluation：幂等性 同订单二次评价 → duplicate=true，不重复写" name="集成测试：评价子链路 submitEvaluation：幂等性 同订单二次评价 → duplicate=true，不重复写" time="0.003">
    </testcase>
    <testcase classname="集成测试：评价子链路 submitEvaluation：异步触发 host.rating 重算 单条评价后 host.rating = 该评分" name="集成测试：评价子链路 submitEvaluation：异步触发 host.rating 重算 单条评价后 host.rating = 该评分" time="0.051">
    </testcase>
    <testcase classname="集成测试：评价子链路 submitEvaluation：异步触发 host.rating 重算 多条评价后 host.rating 取平均（精度 1 位）" name="集成测试：评价子链路 submitEvaluation：异步触发 host.rating 重算 多条评价后 host.rating 取平均（精度 1 位）" time="0.087">
    </testcase>
    <testcase classname="集成测试：评价子链路 getHostEvaluations 无评价时返回空列表" name="集成测试：评价子链路 getHostEvaluations 无评价时返回空列表" time="0.002">
    </testcase>
    <testcase classname="集成测试：评价子链路 getHostEvaluations 返回 hostId 对应的所有评价（按时间倒序）" name="集成测试：评价子链路 getHostEvaluations 返回 hostId 对应的所有评价（按时间倒序）" time="0.002">
    </testcase>
    <testcase classname="集成测试：评价子链路 getHostEvaluations 缺 hostId → INVALID_PARAMS" name="集成测试：评价子链路 getHostEvaluations 缺 hostId → INVALID_PARAMS" time="0.001">
    </testcase>
    <testcase classname="集成测试：评价子链路 getHostEvaluations pageSize 超过 50 时被截断到 50" name="集成测试：评价子链路 getHostEvaluations pageSize 超过 50 时被截断到 50" time="0">
    </testcase>
  </testsuite>
  <testsuite name="codemod-handle-error" errors="0" failures="0" skipped="0" timestamp="2026-06-06T05:37:34" time="1.942" tests="10">
    <testcase classname="codemod-handle-error 基本模式：return handleError(new Error(&quot;x&quot;), &quot;x&quot;, ERROR_CODES.AUTH)" name="codemod-handle-error 基本模式：return handleError(new Error(&quot;x&quot;), &quot;x&quot;, ERROR_CODES.AUTH)" time="0.125">
    </testcase>
    <testcase classname="codemod-handle-error 错误码映射：VALIDATION -&gt; INVALID_PARAMS" name="codemod-handle-error 错误码映射：VALIDATION -&gt; INVALID_PARAMS" time="0.109">
    </testcase>
    <testcase classname="codemod-handle-error 双引号字符串" name="codemod-handle-error 双引号字符串" time="0.139">
    </testcase>
    <testcase classname="codemod-handle-error 新 Error 内是模板字符串：内层是变量，外层是常量（应替换）" name="codemod-handle-error 新 Error 内是模板字符串：内层是变量，外层是常量（应替换）" time="0.113">
    </testcase>
    <testcase classname="codemod-handle-error PERMISSION 错误码" name="codemod-handle-error PERMISSION 错误码" time="0.106">
    </testcase>
    <testcase classname="codemod-handle-error BUSINESS 错误码" name="codemod-handle-error BUSINESS 错误码" time="0.184">
    </testcase>
    <testcase classname="codemod-handle-error UNKNOWN 错误码" name="codemod-handle-error UNKNOWN 错误码" time="0.172">
    </testcase>
    <testcase classname="codemod-handle-error 多行不匹配（new Error 跨多行）应原样保留" name="codemod-handle-error 多行不匹配（new Error 跨多行）应原样保留" time="0.189">
    </testcase>
    <testcase classname="codemod-handle-error 没有匹配：原样保留" name="codemod-handle-error 没有匹配：原样保留" time="0.116">
    </testcase>
    <testcase classname="codemod-handle-error 同文件多匹配" name="codemod-handle-error 同文件多匹配" time="0.166">
    </testcase>
  </testsuite>
  <testsuite name="partnerService/wallet" errors="0" failures="0" skipped="0" timestamp="2026-06-06T05:37:36" time="0.319" tests="15">
    <testcase classname="partnerService/wallet getMyWallet 首次获取应自动创建钱包" name="partnerService/wallet getMyWallet 首次获取应自动创建钱包" time="0.004">
    </testcase>
    <testcase classname="partnerService/wallet getMyWallet 已有钱包应返回现有数据" name="partnerService/wallet getMyWallet 已有钱包应返回现有数据" time="0.002">
    </testcase>
    <testcase classname="partnerService/wallet getMyIncomeOverview 用户不存在应返回全零数据" name="partnerService/wallet getMyIncomeOverview 用户不存在应返回全零数据" time="0.002">
    </testcase>
    <testcase classname="partnerService/wallet getMyIncomeOverview 完整数据应正确汇总" name="partnerService/wallet getMyIncomeOverview 完整数据应正确汇总" time="0.004">
    </testcase>
    <testcase classname="partnerService/wallet getMyIncomeDetails 默认 all 类型应合并多源数据" name="partnerService/wallet getMyIncomeDetails 默认 all 类型应合并多源数据" time="0">
    </testcase>
    <testcase classname="partnerService/wallet getMyIncomeDetails type=commission 只返回佣金" name="partnerService/wallet getMyIncomeDetails type=commission 只返回佣金" time="0.001">
    </testcase>
    <testcase classname="partnerService/wallet getMyIncomeDetails 分页参数应生效" name="partnerService/wallet getMyIncomeDetails 分页参数应生效" time="0">
    </testcase>
    <testcase classname="partnerService/wallet getMyWithdrawals 应返回当前用户的提现记录" name="partnerService/wallet getMyWithdrawals 应返回当前用户的提现记录" time="0.001">
    </testcase>
    <testcase classname="partnerService/wallet getMyWithdrawals 空记录返回空列表" name="partnerService/wallet getMyWithdrawals 空记录返回空列表" time="0">
    </testcase>
    <testcase classname="partnerService/wallet requestWithdrawal 低于 10 元应抛 INVALID_PARAMS" name="partnerService/wallet requestWithdrawal 低于 10 元应抛 INVALID_PARAMS" time="0.001">
    </testcase>
    <testcase classname="partnerService/wallet requestWithdrawal 钱包不存在应抛 NOT_FOUND" name="partnerService/wallet requestWithdrawal 钱包不存在应抛 NOT_FOUND" time="0.171">
    </testcase>
    <testcase classname="partnerService/wallet requestWithdrawal 余额不足应抛 BUSINESS_ERROR" name="partnerService/wallet requestWithdrawal 余额不足应抛 BUSINESS_ERROR" time="0.001">
    </testcase>
    <testcase classname="partnerService/wallet requestWithdrawal 钱包已冻结应抛 BUSINESS_ERROR" name="partnerService/wallet requestWithdrawal 钱包已冻结应抛 BUSINESS_ERROR" time="0.001">
    </testcase>
    <testcase classname="partnerService/wallet requestWithdrawal 今日已提现应抛每日限额" name="partnerService/wallet requestWithdrawal 今日已提现应抛每日限额" time="0">
    </testcase>
    <testcase classname="partnerService/wallet requestWithdrawal 正常提现应扣减余额并创建记录" name="partnerService/wallet requestWithdrawal 正常提现应扣减余额并创建记录" time="0">
    </testcase>
  </testsuite>
  <testsuite name="scripts/sync-cloud-common.js" errors="0" failures="0" skipped="0" timestamp="2026-06-06T05:37:34" time="2.018" tests="5">
    <testcase classname="scripts/sync-cloud-common.js --check 模式在没有差异时应退出码 0" name="scripts/sync-cloud-common.js --check 模式在没有差异时应退出码 0" time="0.406">
    </testcase>
    <testcase classname="scripts/sync-cloud-common.js 同步后所有 service 的 common/ 都包含源文件" name="scripts/sync-cloud-common.js 同步后所有 service 的 common/ 都包含源文件" time="0.043">
    </testcase>
    <testcase classname="scripts/sync-cloud-common.js 同步后源文件与目标文件 md5 应一致" name="scripts/sync-cloud-common.js 同步后源文件与目标文件 md5 应一致" time="0.007">
    </testcase>
    <testcase classname="scripts/sync-cloud-common.js --service=&lt;name&gt; 只同步指定 service" name="scripts/sync-cloud-common.js --service=&lt;name&gt; 只同步指定 service" time="0.159">
    </testcase>
    <testcase classname="scripts/sync-cloud-common.js 文件被修改时 --check 应检测到差异并退出码 1" name="scripts/sync-cloud-common.js 文件被修改时 --check 应检测到差异并退出码 1" time="0.535">
    </testcase>
  </testsuite>
  <testsuite name="Sprint 16: miniapp 端 i18n" errors="0" failures="0" skipped="0" timestamp="2026-06-06T05:37:36" time="0.152" tests="38">
    <testcase classname="Sprint 16: miniapp 端 i18n 模块 API 导出公共 API" name="Sprint 16: miniapp 端 i18n 模块 API 导出公共 API" time="0.001">
    </testcase>
    <testcase classname="Sprint 16: miniapp 端 i18n 模块 API 导出 BIZ_I18N / ERROR_I18N 常量" name="Sprint 16: miniapp 端 i18n 模块 API 导出 BIZ_I18N / ERROR_I18N 常量" time="0.003">
    </testcase>
    <testcase classname="Sprint 16: miniapp 端 i18n 模块 API getSupportedLocales 返回 3 个语言" name="Sprint 16: miniapp 端 i18n 模块 API getSupportedLocales 返回 3 个语言" time="0.043">
    </testcase>
    <testcase classname="Sprint 16: miniapp 端 i18n 错误码 → 本地化文案 zh-CN: AUTH_REQUIRED → 请先登录" name="Sprint 16: miniapp 端 i18n 错误码 → 本地化文案 zh-CN: AUTH_REQUIRED → 请先登录" time="0">
    </testcase>
    <testcase classname="Sprint 16: miniapp 端 i18n 错误码 → 本地化文案 en-US: AUTH_REQUIRED → Please sign in first" name="Sprint 16: miniapp 端 i18n 错误码 → 本地化文案 en-US: AUTH_REQUIRED → Please sign in first" time="0">
    </testcase>
    <testcase classname="Sprint 16: miniapp 端 i18n 错误码 → 本地化文案 ja-JP: AUTH_REQUIRED 含「ログイン」" name="Sprint 16: miniapp 端 i18n 错误码 → 本地化文案 ja-JP: AUTH_REQUIRED 含「ログイン」" time="0.001">
    </testcase>
    <testcase classname="Sprint 16: miniapp 端 i18n 错误码 → 本地化文案 RISK_REJECT 三语" name="Sprint 16: miniapp 端 i18n 错误码 → 本地化文案 RISK_REJECT 三语" time="0.001">
    </testcase>
    <testcase classname="Sprint 16: miniapp 端 i18n 错误码 → 本地化文案 RISK_PENDING 三语" name="Sprint 16: miniapp 端 i18n 错误码 → 本地化文案 RISK_PENDING 三语" time="0.004">
    </testcase>
    <testcase classname="Sprint 16: miniapp 端 i18n 错误码 → 本地化文案 ORDER_NOT_FOUND 三语" name="Sprint 16: miniapp 端 i18n 错误码 → 本地化文案 ORDER_NOT_FOUND 三语" time="0.001">
    </testcase>
    <testcase classname="Sprint 16: miniapp 端 i18n 错误码 → 本地化文案 覆盖所有 Sprint 14 RISK_* 码" name="Sprint 16: miniapp 端 i18n 错误码 → 本地化文案 覆盖所有 Sprint 14 RISK_* 码" time="0">
    </testcase>
    <testcase classname="Sprint 16: miniapp 端 i18n 错误码 → 本地化文案 覆盖核心错误码（≥ 30 个）" name="Sprint 16: miniapp 端 i18n 错误码 → 本地化文案 覆盖核心错误码（≥ 30 个）" time="0">
    </testcase>
    <testcase classname="Sprint 16: miniapp 端 i18n 错误码 → 本地化文案 未知 code → 返回 code 字面量" name="Sprint 16: miniapp 端 i18n 错误码 → 本地化文案 未知 code → 返回 code 字面量" time="0">
    </testcase>
    <testcase classname="Sprint 16: miniapp 端 i18n 错误码 → 本地化文案 空 code → 返回空字符串" name="Sprint 16: miniapp 端 i18n 错误码 → 本地化文案 空 code → 返回空字符串" time="0.001">
    </testcase>
    <testcase classname="Sprint 16: miniapp 端 i18n 业务文案 t() OPERATION_SUCCESS 三语" name="Sprint 16: miniapp 端 i18n 业务文案 t() OPERATION_SUCCESS 三语" time="0">
    </testcase>
    <testcase classname="Sprint 16: miniapp 端 i18n 业务文案 t() LOADING zh-CN" name="Sprint 16: miniapp 端 i18n 业务文案 t() LOADING zh-CN" time="0">
    </testcase>
    <testcase classname="Sprint 16: miniapp 端 i18n 业务文案 t() NETWORK_ERROR 三语" name="Sprint 16: miniapp 端 i18n 业务文案 t() NETWORK_ERROR 三语" time="0">
    </testcase>
    <testcase classname="Sprint 16: miniapp 端 i18n 业务文案 t() 未注册 key → 返回原 key" name="Sprint 16: miniapp 端 i18n 业务文案 t() 未注册 key → 返回原 key" time="0">
    </testcase>
    <testcase classname="Sprint 16: miniapp 端 i18n 缺翻译降级 未支持 locale → 降级为 zh-CN" name="Sprint 16: miniapp 端 i18n 缺翻译降级 未支持 locale → 降级为 zh-CN" time="0">
    </testcase>
    <testcase classname="Sprint 16: miniapp 端 i18n 缺翻译降级 getErrorMessage 不传 locale 使用 currentLocale" name="Sprint 16: miniapp 端 i18n 缺翻译降级 getErrorMessage 不传 locale 使用 currentLocale" time="0">
    </testcase>
    <testcase classname="Sprint 16: miniapp 端 i18n Locale 切换与持久化 setLocale 切换后 t() 立即生效" name="Sprint 16: miniapp 端 i18n Locale 切换与持久化 setLocale 切换后 t() 立即生效" time="0.001">
    </testcase>
    <testcase classname="Sprint 16: miniapp 端 i18n Locale 切换与持久化 setLocale 持久化到 storage" name="Sprint 16: miniapp 端 i18n Locale 切换与持久化 setLocale 持久化到 storage" time="0">
    </testcase>
    <testcase classname="Sprint 16: miniapp 端 i18n Locale 切换与持久化 setLocale 不支持的值返回 false" name="Sprint 16: miniapp 端 i18n Locale 切换与持久化 setLocale 不支持的值返回 false" time="0">
    </testcase>
    <testcase classname="Sprint 16: miniapp 端 i18n Locale 切换与持久化 setLocale 支持 zh-CN / en-US / ja-JP" name="Sprint 16: miniapp 端 i18n Locale 切换与持久化 setLocale 支持 zh-CN / en-US / ja-JP" time="0">
    </testcase>
    <testcase classname="Sprint 16: miniapp 端 i18n resolveCloudErrorMessage res.message 优先" name="Sprint 16: miniapp 端 i18n resolveCloudErrorMessage res.message 优先" time="0.001">
    </testcase>
    <testcase classname="Sprint 16: miniapp 端 i18n resolveCloudErrorMessage 无 message 时用 error.type → i18n" name="Sprint 16: miniapp 端 i18n resolveCloudErrorMessage 无 message 时用 error.type → i18n" time="0">
    </testcase>
    <testcase classname="Sprint 16: miniapp 端 i18n resolveCloudErrorMessage 无 error 时兜底为 OPERATION_FAILED" name="Sprint 16: miniapp 端 i18n resolveCloudErrorMessage 无 error 时兜底为 OPERATION_FAILED" time="0">
    </testcase>
    <testcase classname="Sprint 16: miniapp 端 i18n resolveCloudErrorMessage 空 res 返回空字符串" name="Sprint 16: miniapp 端 i18n resolveCloudErrorMessage 空 res 返回空字符串" time="0">
    </testcase>
    <testcase classname="Sprint 16: miniapp 端 i18n applyCustomOverrides 优先级 覆盖 error code 翻译" name="Sprint 16: miniapp 端 i18n applyCustomOverrides 优先级 覆盖 error code 翻译" time="0.003">
    </testcase>
    <testcase classname="Sprint 16: miniapp 端 i18n applyCustomOverrides 优先级 覆盖后其他 locale 不受影响" name="Sprint 16: miniapp 端 i18n applyCustomOverrides 优先级 覆盖后其他 locale 不受影响" time="0">
    </testcase>
    <testcase classname="Sprint 16: miniapp 端 i18n applyCustomOverrides 优先级 覆盖 BIZ 文案" name="Sprint 16: miniapp 端 i18n applyCustomOverrides 优先级 覆盖 BIZ 文案" time="0">
    </testcase>
    <testcase classname="Sprint 16: miniapp 端 i18n applyCustomOverrides 优先级 覆盖可清空（重新 apply 空对象）" name="Sprint 16: miniapp 端 i18n applyCustomOverrides 优先级 覆盖可清空（重新 apply 空对象）" time="0">
    </testcase>
    <testcase classname="Sprint 16: miniapp 端 i18n 与云端 errors-i18n.ts 兼容 云端字典的 key 在 miniapp 端都有" name="Sprint 16: miniapp 端 i18n 与云端 errors-i18n.ts 兼容 云端字典的 key 在 miniapp 端都有" time="0.002">
    </testcase>
    <testcase classname="Sprint 16: miniapp 端 i18n 与云端 errors-i18n.ts 兼容 共同覆盖的 code 文案一致" name="Sprint 16: miniapp 端 i18n 与云端 errors-i18n.ts 兼容 共同覆盖的 code 文案一致" time="0.001">
    </testcase>
    <testcase classname="Sprint 16: miniapp 端 i18n 鲁棒性 getErrorMessage 传入 null code 不抛错" name="Sprint 16: miniapp 端 i18n 鲁棒性 getErrorMessage 传入 null code 不抛错" time="0">
    </testcase>
    <testcase classname="Sprint 16: miniapp 端 i18n 鲁棒性 getErrorMessage 传入 undefined code 不抛错" name="Sprint 16: miniapp 端 i18n 鲁棒性 getErrorMessage 传入 undefined code 不抛错" time="0">
    </testcase>
    <testcase classname="Sprint 16: miniapp 端 i18n 鲁棒性 t 传入 null locale 不抛错" name="Sprint 16: miniapp 端 i18n 鲁棒性 t 传入 null locale 不抛错" time="0">
    </testcase>
    <testcase classname="Sprint 16: miniapp 端 i18n 鲁棒性 applyCustomOverrides 传 null 不抛错" name="Sprint 16: miniapp 端 i18n 鲁棒性 applyCustomOverrides 传 null 不抛错" time="0">
    </testcase>
    <testcase classname="Sprint 16: miniapp 端 i18n 鲁棒性 applyCustomOverrides 传非对象不抛错" name="Sprint 16: miniapp 端 i18n 鲁棒性 applyCustomOverrides 传非对象不抛错" time="0">
    </testcase>
  </testsuite>
  <testsuite name="common/middleware" errors="0" failures="0" skipped="0" timestamp="2026-06-06T05:37:36" time="0.237" tests="17">
    <testcase classname="common/middleware withMiddleware 成功路径：业务返回值原样返回，metrics success" name="common/middleware withMiddleware 成功路径：业务返回值原样返回，metrics success" time="0.016">
    </testcase>
    <testcase classname="common/middleware withMiddleware 业务抛 BusinessError：metrics 失败 + alert 触发" name="common/middleware withMiddleware 业务抛 BusinessError：metrics 失败 + alert 触发" time="0.032">
    </testcase>
    <testcase classname="common/middleware withMiddleware 业务抛普通 Error：alert.notify 不会被调用（不在 SEVERE 列表）" name="common/middleware withMiddleware 业务抛普通 Error：alert.notify 不会被调用（不在 SEVERE 列表）" time="0.001">
    </testcase>
    <testcase classname="common/middleware withMiddleware 显式 action 覆盖 event.action" name="common/middleware withMiddleware 显式 action 覆盖 event.action" time="0">
    </testcase>
    <testcase classname="common/middleware withMiddleware 缺 service / handler → 立即抛错" name="common/middleware withMiddleware 缺 service / handler → 立即抛错" time="0.002">
    </testcase>
    <testcase classname="common/middleware withMiddleware 慢调用 → alert.notify(INTERNAL_ERROR, ...)" name="common/middleware withMiddleware 慢调用 → alert.notify(INTERNAL_ERROR, ...)" time="0.083">
    </testcase>
    <testcase classname="common/middleware withMiddleware enableMetrics=false：不打 metrics" name="common/middleware withMiddleware enableMetrics=false：不打 metrics" time="0.001">
    </testcase>
    <testcase classname="common/middleware withMiddleware enableAlert=false：失败时不调 alert" name="common/middleware withMiddleware enableAlert=false：失败时不调 alert" time="0">
    </testcase>
    <testcase classname="common/middleware withMiddleware verifyAuth 自定义：auth 对象传递给 handler" name="common/middleware withMiddleware verifyAuth 自定义：auth 对象传递给 handler" time="0.002">
    </testcase>
    <testcase classname="common/middleware withMiddleware 无 verifyAuth：auth 默认从 event.openid 取" name="common/middleware withMiddleware 无 verifyAuth：auth 默认从 event.openid 取" time="0">
    </testcase>
    <testcase classname="common/middleware withMiddleware logger.info / warn 被调用" name="common/middleware withMiddleware logger.info / warn 被调用" time="0.002">
    </testcase>
    <testcase classname="common/middleware composeMain 路由到对应 handler" name="common/middleware composeMain 路由到对应 handler" time="0.001">
    </testcase>
    <testcase classname="common/middleware composeMain 未知 action：抛 UNKNOWN_ACTION" name="common/middleware composeMain 未知 action：抛 UNKNOWN_ACTION" time="0.001">
    </testcase>
    <testcase classname="common/middleware composeMain 缺 action：抛 UNKNOWN_ACTION" name="common/middleware composeMain 缺 action：抛 UNKNOWN_ACTION" time="0">
    </testcase>
    <testcase classname="common/middleware composeMain onUnknown 自定义：可定制未知名 action 行为" name="common/middleware composeMain onUnknown 自定义：可定制未知名 action 行为" time="0">
    </testcase>
    <testcase classname="common/middleware composeMain composeMain 缺 service / handlers → 立即抛错" name="common/middleware composeMain composeMain 缺 service / handlers → 立即抛错" time="0.004">
    </testcase>
    <testcase classname="common/middleware composeMain composeMain 仍走 metrics 路径" name="common/middleware composeMain composeMain 仍走 metrics 路径" time="0">
    </testcase>
  </testsuite>
  <testsuite name="Sprint 14: 团长邀请关系子链路" errors="0" failures="0" skipped="0" timestamp="2026-06-06T05:37:36" time="0.239" tests="16">
    <testcase classname="Sprint 14: 团长邀请关系子链路 getReferralStats：基础统计 无邀请：totalInvited=0, consumingCount=0, totalSpent=0" name="Sprint 14: 团长邀请关系子链路 getReferralStats：基础统计 无邀请：totalInvited=0, consumingCount=0, totalSpent=0" time="0.054">
    </testcase>
    <testcase classname="Sprint 14: 团长邀请关系子链路 getReferralStats：基础统计 有邀请但未消费：totalInvited&gt;0, consumingCount=0" name="Sprint 14: 团长邀请关系子链路 getReferralStats：基础统计 有邀请但未消费：totalInvited&gt;0, consumingCount=0" time="0.001">
    </testcase>
    <testcase classname="Sprint 14: 团长邀请关系子链路 getReferralStats：基础统计 部分消费：consumingCount 只算有 completed 单的" name="Sprint 14: 团长邀请关系子链路 getReferralStats：基础统计 部分消费：consumingCount 只算有 completed 单的" time="0">
    </testcase>
    <testcase classname="Sprint 14: 团长邀请关系子链路 getReferralStats：基础统计 总消费额：跨 4 个集合累加" name="Sprint 14: 团长邀请关系子链路 getReferralStats：基础统计 总消费额：跨 4 个集合累加" time="0.001">
    </testcase>
    <testcase classname="Sprint 14: 团长邀请关系子链路 getReferralStats：基础统计 总消费额：去重（同一用户多笔合并）" name="Sprint 14: 团长邀请关系子链路 getReferralStats：基础统计 总消费额：去重（同一用户多笔合并）" time="0">
    </testcase>
    <testcase classname="Sprint 14: 团长邀请关系子链路 getReferralStats：基础统计 未登录应 AUTH_REQUIRED" name="Sprint 14: 团长邀请关系子链路 getReferralStats：基础统计 未登录应 AUTH_REQUIRED" time="0.024">
    </testcase>
    <testcase classname="Sprint 14: 团长邀请关系子链路 getInvitedUsers：列表 + 单人聚合 空列表" name="Sprint 14: 团长邀请关系子链路 getInvitedUsers：列表 + 单人聚合 空列表" time="0.004">
    </testcase>
    <testcase classname="Sprint 14: 团长邀请关系子链路 getInvitedUsers：列表 + 单人聚合 多人邀请 + 单人消费聚合" name="Sprint 14: 团长邀请关系子链路 getInvitedUsers：列表 + 单人聚合 多人邀请 + 单人消费聚合" time="0.003">
    </testcase>
    <testcase classname="Sprint 14: 团长邀请关系子链路 getInvitedUsers：列表 + 单人聚合 跨集合消费聚合：单用户的订单 + 喂食 + 团购" name="Sprint 14: 团长邀请关系子链路 getInvitedUsers：列表 + 单人聚合 跨集合消费聚合：单用户的订单 + 喂食 + 团购" time="0.002">
    </testcase>
    <testcase classname="Sprint 14: 团长邀请关系子链路 getInvitedUsers：列表 + 单人聚合 页大小透传：影响 total 字段一致" name="Sprint 14: 团长邀请关系子链路 getInvitedUsers：列表 + 单人聚合 页大小透传：影响 total 字段一致" time="0.001">
    </testcase>
    <testcase classname="Sprint 14: 团长邀请关系子链路 getInvitedUsers：列表 + 单人聚合 未登录应 AUTH_REQUIRED" name="Sprint 14: 团长邀请关系子链路 getInvitedUsers：列表 + 单人聚合 未登录应 AUTH_REQUIRED" time="0">
    </testcase>
    <testcase classname="Sprint 14: 团长邀请关系子链路 数据隔离：只能看自己邀请的人 两个团长互不干扰" name="Sprint 14: 团长邀请关系子链路 数据隔离：只能看自己邀请的人 两个团长互不干扰" time="0.001">
    </testcase>
    <testcase classname="Sprint 14: 团长邀请关系子链路 数据隔离：只能看自己邀请的人 getInvitedUsers 只返回自己邀请的人" name="Sprint 14: 团长邀请关系子链路 数据隔离：只能看自己邀请的人 getInvitedUsers 只返回自己邀请的人" time="0.001">
    </testcase>
    <testcase classname="Sprint 14: 团长邀请关系子链路 邀请关系不变量 inviterId 应指向已存在的用户 openid" name="Sprint 14: 团长邀请关系子链路 邀请关系不变量 inviterId 应指向已存在的用户 openid" time="0">
    </testcase>
    <testcase classname="Sprint 14: 团长邀请关系子链路 邀请关系不变量 不可自我邀请（防呆）" name="Sprint 14: 团长邀请关系子链路 邀请关系不变量 不可自我邀请（防呆）" time="0">
    </testcase>
    <testcase classname="Sprint 14: 团长邀请关系子链路 邀请关系不变量 不可循环邀请（A→B→A）" name="Sprint 14: 团长邀请关系子链路 邀请关系不变量 不可循环邀请（A→B→A）" time="0">
    </testcase>
  </testsuite>
  <testsuite name="Sprint 22: 商城下单风控集成" errors="0" failures="0" skipped="0" timestamp="2026-06-06T05:37:36" time="0.344" tests="7">
    <testcase classname="Sprint 22: 商城下单风控集成 createOrder: 普通小单 → 正常落库（不触发 reject）" name="Sprint 22: 商城下单风控集成 createOrder: 普通小单 → 正常落库（不触发 reject）" time="0.056">
    </testcase>
    <testcase classname="Sprint 22: 商城下单风控集成 createOrder: 大额（10 万） → RISK_REJECT" name="Sprint 22: 商城下单风控集成 createOrder: 大额（10 万） → RISK_REJECT" time="0.043">
    </testcase>
    <testcase classname="Sprint 22: 商城下单风控集成 createGroupBuyOrder: 普通小单 → 正常落库" name="Sprint 22: 商城下单风控集成 createGroupBuyOrder: 普通小单 → 正常落库" time="0.001">
    </testcase>
    <testcase classname="Sprint 22: 商城下单风控集成 createGroupBuyOrder: 大额 → RISK_REJECT" name="Sprint 22: 商城下单风控集成 createGroupBuyOrder: 大额 → RISK_REJECT" time="0.001">
    </testcase>
    <testcase classname="Sprint 22: 活动报名风控集成 submitRegistration: 普通小额 → 正常报名（不触发 reject）" name="Sprint 22: 活动报名风控集成 submitRegistration: 普通小额 → 正常报名（不触发 reject）" time="0.038">
    </testcase>
    <testcase classname="Sprint 22: 活动报名风控集成 submitRegistration: 异常 activity → 兜底为不挂" name="Sprint 22: 活动报名风控集成 submitRegistration: 异常 activity → 兜底为不挂" time="0.001">
    </testcase>
    <testcase classname="Sprint 22: RATE_LIMITED 透传 多次调用触发限流后应被拦截" name="Sprint 22: RATE_LIMITED 透传 多次调用触发限流后应被拦截" time="0.002">
    </testcase>
  </testsuite>
  <testsuite name="集成测试：活动报名子链路" errors="0" failures="0" skipped="0" timestamp="2026-06-06T05:37:36" time="0.453" tests="22">
    <testcase classname="集成测试：活动报名子链路 getActivityList 返回 published/ongoing 等非 deleted 活动" name="集成测试：活动报名子链路 getActivityList 返回 published/ongoing 等非 deleted 活动" time="0.124">
    </testcase>
    <testcase classname="集成测试：活动报名子链路 getActivityList 未登录时所有活动 joined=false" name="集成测试：活动报名子链路 getActivityList 未登录时所有活动 joined=false" time="0.003">
    </testcase>
    <testcase classname="集成测试：活动报名子链路 getActivityList 已登录时 joined 字段反映本人报名状态" name="集成测试：活动报名子链路 getActivityList 已登录时 joined 字段反映本人报名状态" time="0.041">
    </testcase>
    <testcase classname="集成测试：活动报名子链路 getActivityList 按 status 显式过滤" name="集成测试：活动报名子链路 getActivityList 按 status 显式过滤" time="0.001">
    </testcase>
    <testcase classname="集成测试：活动报名子链路 getActivityList pageSize 上限 100" name="集成测试：活动报名子链路 getActivityList pageSize 上限 100" time="0.003">
    </testcase>
    <testcase classname="集成测试：活动报名子链路 getActivityDetail 返回活动详情 + isRegistered=false（未报名）" name="集成测试：活动报名子链路 getActivityDetail 返回活动详情 + isRegistered=false（未报名）" time="0.002">
    </testcase>
    <testcase classname="集成测试：活动报名子链路 getActivityDetail 已报名 → isRegistered=true" name="集成测试：活动报名子链路 getActivityDetail 已报名 → isRegistered=true" time="0.013">
    </testcase>
    <testcase classname="集成测试：活动报名子链路 getActivityDetail 缺 activityId → INVALID_PARAMS" name="集成测试：活动报名子链路 getActivityDetail 缺 activityId → INVALID_PARAMS" time="0.004">
    </testcase>
    <testcase classname="集成测试：活动报名子链路 getActivityDetail 活动不存在 → NOT_FOUND" name="集成测试：活动报名子链路 getActivityDetail 活动不存在 → NOT_FOUND" time="0">
    </testcase>
    <testcase classname="集成测试：活动报名子链路 submitRegistration：参数校验 未登录 → AUTH_REQUIRED" name="集成测试：活动报名子链路 submitRegistration：参数校验 未登录 → AUTH_REQUIRED" time="0.002">
    </testcase>
    <testcase classname="集成测试：活动报名子链路 submitRegistration：参数校验 缺 activityId → INVALID_PARAMS" name="集成测试：活动报名子链路 submitRegistration：参数校验 缺 activityId → INVALID_PARAMS" time="0">
    </testcase>
    <testcase classname="集成测试：活动报名子链路 submitRegistration：参数校验 pets 为空 → INVALID_PARAMS" name="集成测试：活动报名子链路 submitRegistration：参数校验 pets 为空 → INVALID_PARAMS" time="0.001">
    </testcase>
    <testcase classname="集成测试：活动报名子链路 submitRegistration：参数校验 缺 phone → INVALID_PARAMS" name="集成测试：活动报名子链路 submitRegistration：参数校验 缺 phone → INVALID_PARAMS" time="0.001">
    </testcase>
    <testcase classname="集成测试：活动报名子链路 submitRegistration：参数校验 totalAmount &lt;= 0 → INVALID_PARAMS" name="集成测试：活动报名子链路 submitRegistration：参数校验 totalAmount &lt;= 0 → INVALID_PARAMS" time="0.002">
    </testcase>
    <testcase classname="集成测试：活动报名子链路 submitRegistration：业务校验 活动不存在 → NOT_FOUND" name="集成测试：活动报名子链路 submitRegistration：业务校验 活动不存在 → NOT_FOUND" time="0.002">
    </testcase>
    <testcase classname="集成测试：活动报名子链路 submitRegistration：业务校验 报名人数已满 → BUSINESS_ERROR" name="集成测试：活动报名子链路 submitRegistration：业务校验 报名人数已满 → BUSINESS_ERROR" time="0.001">
    </testcase>
    <testcase classname="集成测试：活动报名子链路 submitRegistration：业务校验 已报名 → 拒绝重复报名" name="集成测试：活动报名子链路 submitRegistration：业务校验 已报名 → 拒绝重复报名" time="0.005">
    </testcase>
    <testcase classname="集成测试：活动报名子链路 submitRegistration：业务校验 pending_payment 状态也视为已报名（防止多笔订单）" name="集成测试：活动报名子链路 submitRegistration：业务校验 pending_payment 状态也视为已报名（防止多笔订单）" time="0.001">
    </testcase>
    <testcase classname="集成测试：活动报名子链路 submitRegistration：业务校验 正常报名：写入 activity_registrations + orders 两条记录" name="集成测试：活动报名子链路 submitRegistration：业务校验 正常报名：写入 activity_registrations + orders 两条记录" time="0">
    </testcase>
    <testcase classname="集成测试：活动报名子链路 submitRegistration：业务校验 报名成功后 registration 含 orderId、phone、pets 字段" name="集成测试：活动报名子链路 submitRegistration：业务校验 报名成功后 registration 含 orderId、phone、pets 字段" time="0">
    </testcase>
    <testcase classname="集成测试：活动报名子链路 getRegistrationList：本人报名列表 只返回当前用户的报名" name="集成测试：活动报名子链路 getRegistrationList：本人报名列表 只返回当前用户的报名" time="0">
    </testcase>
    <testcase classname="集成测试：活动报名子链路 handler 路由 未知 action → INVALID_PARAMS（实际 try-catch 越界）" name="集成测试：活动报名子链路 handler 路由 未知 action → INVALID_PARAMS（实际 try-catch 越界）" time="0">
    </testcase>
  </testsuite>
  <testsuite name="Sprint 16: submitEvaluation 风控接入" errors="0" failures="0" skipped="0" timestamp="2026-06-06T05:37:36" time="0.082" tests="12">
    <testcase classname="Sprint 16: submitEvaluation 风控接入 基础校验（错误码响应） 缺 orderId → error.type=INVALID_PARAMS" name="Sprint 16: submitEvaluation 风控接入 基础校验（错误码响应） 缺 orderId → error.type=INVALID_PARAMS" time="0.001">
    </testcase>
    <testcase classname="Sprint 16: submitEvaluation 风控接入 基础校验（错误码响应） 订单不存在 → error.type=ORDER_NOT_FOUND" name="Sprint 16: submitEvaluation 风控接入 基础校验（错误码响应） 订单不存在 → error.type=ORDER_NOT_FOUND" time="0">
    </testcase>
    <testcase classname="Sprint 16: submitEvaluation 风控接入 基础校验（错误码响应） 订单非本人 → error.type=PERMISSION_DENIED" name="Sprint 16: submitEvaluation 风控接入 基础校验（错误码响应） 订单非本人 → error.type=PERMISSION_DENIED" time="0">
    </testcase>
    <testcase classname="Sprint 16: submitEvaluation 风控接入 基础校验（错误码响应） 订单未完成 → error.type=BUSINESS_ERROR" name="Sprint 16: submitEvaluation 风控接入 基础校验（错误码响应） 订单未完成 → error.type=BUSINESS_ERROR" time="0">
    </testcase>
    <testcase classname="Sprint 16: submitEvaluation 风控接入 基础校验（错误码响应） 评分非法（非整数）→ error.type=INVALID_PARAMS" name="Sprint 16: submitEvaluation 风控接入 基础校验（错误码响应） 评分非法（非整数）→ error.type=INVALID_PARAMS" time="0">
    </testcase>
    <testcase classname="Sprint 16: submitEvaluation 风控接入 基础校验（错误码响应） 评分非法（&gt; 5）→ error.type=INVALID_PARAMS" name="Sprint 16: submitEvaluation 风控接入 基础校验（错误码响应） 评分非法（&gt; 5）→ error.type=INVALID_PARAMS" time="0.001">
    </testcase>
    <testcase classname="Sprint 16: submitEvaluation 风控接入 Sprint 16：风控决策码透传 action=allow → response.riskDecision=RISK_PASS" name="Sprint 16: submitEvaluation 风控接入 Sprint 16：风控决策码透传 action=allow → response.riskDecision=RISK_PASS" time="0.014">
    </testcase>
    <testcase classname="Sprint 16: submitEvaluation 风控接入 Sprint 16：风控决策码透传 action=review（高频3次）→ response.riskDecision=RISK_PENDING" name="Sprint 16: submitEvaluation 风控接入 Sprint 16：风控决策码透传 action=review（高频3次）→ response.riskDecision=RISK_PENDING" time="0.014">
    </testcase>
    <testcase classname="Sprint 16: submitEvaluation 风控接入 Sprint 16：风控决策码透传 action=reject（5 条 1 分钟内）→ error.type=RISK_REJECT" name="Sprint 16: submitEvaluation 风控接入 Sprint 16：风控决策码透传 action=reject（5 条 1 分钟内）→ error.type=RISK_REJECT" time="0.001">
    </testcase>
    <testcase classname="Sprint 16: submitEvaluation 风控接入 Sprint 16：风控决策码透传 RISK_REJECT 错误含 details.reasons + level" name="Sprint 16: submitEvaluation 风控接入 Sprint 16：风控决策码透传 RISK_REJECT 错误含 details.reasons + level" time="0">
    </testcase>
    <testcase classname="Sprint 16: submitEvaluation 风控接入 Sprint 16：风控决策码透传 action=reject 不写库" name="Sprint 16: submitEvaluation 风控接入 Sprint 16：风控决策码透传 action=reject 不写库" time="0.001">
    </testcase>
    <testcase classname="Sprint 16: submitEvaluation 风控接入 兼容：重复评价 同 orderId 已评价 → 透传 + duplicate=true" name="Sprint 16: submitEvaluation 风控接入 兼容：重复评价 同 orderId 已评价 → 透传 + duplicate=true" time="0">
    </testcase>
  </testsuite>
  <testsuite name="集成测试：团长/团购子链路" errors="0" failures="0" skipped="0" timestamp="2026-06-06T05:37:36" time="0.182" tests="19">
    <testcase classname="集成测试：团长/团购子链路 getTuanDealList 返回 published/active 状态的 deal，并补上 minPrice" name="集成测试：团长/团购子链路 getTuanDealList 返回 published/active 状态的 deal，并补上 minPrice" time="0.005">
    </testcase>
    <testcase classname="集成测试：团长/团购子链路 getTuanDealList 按 status 过滤（显式 status=draft）" name="集成测试：团长/团购子链路 getTuanDealList 按 status 过滤（显式 status=draft）" time="0.001">
    </testcase>
    <testcase classname="集成测试：团长/团购子链路 getTuanDealList SKU 多规格 deal 的 minPrice 取各 SKU 最低价" name="集成测试：团长/团购子链路 getTuanDealList SKU 多规格 deal 的 minPrice 取各 SKU 最低价" time="0.001">
    </testcase>
    <testcase classname="集成测试：团长/团购子链路 getTuanDealDetail 返回 deal 详情 + 各 product 的 minSkuPrice" name="集成测试：团长/团购子链路 getTuanDealDetail 返回 deal 详情 + 各 product 的 minSkuPrice" time="0.001">
    </testcase>
    <testcase classname="集成测试：团长/团购子链路 getTuanDealDetail deal 不存在 → NOT_FOUND" name="集成测试：团长/团购子链路 getTuanDealDetail deal 不存在 → NOT_FOUND" time="0">
    </testcase>
    <testcase classname="集成测试：团长/团购子链路 getTuanDealDetail 缺 id/dealId → INVALID_PARAMS" name="集成测试：团长/团购子链路 getTuanDealDetail 缺 id/dealId → INVALID_PARAMS" time="0.115">
    </testcase>
    <testcase classname="集成测试：团长/团购子链路 createTuanOrder 正常下单：单规格、quantity=1" name="集成测试：团长/团购子链路 createTuanOrder 正常下单：单规格、quantity=1" time="0.005">
    </testcase>
    <testcase classname="集成测试：团长/团购子链路 createTuanOrder 多规格 SKU 下单" name="集成测试：团长/团购子链路 createTuanOrder 多规格 SKU 下单" time="0.001">
    </testcase>
    <testcase classname="集成测试：团长/团购子链路 createTuanOrder 库存不足 → BUSINESS_ERROR" name="集成测试：团长/团购子链路 createTuanOrder 库存不足 → BUSINESS_ERROR" time="0.005">
    </testcase>
    <testcase classname="集成测试：团长/团购子链路 createTuanOrder SKU 库存不足 → BUSINESS_ERROR" name="集成测试：团长/团购子链路 createTuanOrder SKU 库存不足 → BUSINESS_ERROR" time="0.001">
    </testcase>
    <testcase classname="集成测试：团长/团购子链路 createTuanOrder SKU 已被禁用 → BUSINESS_ERROR" name="集成测试：团长/团购子链路 createTuanOrder SKU 已被禁用 → BUSINESS_ERROR" time="0.001">
    </testcase>
    <testcase classname="集成测试：团长/团购子链路 createTuanOrder SKU 不存在 → INVALID_PARAMS" name="集成测试：团长/团购子链路 createTuanOrder SKU 不存在 → INVALID_PARAMS" time="0.002">
    </testcase>
    <testcase classname="集成测试：团长/团购子链路 createTuanOrder productId 不在 deal 中 → INVALID_PARAMS" name="集成测试：团长/团购子链路 createTuanOrder productId 不在 deal 中 → INVALID_PARAMS" time="0.001">
    </testcase>
    <testcase classname="集成测试：团长/团购子链路 createTuanOrder 团购已过期 → BUSINESS_ERROR" name="集成测试：团长/团购子链路 createTuanOrder 团购已过期 → BUSINESS_ERROR" time="0.001">
    </testcase>
    <testcase classname="集成测试：团长/团购子链路 createTuanOrder deal 不存在 → NOT_FOUND" name="集成测试：团长/团购子链路 createTuanOrder deal 不存在 → NOT_FOUND" time="0.003">
    </testcase>
    <testcase classname="集成测试：团长/团购子链路 createTuanOrder 缺 dealId → INVALID_PARAMS" name="集成测试：团长/团购子链路 createTuanOrder 缺 dealId → INVALID_PARAMS" time="0">
    </testcase>
    <testcase classname="集成测试：团长/团购子链路 createTuanOrder 缺 productId → INVALID_PARAMS" name="集成测试：团长/团购子链路 createTuanOrder 缺 productId → INVALID_PARAMS" time="0.001">
    </testcase>
    <testcase classname="集成测试：团长/团购子链路 handler 路由 未知 action → UNKNOWN_ACTION" name="集成测试：团长/团购子链路 handler 路由 未知 action → UNKNOWN_ACTION" time="0.001">
    </testcase>
    <testcase classname="集成测试：团长/团购子链路 handler 路由 缺 action → UNKNOWN_ACTION" name="集成测试：团长/团购子链路 handler 路由 缺 action → UNKNOWN_ACTION" time="0">
    </testcase>
  </testsuite>
  <testsuite name="Sprint 12: 喂食服务子链路" errors="0" failures="0" skipped="0" timestamp="2026-06-06T05:37:36" time="0.232" tests="10">
    <testcase classname="Sprint 12: 喂食服务子链路 createFeedingOrder 完整参数创建成功" name="Sprint 12: 喂食服务子链路 createFeedingOrder 完整参数创建成功" time="0.028">
    </testcase>
    <testcase classname="Sprint 12: 喂食服务子链路 createFeedingOrder 缺 petIds 应 INVALID_PARAMS" name="Sprint 12: 喂食服务子链路 createFeedingOrder 缺 petIds 应 INVALID_PARAMS" time="0.069">
    </testcase>
    <testcase classname="Sprint 12: 喂食服务子链路 createFeedingOrder 未登录应 AUTH_REQUIRED" name="Sprint 12: 喂食服务子链路 createFeedingOrder 未登录应 AUTH_REQUIRED" time="0.013">
    </testcase>
    <testcase classname="Sprint 12: 喂食服务子链路 createFeedingOrder 无 feederId 也能下单（可选）" name="Sprint 12: 喂食服务子链路 createFeedingOrder 无 feederId 也能下单（可选）" time="0">
    </testcase>
    <testcase classname="Sprint 12: 喂食服务子链路 createFeedingOrder 带优惠券的订单字段填充" name="Sprint 12: 喂食服务子链路 createFeedingOrder 带优惠券的订单字段填充" time="0.001">
    </testcase>
    <testcase classname="Sprint 12: 喂食服务子链路 getFeedingOrders：分页查询 空列表" name="Sprint 12: 喂食服务子链路 getFeedingOrders：分页查询 空列表" time="0.001">
    </testcase>
    <testcase classname="Sprint 12: 喂食服务子链路 getFeedingOrders：分页查询 返回当前 openid 的所有订单" name="Sprint 12: 喂食服务子链路 getFeedingOrders：分页查询 返回当前 openid 的所有订单" time="0.002">
    </testcase>
    <testcase classname="Sprint 12: 喂食服务子链路 getFeedingOrders：分页查询 status 过滤" name="Sprint 12: 喂食服务子链路 getFeedingOrders：分页查询 status 过滤" time="0.029">
    </testcase>
    <testcase classname="Sprint 12: 喂食服务子链路 getFeedingOrderDetail：详情 + 权限 本人订单可查看" name="Sprint 12: 喂食服务子链路 getFeedingOrderDetail：详情 + 权限 本人订单可查看" time="0">
    </testcase>
    <testcase classname="Sprint 12: 喂食服务子链路 getFeedingOrderDetail：详情 + 权限 不存在的订单应失败" name="Sprint 12: 喂食服务子链路 getFeedingOrderDetail：详情 + 权限 不存在的订单应失败" time="0.001">
    </testcase>
  </testsuite>
  <testsuite name="Sprint 16: 业务文案 i18n（商品 / 活动 / Banner）" errors="0" failures="0" skipped="0" timestamp="2026-06-06T05:37:36" time="0.594" tests="36">
    <testcase classname="Sprint 16: 业务文案 i18n（商品 / 活动 / Banner） 商品域（mall）11 个文案 PRODUCT_* 在 BIZ_I18N 中存在（≥ 12 个）" name="Sprint 16: 业务文案 i18n（商品 / 活动 / Banner） 商品域（mall）11 个文案 PRODUCT_* 在 BIZ_I18N 中存在（≥ 12 个）" time="0.001">
    </testcase>
    <testcase classname="Sprint 16: 业务文案 i18n（商品 / 活动 / Banner） 商品域（mall）11 个文案 PRODUCT_OUT_OF_STOCK 三语" name="Sprint 16: 业务文案 i18n（商品 / 活动 / Banner） 商品域（mall）11 个文案 PRODUCT_OUT_OF_STOCK 三语" time="0.002">
    </testcase>
    <testcase classname="Sprint 16: 业务文案 i18n（商品 / 活动 / Banner） 商品域（mall）11 个文案 PRODUCT_OFF_SHELF 三语" name="Sprint 16: 业务文案 i18n（商品 / 活动 / Banner） 商品域（mall）11 个文案 PRODUCT_OFF_SHELF 三语" time="0.001">
    </testcase>
    <testcase classname="Sprint 16: 业务文案 i18n（商品 / 活动 / Banner） 商品域（mall）11 个文案 PRODUCT_LOAD_FAILED 三语" name="Sprint 16: 业务文案 i18n（商品 / 活动 / Banner） 商品域（mall）11 个文案 PRODUCT_LOAD_FAILED 三语" time="0.001">
    </testcase>
    <testcase classname="Sprint 16: 业务文案 i18n（商品 / 活动 / Banner） 商品域（mall）11 个文案 PRODUCT_DETAIL_TITLE 导航栏标题" name="Sprint 16: 业务文案 i18n（商品 / 活动 / Banner） 商品域（mall）11 个文案 PRODUCT_DETAIL_TITLE 导航栏标题" time="0">
    </testcase>
    <testcase classname="Sprint 16: 业务文案 i18n（商品 / 活动 / Banner） 活动域（activity）16 个文案 ACTIVITY_* 在 BIZ_I18N 中存在（≥ 20 个）" name="Sprint 16: 业务文案 i18n（商品 / 活动 / Banner） 活动域（activity）16 个文案 ACTIVITY_* 在 BIZ_I18N 中存在（≥ 20 个）" time="0.001">
    </testcase>
    <testcase classname="Sprint 16: 业务文案 i18n（商品 / 活动 / Banner） 活动域（activity）16 个文案 ACTIVITY_JOIN_NOW 报名按钮三语" name="Sprint 16: 业务文案 i18n（商品 / 活动 / Banner） 活动域（activity）16 个文案 ACTIVITY_JOIN_NOW 报名按钮三语" time="0">
    </testcase>
    <testcase classname="Sprint 16: 业务文案 i18n（商品 / 活动 / Banner） 活动域（activity）16 个文案 ACTIVITY_REGISTRATION_STOPPED 状态三语" name="Sprint 16: 业务文案 i18n（商品 / 活动 / Banner） 活动域（activity）16 个文案 ACTIVITY_REGISTRATION_STOPPED 状态三语" time="0.001">
    </testcase>
    <testcase classname="Sprint 16: 业务文案 i18n（商品 / 活动 / Banner） 活动域（activity）16 个文案 ACTIVITY_ENDED 状态三语" name="Sprint 16: 业务文案 i18n（商品 / 活动 / Banner） 活动域（activity）16 个文案 ACTIVITY_ENDED 状态三语" time="0.001">
    </testcase>
    <testcase classname="Sprint 16: 业务文案 i18n（商品 / 活动 / Banner） 活动域（activity）16 个文案 ACTIVITY_JOINED 状态三语" name="Sprint 16: 业务文案 i18n（商品 / 活动 / Banner） 活动域（activity）16 个文案 ACTIVITY_JOINED 状态三语" time="0">
    </testcase>
    <testcase classname="Sprint 16: 业务文案 i18n（商品 / 活动 / Banner） 活动域（activity）16 个文案 ACTIVITY_REGISTRATION_SUCCESS/FAILED 反馈" name="Sprint 16: 业务文案 i18n（商品 / 活动 / Banner） 活动域（activity）16 个文案 ACTIVITY_REGISTRATION_SUCCESS/FAILED 反馈" time="0.001">
    </testcase>
    <testcase classname="Sprint 16: 业务文案 i18n（商品 / 活动 / Banner） 活动域（activity）16 个文案 ACTIVITY_EMPTY_TITLE + ACTIVITY_EMPTY_DESC 缺省页文案" name="Sprint 16: 业务文案 i18n（商品 / 活动 / Banner） 活动域（activity）16 个文案 ACTIVITY_EMPTY_TITLE + ACTIVITY_EMPTY_DESC 缺省页文案" time="0">
    </testcase>
    <testcase classname="Sprint 16: 业务文案 i18n（商品 / 活动 / Banner） 活动域（activity）16 个文案 ACTIVITY_*_REQUIRED 表单校验文案" name="Sprint 16: 业务文案 i18n（商品 / 活动 / Banner） 活动域（activity）16 个文案 ACTIVITY_*_REQUIRED 表单校验文案" time="0">
    </testcase>
    <testcase classname="Sprint 16: 业务文案 i18n（商品 / 活动 / Banner） 轮播图（Banner）3 个文案 BANNER_LOAD_FAILED 三语" name="Sprint 16: 业务文案 i18n（商品 / 活动 / Banner） 轮播图（Banner）3 个文案 BANNER_LOAD_FAILED 三语" time="0.004">
    </testcase>
    <testcase classname="Sprint 16: 业务文案 i18n（商品 / 活动 / Banner） 轮播图（Banner）3 个文案 BANNER_PLACEHOLDER_TITLE + DESC 兜底" name="Sprint 16: 业务文案 i18n（商品 / 活动 / Banner） 轮播图（Banner）3 个文案 BANNER_PLACEHOLDER_TITLE + DESC 兜底" time="0.002">
    </testcase>
    <testcase classname="Sprint 16: 业务文案 i18n（商品 / 活动 / Banner） 支付 / 订单 6 个文案 PAYMENT_SUCCESS 三语" name="Sprint 16: 业务文案 i18n（商品 / 活动 / Banner） 支付 / 订单 6 个文案 PAYMENT_SUCCESS 三语" time="0">
    </testcase>
    <testcase classname="Sprint 16: 业务文案 i18n（商品 / 活动 / Banner） 支付 / 订单 6 个文案 PAYMENT_CANCELLED 三语" name="Sprint 16: 业务文案 i18n（商品 / 活动 / Banner） 支付 / 订单 6 个文案 PAYMENT_CANCELLED 三语" time="0">
    </testcase>
    <testcase classname="Sprint 16: 业务文案 i18n（商品 / 活动 / Banner） 支付 / 订单 6 个文案 PAYMENT_FAILED 三语" name="Sprint 16: 业务文案 i18n（商品 / 活动 / Banner） 支付 / 订单 6 个文案 PAYMENT_FAILED 三语" time="0">
    </testcase>
    <testcase classname="Sprint 16: 业务文案 i18n（商品 / 活动 / Banner） 支付 / 订单 6 个文案 ORDER_PLACE_SUCCESS/FAILED 反馈" name="Sprint 16: 业务文案 i18n（商品 / 活动 / Banner） 支付 / 订单 6 个文案 ORDER_PLACE_SUCCESS/FAILED 反馈" time="0">
    </testcase>
    <testcase classname="Sprint 16: 业务文案 i18n（商品 / 活动 / Banner） 支付 / 订单 6 个文案 PAYMENT_REQUIRED_ADDRESS 收货地址校验" name="Sprint 16: 业务文案 i18n（商品 / 活动 / Banner） 支付 / 订单 6 个文案 PAYMENT_REQUIRED_ADDRESS 收货地址校验" time="0">
    </testcase>
    <testcase classname="Sprint 16: 业务文案 i18n（商品 / 活动 / Banner） 支付 / 订单 6 个文案 COUPON_LOCK_FAILED 三语" name="Sprint 16: 业务文案 i18n（商品 / 活动 / Banner） 支付 / 订单 6 个文案 COUPON_LOCK_FAILED 三语" time="0">
    </testcase>
    <testcase classname="Sprint 16: 业务文案 i18n（商品 / 活动 / Banner） 寄养 / 上门 4 个文案 DATE_REQUIRED 三语" name="Sprint 16: 业务文案 i18n（商品 / 活动 / Banner） 寄养 / 上门 4 个文案 DATE_REQUIRED 三语" time="0">
    </testcase>
    <testcase classname="Sprint 16: 业务文案 i18n（商品 / 活动 / Banner） 寄养 / 上门 4 个文案 ADDRESS_REQUIRED 三语" name="Sprint 16: 业务文案 i18n（商品 / 活动 / Banner） 寄养 / 上门 4 个文案 ADDRESS_REQUIRED 三语" time="0">
    </testcase>
    <testcase classname="Sprint 16: 业务文案 i18n（商品 / 活动 / Banner） 寄养 / 上门 4 个文案 INVALID_PARAMS 三语" name="Sprint 16: 业务文案 i18n（商品 / 活动 / Banner） 寄养 / 上门 4 个文案 INVALID_PARAMS 三语" time="0">
    </testcase>
    <testcase classname="Sprint 16: 业务文案 i18n（商品 / 活动 / Banner） 寄养 / 上门 4 个文案 LOAD_FAILED 三语" name="Sprint 16: 业务文案 i18n（商品 / 活动 / Banner） 寄养 / 上门 4 个文案 LOAD_FAILED 三语" time="0">
    </testcase>
    <testcase classname="Sprint 16: 业务文案 i18n（商品 / 活动 / Banner） 字典完整性 BIZ_I18N 总条目 ≥ 50" name="Sprint 16: 业务文案 i18n（商品 / 活动 / Banner） 字典完整性 BIZ_I18N 总条目 ≥ 50" time="0">
    </testcase>
    <testcase classname="Sprint 16: 业务文案 i18n（商品 / 活动 / Banner） 字典完整性 每个 biz key 含三语且都非空" name="Sprint 16: 业务文案 i18n（商品 / 活动 / Banner） 字典完整性 每个 biz key 含三语且都非空" time="0.5">
    </testcase>
    <testcase classname="Sprint 16: 业务文案 i18n（商品 / 活动 / Banner） 字典完整性 按业务域分组的 key 都存在" name="Sprint 16: 业务文案 i18n（商品 / 活动 / Banner） 字典完整性 按业务域分组的 key 都存在" time="0">
    </testcase>
    <testcase classname="Sprint 16: 业务文案 i18n（商品 / 活动 / Banner） 与云端字典无冲突（同名 key 一致） INVALID_PARAMS / TOKEN_INVALID / RISK_REJECT 等交集 key 文案一致" name="Sprint 16: 业务文案 i18n（商品 / 活动 / Banner） 与云端字典无冲突（同名 key 一致） INVALID_PARAMS / TOKEN_INVALID / RISK_REJECT 等交集 key 文案一致" time="0.005">
    </testcase>
    <testcase classname="Sprint 16: 业务文案 i18n（商品 / 活动 / Banner） CDN 预编译 JSON 含业务文案 merged.zh-CN.json 含 PRODUCT_OUT_OF_STOCK" name="Sprint 16: 业务文案 i18n（商品 / 活动 / Banner） CDN 预编译 JSON 含业务文案 merged.zh-CN.json 含 PRODUCT_OUT_OF_STOCK" time="0.014">
    </testcase>
    <testcase classname="Sprint 16: 业务文案 i18n（商品 / 活动 / Banner） CDN 预编译 JSON 含业务文案 merged.en-US.json 含 ACTIVITY_JOIN_NOW" name="Sprint 16: 业务文案 i18n（商品 / 活动 / Banner） CDN 预编译 JSON 含业务文案 merged.en-US.json 含 ACTIVITY_JOIN_NOW" time="0">
    </testcase>
    <testcase classname="Sprint 16: 业务文案 i18n（商品 / 活动 / Banner） CDN 预编译 JSON 含业务文案 merged.ja-JP.json 含 BANNER_LOAD_FAILED" name="Sprint 16: 业务文案 i18n（商品 / 活动 / Banner） CDN 预编译 JSON 含业务文案 merged.ja-JP.json 含 BANNER_LOAD_FAILED" time="0">
    </testcase>
    <testcase classname="Sprint 16: 业务文案 i18n（商品 / 活动 / Banner） CDN 预编译 JSON 含业务文案 merged.*.json 业务文案数 ≥ 50" name="Sprint 16: 业务文案 i18n（商品 / 活动 / Banner） CDN 预编译 JSON 含业务文案 merged.*.json 业务文案数 ≥ 50" time="0.001">
    </testcase>
    <testcase classname="Sprint 16: 业务文案 i18n（商品 / 活动 / Banner） CDN 预编译 JSON 含业务文案 biz.*.json 各含完整业务文案" name="Sprint 16: 业务文案 i18n（商品 / 活动 / Banner） CDN 预编译 JSON 含业务文案 biz.*.json 各含完整业务文案" time="0.005">
    </testcase>
    <testcase classname="Sprint 16: 业务文案 i18n（商品 / 活动 / Banner） 缺翻译降级 业务文案在不支持 locale 时降级为 zh-CN" name="Sprint 16: 业务文案 i18n（商品 / 活动 / Banner） 缺翻译降级 业务文案在不支持 locale 时降级为 zh-CN" time="0">
    </testcase>
    <testcase classname="Sprint 16: 业务文案 i18n（商品 / 活动 / Banner） 缺翻译降级 未注册业务 key → 返回原 key" name="Sprint 16: 业务文案 i18n（商品 / 活动 / Banner） 缺翻译降级 未注册业务 key → 返回原 key" time="0">
    </testcase>
  </testsuite>
  <testsuite name="Sprint 17: query-builders TypeScript 迁移" errors="0" failures="0" skipped="0" timestamp="2026-06-06T05:37:36" time="0.106" tests="34">
    <testcase classname="Sprint 17: query-builders TypeScript 迁移 文件存在性 .ts 源文件存在" name="Sprint 17: query-builders TypeScript 迁移 文件存在性 .ts 源文件存在" time="0">
    </testcase>
    <testcase classname="Sprint 17: query-builders TypeScript 迁移 文件存在性 .js 编译产物存在" name="Sprint 17: query-builders TypeScript 迁移 文件存在性 .js 编译产物存在" time="0">
    </testcase>
    <testcase classname="Sprint 17: query-builders TypeScript 迁移 文件存在性 .d.ts 声明文件存在" name="Sprint 17: query-builders TypeScript 迁移 文件存在性 .d.ts 声明文件存在" time="0">
    </testcase>
    <testcase classname="Sprint 17: query-builders TypeScript 迁移 .ts 源码契约 导出 COLLECTION 常量" name="Sprint 17: query-builders TypeScript 迁移 .ts 源码契约 导出 COLLECTION 常量" time="0.004">
    </testcase>
    <testcase classname="Sprint 17: query-builders TypeScript 迁移 .ts 源码契约 导出 HostProfileFilters / OrderFilters 接口" name="Sprint 17: query-builders TypeScript 迁移 .ts 源码契约 导出 HostProfileFilters / OrderFilters 接口" time="0">
    </testcase>
    <testcase classname="Sprint 17: query-builders TypeScript 迁移 .ts 源码契约 从 types 导入 CloudBaseDB / CloudBaseQuery" name="Sprint 17: query-builders TypeScript 迁移 .ts 源码契约 从 types 导入 CloudBaseDB / CloudBaseQuery" time="0">
    </testcase>
    <testcase classname="Sprint 17: query-builders TypeScript 迁移 .ts 源码契约 从 date-range 导入 RangeQueryDescriptor" name="Sprint 17: query-builders TypeScript 迁移 .ts 源码契约 从 date-range 导入 RangeQueryDescriptor" time="0">
    </testcase>
    <testcase classname="Sprint 17: query-builders TypeScript 迁移 模块 API 完整性 导出所有公共函数" name="Sprint 17: query-builders TypeScript 迁移 模块 API 完整性 导出所有公共函数" time="0.004">
    </testcase>
    <testcase classname="Sprint 17: query-builders TypeScript 迁移 模块 API 完整性 COLLECTION 是 frozen 对象" name="Sprint 17: query-builders TypeScript 迁移 模块 API 完整性 COLLECTION 是 frozen 对象" time="0.002">
    </testcase>
    <testcase classname="Sprint 17: query-builders TypeScript 迁移 builder 核心 缺 db → 抛错" name="Sprint 17: query-builders TypeScript 迁移 builder 核心 缺 db → 抛错" time="0.009">
    </testcase>
    <testcase classname="Sprint 17: query-builders TypeScript 迁移 builder 核心 缺 collection → 抛错" name="Sprint 17: query-builders TypeScript 迁移 builder 核心 缺 collection → 抛错" time="0.001">
    </testcase>
    <testcase classname="Sprint 17: query-builders TypeScript 迁移 builder 核心 preset where 自动注入" name="Sprint 17: query-builders TypeScript 迁移 builder 核心 preset where 自动注入" time="0.001">
    </testcase>
    <testcase classname="Sprint 17: query-builders TypeScript 迁移 builder 核心 无 preset where" name="Sprint 17: query-builders TypeScript 迁移 builder 核心 无 preset where" time="0">
    </testcase>
    <testcase classname="Sprint 17: query-builders TypeScript 迁移 userByOpenId / userById userByOpenId" name="Sprint 17: query-builders TypeScript 迁移 userByOpenId / userById userByOpenId" time="0.003">
    </testcase>
    <testcase classname="Sprint 17: query-builders TypeScript 迁移 userByOpenId / userById userById" name="Sprint 17: query-builders TypeScript 迁移 userByOpenId / userById userById" time="0">
    </testcase>
    <testcase classname="Sprint 17: query-builders TypeScript 迁移 hostProfile filters status 过滤" name="Sprint 17: query-builders TypeScript 迁移 hostProfile filters status 过滤" time="0.001">
    </testcase>
    <testcase classname="Sprint 17: query-builders TypeScript 迁移 hostProfile filters city 过滤" name="Sprint 17: query-builders TypeScript 迁移 hostProfile filters city 过滤" time="0">
    </testcase>
    <testcase classname="Sprint 17: query-builders TypeScript 迁移 hostProfile filters hostId 过滤" name="Sprint 17: query-builders TypeScript 迁移 hostProfile filters hostId 过滤" time="0">
    </testcase>
    <testcase classname="Sprint 17: query-builders TypeScript 迁移 hostProfile filters userId 过滤" name="Sprint 17: query-builders TypeScript 迁移 hostProfile filters userId 过滤" time="0">
    </testcase>
    <testcase classname="Sprint 17: query-builders TypeScript 迁移 hostProfile filters 无过滤" name="Sprint 17: query-builders TypeScript 迁移 hostProfile filters 无过滤" time="0.001">
    </testcase>
    <testcase classname="Sprint 17: query-builders TypeScript 迁移 ordersByStatus filters userId + status + payStatus" name="Sprint 17: query-builders TypeScript 迁移 ordersByStatus filters userId + status + payStatus" time="0">
    </testcase>
    <testcase classname="Sprint 17: query-builders TypeScript 迁移 ordersByStatus filters hostId 过滤" name="Sprint 17: query-builders TypeScript 迁移 ordersByStatus filters hostId 过滤" time="0">
    </testcase>
    <testcase classname="Sprint 17: query-builders TypeScript 迁移 activeProducts 默认 status=active" name="Sprint 17: query-builders TypeScript 迁移 activeProducts 默认 status=active" time="0">
    </testcase>
    <testcase classname="Sprint 17: query-builders TypeScript 迁移 activeProducts category 过滤" name="Sprint 17: query-builders TypeScript 迁移 activeProducts category 过滤" time="0">
    </testcase>
    <testcase classname="Sprint 17: query-builders TypeScript 迁移 activeProducts keyword → RegExp" name="Sprint 17: query-builders TypeScript 迁移 activeProducts keyword → RegExp" time="0.001">
    </testcase>
    <testcase classname="Sprint 17: query-builders TypeScript 迁移 userCouponsAvailable / activityRegistration / tuanParticipants / favorite userCouponsAvailable" name="Sprint 17: query-builders TypeScript 迁移 userCouponsAvailable / activityRegistration / tuanParticipants / favorite userCouponsAvailable" time="0">
    </testcase>
    <testcase classname="Sprint 17: query-builders TypeScript 迁移 userCouponsAvailable / activityRegistration / tuanParticipants / favorite activityRegistration" name="Sprint 17: query-builders TypeScript 迁移 userCouponsAvailable / activityRegistration / tuanParticipants / favorite activityRegistration" time="0">
    </testcase>
    <testcase classname="Sprint 17: query-builders TypeScript 迁移 userCouponsAvailable / activityRegistration / tuanParticipants / favorite tuanParticipants" name="Sprint 17: query-builders TypeScript 迁移 userCouponsAvailable / activityRegistration / tuanParticipants / favorite tuanParticipants" time="0">
    </testcase>
    <testcase classname="Sprint 17: query-builders TypeScript 迁移 userCouponsAvailable / activityRegistration / tuanParticipants / favorite favorite" name="Sprint 17: query-builders TypeScript 迁移 userCouponsAvailable / activityRegistration / tuanParticipants / favorite favorite" time="0">
    </testcase>
    <testcase classname="Sprint 17: query-builders TypeScript 迁移 inDateRange rangeQuery 为 null + extraWhere" name="Sprint 17: query-builders TypeScript 迁移 inDateRange rangeQuery 为 null + extraWhere" time="0.001">
    </testcase>
    <testcase classname="Sprint 17: query-builders TypeScript 迁移 inDateRange rangeQuery 为 null + 无 extraWhere" name="Sprint 17: query-builders TypeScript 迁移 inDateRange rangeQuery 为 null + 无 extraWhere" time="0">
    </testcase>
    <testcase classname="Sprint 17: query-builders TypeScript 迁移 inDateRange rangeQuery 完整 + extraWhere 合并" name="Sprint 17: query-builders TypeScript 迁移 inDateRange rangeQuery 完整 + extraWhere 合并" time="0">
    </testcase>
    <testcase classname="Sprint 17: query-builders TypeScript 迁移 tsconfig / build 工具链 tsconfig.common.json include query-builders.ts" name="Sprint 17: query-builders TypeScript 迁移 tsconfig / build 工具链 tsconfig.common.json include query-builders.ts" time="0.002">
    </testcase>
    <testcase classname="Sprint 17: query-builders TypeScript 迁移 tsconfig / build 工具链 build-common.js TARGETS 含 query-builders.js" name="Sprint 17: query-builders TypeScript 迁移 tsconfig / build 工具链 build-common.js TARGETS 含 query-builders.js" time="0">
    </testcase>
  </testsuite>
  <testsuite name="存量数据迁移 core 模块" errors="0" failures="0" skipped="0" timestamp="2026-06-06T05:37:36" time="0.222" tests="11">
    <testcase classname="存量数据迁移 core 模块 organizerId 回填 dry-run 模式：不写入 organizerId，仅扫描" name="存量数据迁移 core 模块 organizerId 回填 dry-run 模式：不写入 organizerId，仅扫描" time="0.043">
    </testcase>
    <testcase classname="存量数据迁移 core 模块 organizerId 回填 apply 模式：organizerId 缺失订单被回填" name="存量数据迁移 core 模块 organizerId 回填 apply 模式：organizerId 缺失订单被回填" time="0.003">
    </testcase>
    <testcase classname="存量数据迁移 core 模块 organizerId 回填 找不到 hostProfile 的订单：跳过" name="存量数据迁移 core 模块 organizerId 回填 找不到 hostProfile 的订单：跳过" time="0.005">
    </testcase>
    <testcase classname="存量数据迁移 core 模块 nickName 回填 apply 模式：nickname → nickName" name="存量数据迁移 core 模块 nickName 回填 apply 模式：nickname → nickName" time="0.002">
    </testcase>
    <testcase classname="存量数据迁移 core 模块 nickName 回填 dry-run 模式：仅报告数量" name="存量数据迁移 core 模块 nickName 回填 dry-run 模式：仅报告数量" time="0.021">
    </testcase>
    <testcase classname="存量数据迁移 core 模块 petInfo → petsInfo 数组化 apply 模式：单对象包装为数组" name="存量数据迁移 core 模块 petInfo → petsInfo 数组化 apply 模式：单对象包装为数组" time="0.022">
    </testcase>
    <testcase classname="存量数据迁移 core 模块 createAt → createdAt 字段统一 apply 模式：补全 createdAt 字段，已有值不覆盖" name="存量数据迁移 core 模块 createAt → createdAt 字段统一 apply 模式：补全 createdAt 字段，已有值不覆盖" time="0.002">
    </testcase>
    <testcase classname="存量数据迁移 core 模块 --only 过滤 只处理指定任务，其他集合不被扫描" name="存量数据迁移 core 模块 --only 过滤 只处理指定任务，其他集合不被扫描" time="0.001">
    </testcase>
    <testcase classname="存量数据迁移 core 模块 --only 过滤 不传 --only：执行全部任务" name="存量数据迁移 core 模块 --only 过滤 不传 --only：执行全部任务" time="0.004">
    </testcase>
    <testcase classname="存量数据迁移 core 模块 CLI 入口 parseArgs 解析 --apply / --only / --batch / --env" name="存量数据迁移 core 模块 CLI 入口 parseArgs 解析 --apply / --only / --batch / --env" time="0">
    </testcase>
    <testcase classname="存量数据迁移 core 模块 CLI 入口 parseArgs 默认值：apply=false, only=null, batch=100" name="存量数据迁移 core 模块 CLI 入口 parseArgs 默认值：apply=false, only=null, batch=100" time="0">
    </testcase>
  </testsuite>
  <testsuite name="permissions.js" errors="0" failures="0" skipped="0" timestamp="2026-06-06T05:37:36" time="0.108" tests="29">
    <testcase classname="permissions.js ROLES 常量 应冻结以防外部修改" name="permissions.js ROLES 常量 应冻结以防外部修改" time="0">
    </testcase>
    <testcase classname="permissions.js extractRoles 数组 roles 优先" name="permissions.js extractRoles 数组 roles 优先" time="0">
    </testcase>
    <testcase classname="permissions.js extractRoles 单值 role 降级" name="permissions.js extractRoles 单值 role 降级" time="0">
    </testcase>
    <testcase classname="permissions.js extractRoles 数组 + 单值同时存在时数组优先" name="permissions.js extractRoles 数组 + 单值同时存在时数组优先" time="0">
    </testcase>
    <testcase classname="permissions.js extractRoles 应去重" name="permissions.js extractRoles 应去重" time="0">
    </testcase>
    <testcase classname="permissions.js extractRoles 空 / null / 非对象应返回空数组" name="permissions.js extractRoles 空 / null / 非对象应返回空数组" time="0.001">
    </testcase>
    <testcase classname="permissions.js isAdmin super_admin / admin / operator / viewer 都算 admin" name="permissions.js isAdmin super_admin / admin / operator / viewer 都算 admin" time="0">
    </testcase>
    <testcase classname="permissions.js isAdmin partner 不算 admin" name="permissions.js isAdmin partner 不算 admin" time="0">
    </testcase>
    <testcase classname="permissions.js isAdmin 空 doc 应返回 false" name="permissions.js isAdmin 空 doc 应返回 false" time="0">
    </testcase>
    <testcase classname="permissions.js isSuperAdmin 仅当包含 super_admin 时为 true" name="permissions.js isSuperAdmin 仅当包含 super_admin 时为 true" time="0.002">
    </testcase>
    <testcase classname="permissions.js isPartner roles 含 partner 即视为合作伙伴" name="permissions.js isPartner roles 含 partner 即视为合作伙伴" time="0">
    </testcase>
    <testcase classname="permissions.js isPartner isPartner: true 兜底" name="permissions.js isPartner isPartner: true 兜底" time="0">
    </testcase>
    <testcase classname="permissions.js isPartner 普通 owner 不算 partner" name="permissions.js isPartner 普通 owner 不算 partner" time="0">
    </testcase>
    <testcase classname="permissions.js hasPermission super_admin 隐含所有权限" name="permissions.js hasPermission super_admin 隐含所有权限" time="0">
    </testcase>
    <testcase classname="permissions.js hasPermission 普通 admin 需 permissions 中命中" name="permissions.js hasPermission 普通 admin 需 permissions 中命中" time="0.002">
    </testcase>
    <testcase classname="permissions.js hasPermission required 数组：任一命中即可" name="permissions.js hasPermission required 数组：任一命中即可" time="0.002">
    </testcase>
    <testcase classname="permissions.js hasPermission 空 doc 应返回 false" name="permissions.js hasPermission 空 doc 应返回 false" time="0">
    </testcase>
    <testcase classname="permissions.js hasRoleAtLeast 角色等级应按 super_admin &gt; admin &gt; partner &gt; operator &gt; viewer &gt; owner" name="permissions.js hasRoleAtLeast 角色等级应按 super_admin &gt; admin &gt; partner &gt; operator &gt; viewer &gt; owner" time="0">
    </testcase>
    <testcase classname="permissions.js hasRoleAtLeast admin 满足 admin 最低角色" name="permissions.js hasRoleAtLeast admin 满足 admin 最低角色" time="0">
    </testcase>
    <testcase classname="permissions.js hasRoleAtLeast super_admin 满足 admin 最低角色" name="permissions.js hasRoleAtLeast super_admin 满足 admin 最低角色" time="0">
    </testcase>
    <testcase classname="permissions.js hasRoleAtLeast operator 不满足 admin 最低角色" name="permissions.js hasRoleAtLeast operator 不满足 admin 最低角色" time="0">
    </testcase>
    <testcase classname="permissions.js hasRoleAtLeast 未知角色按 0 级处理" name="permissions.js hasRoleAtLeast 未知角色按 0 级处理" time="0">
    </testcase>
    <testcase classname="permissions.js requireOrThrow 满足角色不应抛错" name="permissions.js requireOrThrow 满足角色不应抛错" time="0.001">
    </testcase>
    <testcase classname="permissions.js requireOrThrow 不满足角色应抛 BusinessError" name="permissions.js requireOrThrow 不满足角色应抛 BusinessError" time="0.033">
    </testcase>
    <testcase classname="permissions.js requireOrThrow 不满足权限应抛 BusinessError" name="permissions.js requireOrThrow 不满足权限应抛 BusinessError" time="0">
    </testcase>
    <testcase classname="permissions.js requireOrThrow super_admin 满足任意权限" name="permissions.js requireOrThrow super_admin 满足任意权限" time="0.001">
    </testcase>
    <testcase classname="permissions.js requireOrThrow 空 options 应不抛错" name="permissions.js requireOrThrow 空 options 应不抛错" time="0">
    </testcase>
    <testcase classname="permissions.js buildIdentityContext 应汇总身份信息" name="permissions.js buildIdentityContext 应汇总身份信息" time="0">
    </testcase>
    <testcase classname="permissions.js buildIdentityContext 空 doc 应返回默认值" name="permissions.js buildIdentityContext 空 doc 应返回默认值" time="0">
    </testcase>
  </testsuite>
  <testsuite name="i18nOverride - listI18nOverrides" errors="0" failures="0" skipped="0" timestamp="2026-06-06T05:37:36" time="0.098" tests="18">
    <testcase classname="i18nOverride - listI18nOverrides 分页 + 状态过滤" name="i18nOverride - listI18nOverrides 分页 + 状态过滤" time="0.032">
    </testcase>
    <testcase classname="i18nOverride - listI18nOverrides 按 key 前缀过滤" name="i18nOverride - listI18nOverrides 按 key 前缀过滤" time="0.003">
    </testcase>
    <testcase classname="i18nOverride - getI18nOverride 按 key 拉取所有 locale" name="i18nOverride - getI18nOverride 按 key 拉取所有 locale" time="0.001">
    </testcase>
    <testcase classname="i18nOverride - getI18nOverride 缺少 key 返回 INVALID_PARAMS 响应" name="i18nOverride - getI18nOverride 缺少 key 返回 INVALID_PARAMS 响应" time="0.001">
    </testcase>
    <testcase classname="i18nOverride - upsertI18nOverride 创建新记录" name="i18nOverride - upsertI18nOverride 创建新记录" time="0.006">
    </testcase>
    <testcase classname="i18nOverride - upsertI18nOverride 更新已存在记录" name="i18nOverride - upsertI18nOverride 更新已存在记录" time="0.001">
    </testcase>
    <testcase classname="i18nOverride - upsertI18nOverride 非法 locale 返回 INVALID_PARAMS 响应" name="i18nOverride - upsertI18nOverride 非法 locale 返回 INVALID_PARAMS 响应" time="0.001">
    </testcase>
    <testcase classname="i18nOverride - upsertI18nOverride value 过长返回 INVALID_PARAMS 响应" name="i18nOverride - upsertI18nOverride value 过长返回 INVALID_PARAMS 响应" time="0.004">
    </testcase>
    <testcase classname="i18nOverride - upsertI18nOverride 非法 status 返回 INVALID_PARAMS 响应" name="i18nOverride - upsertI18nOverride 非法 status 返回 INVALID_PARAMS 响应" time="0.001">
    </testcase>
    <testcase classname="i18nOverride - batchUpsertI18nOverrides 批量新建 / 更新混合" name="i18nOverride - batchUpsertI18nOverrides 批量新建 / 更新混合" time="0.001">
    </testcase>
    <testcase classname="i18nOverride - batchUpsertI18nOverrides 空数组返回 INVALID_PARAMS 响应" name="i18nOverride - batchUpsertI18nOverrides 空数组返回 INVALID_PARAMS 响应" time="0.001">
    </testcase>
    <testcase classname="i18nOverride - batchUpsertI18nOverrides 超过 200 条返回 INVALID_PARAMS 响应" name="i18nOverride - batchUpsertI18nOverrides 超过 200 条返回 INVALID_PARAMS 响应" time="0.001">
    </testcase>
    <testcase classname="i18nOverride - deleteI18nOverride 删除已存在记录" name="i18nOverride - deleteI18nOverride 删除已存在记录" time="0.002">
    </testcase>
    <testcase classname="i18nOverride - deleteI18nOverride 缺少 overrideId 返回 INVALID_PARAMS 响应" name="i18nOverride - deleteI18nOverride 缺少 overrideId 返回 INVALID_PARAMS 响应" time="0.004">
    </testcase>
    <testcase classname="i18nOverride - fetchActiveOverrides 返回 { KEY: { locale: value } } 格式" name="i18nOverride - fetchActiveOverrides 返回 { KEY: { locale: value } } 格式" time="0.003">
    </testcase>
    <testcase classname="i18nOverride - fetchActiveOverrides 可按 locale 过滤" name="i18nOverride - fetchActiveOverrides 可按 locale 过滤" time="0.002">
    </testcase>
    <testcase classname="i18nOverride - toggleI18nOverrideStatus 切换 status" name="i18nOverride - toggleI18nOverrideStatus 切换 status" time="0.001">
    </testcase>
    <testcase classname="i18nOverride - toggleI18nOverrideStatus 非法 status 返回 INVALID_PARAMS 响应" name="i18nOverride - toggleI18nOverrideStatus 非法 status 返回 INVALID_PARAMS 响应" time="0.002">
    </testcase>
  </testsuite>
  <testsuite name="i18nOverride cloud function" errors="0" failures="0" skipped="0" timestamp="2026-06-06T05:37:36" time="0.151" tests="6">
    <testcase classname="i18nOverride cloud function 未知 action 返回错误码 4001" name="i18nOverride cloud function 未知 action 返回错误码 4001" time="0">
    </testcase>
    <testcase classname="i18nOverride cloud function 缺少 action 返回错误码 4001" name="i18nOverride cloud function 缺少 action 返回错误码 4001" time="0">
    </testcase>
    <testcase classname="i18nOverride cloud function fetchActive 返回 overrides map" name="i18nOverride cloud function fetchActive 返回 overrides map" time="0.001">
    </testcase>
    <testcase classname="i18nOverride cloud function 按 locale 过滤" name="i18nOverride cloud function 按 locale 过滤" time="0.001">
    </testcase>
    <testcase classname="i18nOverride cloud function 空集合返回空覆盖" name="i18nOverride cloud function 空集合返回空覆盖" time="0">
    </testcase>
    <testcase classname="i18nOverride cloud function fetchActiveOverrides 是 fetchActive 的别名" name="i18nOverride cloud function fetchActiveOverrides 是 fetchActive 的别名" time="0">
    </testcase>
  </testsuite>
  <testsuite name="Sprint 17: paymentService/refund 风险控制 + 限流集成" errors="0" failures="0" skipped="0" timestamp="2026-06-06T05:37:36" time="0.056" tests="9">
    <testcase classname="Sprint 17: paymentService/refund 风险控制 + 限流集成 业务校验优先于风控 缺少参数应抛 INVALID_PARAMS" name="Sprint 17: paymentService/refund 风险控制 + 限流集成 业务校验优先于风控 缺少参数应抛 INVALID_PARAMS" time="0">
    </testcase>
    <testcase classname="Sprint 17: paymentService/refund 风险控制 + 限流集成 业务校验优先于风控 未登录时应抛 PERMISSION_DENIED（缺 openid 视为非订单所有者）" name="Sprint 17: paymentService/refund 风险控制 + 限流集成 业务校验优先于风控 未登录时应抛 PERMISSION_DENIED（缺 openid 视为非订单所有者）" time="0.001">
    </testcase>
    <testcase classname="Sprint 17: paymentService/refund 风险控制 + 限流集成 风控决策映射 allow → pendingReview=false，riskDecision=RISK_PASS" name="Sprint 17: paymentService/refund 风险控制 + 限流集成 风控决策映射 allow → pendingReview=false，riskDecision=RISK_PASS" time="0">
    </testcase>
    <testcase classname="Sprint 17: paymentService/refund 风险控制 + 限流集成 风控决策映射 review → pendingReview=true，riskDecision=RISK_PENDING" name="Sprint 17: paymentService/refund 风险控制 + 限流集成 风控决策映射 review → pendingReview=true，riskDecision=RISK_PENDING" time="0.007">
    </testcase>
    <testcase classname="Sprint 17: paymentService/refund 风险控制 + 限流集成 风控决策映射 reject → 抛 RISK_REJECT" name="Sprint 17: paymentService/refund 风险控制 + 限流集成 风控决策映射 reject → 抛 RISK_REJECT" time="0.001">
    </testcase>
    <testcase classname="Sprint 17: paymentService/refund 风险控制 + 限流集成 风控模块自身异常降级 detectRefundAbuse 抛错时不应阻塞主流程（降级为 RISK_PASS）" name="Sprint 17: paymentService/refund 风险控制 + 限流集成 风控模块自身异常降级 detectRefundAbuse 抛错时不应阻塞主流程（降级为 RISK_PASS）" time="0.001">
    </testcase>
    <testcase classname="Sprint 17: paymentService/refund 风险控制 + 限流集成 限流集成 withRateLimit 应被调用且传入 userId/type/targetId" name="Sprint 17: paymentService/refund 风险控制 + 限流集成 限流集成 withRateLimit 应被调用且传入 userId/type/targetId" time="0">
    </testcase>
    <testcase classname="Sprint 17: paymentService/refund 风险控制 + 限流集成 限流集成 限流：同一用户对同一 outTradeNo 短时间内连续请求应被拦截" name="Sprint 17: paymentService/refund 风险控制 + 限流集成 限流集成 限流：同一用户对同一 outTradeNo 短时间内连续请求应被拦截" time="0.001">
    </testcase>
    <testcase classname="Sprint 17: paymentService/refund 风险控制 + 限流集成 限流集成 限流：不同用户对同一 outTradeNo 不应互相影响" name="Sprint 17: paymentService/refund 风险控制 + 限流集成 限流集成 限流：不同用户对同一 outTradeNo 不应互相影响" time="0.001">
    </testcase>
  </testsuite>
  <testsuite name="集成测试：订单通知子链路" errors="0" failures="0" skipped="0" timestamp="2026-06-06T05:37:36" time="0.081" tests="4">
    <testcase classname="集成测试：订单通知子链路 status 变更 → 写入 owner + host 两条通知" name="集成测试：订单通知子链路 status 变更 → 写入 owner + host 两条通知" time="0.002">
    </testcase>
    <testcase classname="集成测试：订单通知子链路 通知 statusText 与状态一一对应" name="集成测试：订单通知子链路 通知 statusText 与状态一一对应" time="0.001">
    </testcase>
    <testcase classname="集成测试：订单通知子链路 通知字段：包含 orderId / type=order_status_change / isRead=false" name="集成测试：订单通知子链路 通知字段：包含 orderId / type=order_status_change / isRead=false" time="0">
    </testcase>
    <testcase classname="集成测试：订单通知子链路 通知写入是 fire-and-forget：失败不阻塞主流程" name="集成测试：订单通知子链路 通知写入是 fire-and-forget：失败不阻塞主流程" time="0">
    </testcase>
  </testsuite>
  <testsuite name="Sprint 17: page-i18n 助手" errors="0" failures="0" skipped="0" timestamp="2026-06-06T05:37:36" time="0.109" tests="39">
    <testcase classname="Sprint 17: page-i18n 助手 mixin() 注入 mixin 返回 data / onLoad / 5 个方法" name="Sprint 17: page-i18n 助手 mixin() 注入 mixin 返回 data / onLoad / 5 个方法" time="0.001">
    </testcase>
    <testcase classname="Sprint 17: page-i18n 助手 mixin() 注入 mixin data.t 含核心 biz 文案" name="Sprint 17: page-i18n 助手 mixin() 注入 mixin data.t 含核心 biz 文案" time="0">
    </testcase>
    <testcase classname="Sprint 17: page-i18n 助手 mixin() 注入 $t 翻译 key" name="Sprint 17: page-i18n 助手 mixin() 注入 $t 翻译 key" time="0">
    </testcase>
    <testcase classname="Sprint 17: page-i18n 助手 mixin() 注入 toast 触发 wx.showToast (success icon)" name="Sprint 17: page-i18n 助手 mixin() 注入 toast 触发 wx.showToast (success icon)" time="0.001">
    </testcase>
    <testcase classname="Sprint 17: page-i18n 助手 mixin() 注入 error 触发 wx.showToast (none icon)" name="Sprint 17: page-i18n 助手 mixin() 注入 error 触发 wx.showToast (none icon)" time="0">
    </testcase>
    <testcase classname="Sprint 17: page-i18n 助手 mixin() 注入 toast 支持覆盖 icon" name="Sprint 17: page-i18n 助手 mixin() 注入 toast 支持覆盖 icon" time="0.001">
    </testcase>
    <testcase classname="Sprint 17: page-i18n 助手 create() 工厂模式 create 返回 6 个方法" name="Sprint 17: page-i18n 助手 create() 工厂模式 create 返回 6 个方法" time="0">
    </testcase>
    <testcase classname="Sprint 17: page-i18n 助手 create() 工厂模式 create 使用 app.globalData.locale" name="Sprint 17: page-i18n 助手 create() 工厂模式 create 使用 app.globalData.locale" time="0.003">
    </testcase>
    <testcase classname="Sprint 17: page-i18n 助手 create() 工厂模式 create.setLocale 同步到 app" name="Sprint 17: page-i18n 助手 create() 工厂模式 create.setLocale 同步到 app" time="0">
    </testcase>
    <testcase classname="Sprint 17: page-i18n 助手 create() 工厂模式 create.showToast" name="Sprint 17: page-i18n 助手 create() 工厂模式 create.showToast" time="0">
    </testcase>
    <testcase classname="Sprint 17: page-i18n 助手 create() 工厂模式 create.showError 用 none icon" name="Sprint 17: page-i18n 助手 create() 工厂模式 create.showError 用 none icon" time="0">
    </testcase>
    <testcase classname="Sprint 17: page-i18n 助手 bindTData() wxml 友好 生成 t map（zh-CN）" name="Sprint 17: page-i18n 助手 bindTData() wxml 友好 生成 t map（zh-CN）" time="0.001">
    </testcase>
    <testcase classname="Sprint 17: page-i18n 助手 bindTData() wxml 友好 生成 t map（en-US）" name="Sprint 17: page-i18n 助手 bindTData() wxml 友好 生成 t map（en-US）" time="0.002">
    </testcase>
    <testcase classname="Sprint 17: page-i18n 助手 bindTData() wxml 友好 biz 与 error 都包含" name="Sprint 17: page-i18n 助手 bindTData() wxml 友好 biz 与 error 都包含" time="0.001">
    </testcase>
    <testcase classname="Sprint 17: page-i18n 助手 bindTData() wxml 友好 create().bindTData() 等价 buildTMap" name="Sprint 17: page-i18n 助手 bindTData() wxml 友好 create().bindTData() 等价 buildTMap" time="0">
    </testcase>
    <testcase classname="Sprint 17: codemod-page-i18n 替换 wx.showToast(success) → this.toast" name="Sprint 17: codemod-page-i18n 替换 wx.showToast(success) → this.toast" time="0.003">
    </testcase>
    <testcase classname="Sprint 17: codemod-page-i18n 替换 wx.showToast(none) → this.error" name="Sprint 17: codemod-page-i18n 替换 wx.showToast(none) → this.error" time="0.003">
    </testcase>
    <testcase classname="Sprint 17: codemod-page-i18n 替换 wx.showToast 默认 → this.error" name="Sprint 17: codemod-page-i18n 替换 wx.showToast 默认 → this.error" time="0.006">
    </testcase>
    <testcase classname="Sprint 17: codemod-page-i18n 不替换未注册的中文文案" name="Sprint 17: codemod-page-i18n 不替换未注册的中文文案" time="0">
    </testcase>
    <testcase classname="Sprint 17: codemod-page-i18n 自动注入 mixin 与 require" name="Sprint 17: codemod-page-i18n 自动注入 mixin 与 require" time="0.001">
    </testcase>
    <testcase classname="Sprint 17: codemod-page-i18n subpackages 路径推断" name="Sprint 17: codemod-page-i18n subpackages 路径推断" time="0.001">
    </testcase>
    <testcase classname="Sprint 17: codemod-page-i18n 不重复注入（已有 mixin 时跳过）" name="Sprint 17: codemod-page-i18n 不重复注入（已有 mixin 时跳过）" time="0.002">
    </testcase>
    <testcase classname="Sprint 17: codemod-page-i18n dry-run 不写文件" name="Sprint 17: codemod-page-i18n dry-run 不写文件" time="0.001">
    </testcase>
    <testcase classname="Sprint 17: codemod-page-i18n ZH_LOOKUP 包含 BIZ_I18N zh-CN + 错误码 zh-CN" name="Sprint 17: codemod-page-i18n ZH_LOOKUP 包含 BIZ_I18N zh-CN + 错误码 zh-CN" time="0">
    </testcase>
    <testcase classname="Sprint 17: 端到端 codemod + i18n 替换后的代码调用 toast() 走 i18n 翻译" name="Sprint 17: 端到端 codemod + i18n 替换后的代码调用 toast() 走 i18n 翻译" time="0">
    </testcase>
    <testcase classname="Sprint 17: 端到端 codemod + i18n 切换 locale 后文案变化" name="Sprint 17: 端到端 codemod + i18n 切换 locale 后文案变化" time="0">
    </testcase>
    <testcase classname="Sprint 18: page-i18n 动态错误方法 errorDynamic() text 存在时优先使用 text" name="Sprint 18: page-i18n 动态错误方法 errorDynamic() text 存在时优先使用 text" time="0">
    </testcase>
    <testcase classname="Sprint 18: page-i18n 动态错误方法 errorDynamic() text 为空时 fallback 到 i18n key" name="Sprint 18: page-i18n 动态错误方法 errorDynamic() text 为空时 fallback 到 i18n key" time="0">
    </testcase>
    <testcase classname="Sprint 18: page-i18n 动态错误方法 errorDynamic() text 为 null/undefined 时 fallback" name="Sprint 18: page-i18n 动态错误方法 errorDynamic() text 为 null/undefined 时 fallback" time="0.004">
    </testcase>
    <testcase classname="Sprint 18: page-i18n 动态错误方法 errorDynamic() 支持 duration 等 opts" name="Sprint 18: page-i18n 动态错误方法 errorDynamic() 支持 duration 等 opts" time="0.001">
    </testcase>
    <testcase classname="Sprint 18: page-i18n 动态错误方法 toastDynamic() text 优先 / 空时 fallback" name="Sprint 18: page-i18n 动态错误方法 toastDynamic() text 优先 / 空时 fallback" time="0.003">
    </testcase>
    <testcase classname="Sprint 18: page-i18n 动态错误方法 函数形式 toast(fn) 调用 fn 取文案" name="Sprint 18: page-i18n 动态错误方法 函数形式 toast(fn) 调用 fn 取文案" time="0">
    </testcase>
    <testcase classname="Sprint 18: page-i18n 动态错误方法 函数形式 error(fn) 走 none icon" name="Sprint 18: page-i18n 动态错误方法 函数形式 error(fn) 走 none icon" time="0.001">
    </testcase>
    <testcase classname="Sprint 18: codemod 新模式 多行 wx.showToast 替换" name="Sprint 18: codemod 新模式 多行 wx.showToast 替换" time="0.001">
    </testcase>
    <testcase classname="Sprint 18: codemod 新模式 动态 fallback: err.message || &quot;X&quot; → errorDynamic" name="Sprint 18: codemod 新模式 动态 fallback: err.message || &quot;X&quot; → errorDynamic" time="0.001">
    </testcase>
    <testcase classname="Sprint 18: codemod 新模式 字符串拼接: &quot;X：&quot; + expr → 函数形式" name="Sprint 18: codemod 新模式 字符串拼接: &quot;X：&quot; + expr → 函数形式" time="0.001">
    </testcase>
    <testcase classname="Sprint 18: codemod 新模式 裸表达式: err.message → 函数形式" name="Sprint 18: codemod 新模式 裸表达式: err.message → 函数形式" time="0.001">
    </testcase>
    <testcase classname="Sprint 18: codemod 新模式 三元: cond ? &quot;A&quot; : &quot;B&quot; → 翻译 + 函数形式" name="Sprint 18: codemod 新模式 三元: cond ? &quot;A&quot; : &quot;B&quot; → 翻译 + 函数形式" time="0.003">
    </testcase>
    <testcase classname="Sprint 18: codemod 新模式 模板字符串: 整段无 key → 函数形式" name="Sprint 18: codemod 新模式 模板字符串: 整段无 key → 函数形式" time="0.002">
    </testcase>
  </testsuite>
  <testsuite name="Sprint 17: risk-rate-limit 限流模块" errors="0" failures="0" skipped="0" timestamp="2026-06-06T05:37:36" time="0.083" tests="40">
    <testcase classname="Sprint 17: risk-rate-limit 限流模块 文件存在性 .ts 源文件存在" name="Sprint 17: risk-rate-limit 限流模块 文件存在性 .ts 源文件存在" time="0">
    </testcase>
    <testcase classname="Sprint 17: risk-rate-limit 限流模块 文件存在性 .js 编译产物存在" name="Sprint 17: risk-rate-limit 限流模块 文件存在性 .js 编译产物存在" time="0.003">
    </testcase>
    <testcase classname="Sprint 17: risk-rate-limit 限流模块 文件存在性 .d.ts 声明文件存在" name="Sprint 17: risk-rate-limit 限流模块 文件存在性 .d.ts 声明文件存在" time="0">
    </testcase>
    <testcase classname="Sprint 17: risk-rate-limit 限流模块 .ts 源码契约 导出 RateLimitConfig 接口" name="Sprint 17: risk-rate-limit 限流模块 .ts 源码契约 导出 RateLimitConfig 接口" time="0.001">
    </testcase>
    <testcase classname="Sprint 17: risk-rate-limit 限流模块 .ts 源码契约 导出 RateLimitCheckInput / RateLimitResult" name="Sprint 17: risk-rate-limit 限流模块 .ts 源码契约 导出 RateLimitCheckInput / RateLimitResult" time="0">
    </testcase>
    <testcase classname="Sprint 17: risk-rate-limit 限流模块 .ts 源码契约 导出 peekRateLimit / consumeRateLimit / withRateLimit" name="Sprint 17: risk-rate-limit 限流模块 .ts 源码契约 导出 peekRateLimit / consumeRateLimit / withRateLimit" time="0">
    </testcase>
    <testcase classname="Sprint 17: risk-rate-limit 限流模块 .ts 源码契约 导出 DEFAULT_RISK_RATE_LIMIT_CONFIG 常量" name="Sprint 17: risk-rate-limit 限流模块 .ts 源码契约 导出 DEFAULT_RISK_RATE_LIMIT_CONFIG 常量" time="0.004">
    </testcase>
    <testcase classname="Sprint 17: risk-rate-limit 限流模块 模块 API 完整性 导出所有公共 API" name="Sprint 17: risk-rate-limit 限流模块 模块 API 完整性 导出所有公共 API" time="0">
    </testcase>
    <testcase classname="Sprint 17: risk-rate-limit 限流模块 模块 API 完整性 DEFAULT_RISK_RATE_LIMIT_CONFIG 字段" name="Sprint 17: risk-rate-limit 限流模块 模块 API 完整性 DEFAULT_RISK_RATE_LIMIT_CONFIG 字段" time="0.001">
    </testcase>
    <testcase classname="Sprint 17: risk-rate-limit 限流模块 peekRateLimit 不消费配额 首次查询：allowed=true，remaining=10" name="Sprint 17: risk-rate-limit 限流模块 peekRateLimit 不消费配额 首次查询：allowed=true，remaining=10" time="0">
    </testcase>
    <testcase classname="Sprint 17: risk-rate-limit 限流模块 peekRateLimit 不消费配额 连续 peek 5 次 remaining 始终 = 10" name="Sprint 17: risk-rate-limit 限流模块 peekRateLimit 不消费配额 连续 peek 5 次 remaining 始终 = 10" time="0.001">
    </testcase>
    <testcase classname="Sprint 17: risk-rate-limit 限流模块 peekRateLimit 不消费配额 peekRateLimit 不修改 store" name="Sprint 17: risk-rate-limit 限流模块 peekRateLimit 不消费配额 peekRateLimit 不修改 store" time="0.004">
    </testcase>
    <testcase classname="Sprint 17: risk-rate-limit 限流模块 consumeRateLimit 消费配额 consume 后 store 记录 +1" name="Sprint 17: risk-rate-limit 限流模块 consumeRateLimit 消费配额 consume 后 store 记录 +1" time="0.006">
    </testcase>
    <testcase classname="Sprint 17: risk-rate-limit 限流模块 consumeRateLimit 消费配额 consume 5 次后 remaining=5" name="Sprint 17: risk-rate-limit 限流模块 consumeRateLimit 消费配额 consume 5 次后 remaining=5" time="0">
    </testcase>
    <testcase classname="Sprint 17: risk-rate-limit 限流模块 consumeRateLimit 消费配额 consume 10 次后第 11 次抛 RATE_LIMIT_GLOBAL" name="Sprint 17: risk-rate-limit 限流模块 consumeRateLimit 消费配额 consume 10 次后第 11 次抛 RATE_LIMIT_GLOBAL" time="0.001">
    </testcase>
    <testcase classname="Sprint 17: risk-rate-limit 限流模块 全局限流（每用户每分钟 N 次） 前 3 次允许" name="Sprint 17: risk-rate-limit 限流模块 全局限流（每用户每分钟 N 次） 前 3 次允许" time="0">
    </testcase>
    <testcase classname="Sprint 17: risk-rate-limit 限流模块 全局限流（每用户每分钟 N 次） 第 4 次拒绝" name="Sprint 17: risk-rate-limit 限流模块 全局限流（每用户每分钟 N 次） 第 4 次拒绝" time="0.019">
    </testcase>
    <testcase classname="Sprint 17: risk-rate-limit 限流模块 全局限流（每用户每分钟 N 次） 不同 user 互不影响" name="Sprint 17: risk-rate-limit 限流模块 全局限流（每用户每分钟 N 次） 不同 user 互不影响" time="0">
    </testcase>
    <testcase classname="Sprint 17: risk-rate-limit 限流模块 全局限流（每用户每分钟 N 次） 不同 type 互不影响" name="Sprint 17: risk-rate-limit 限流模块 全局限流（每用户每分钟 N 次） 不同 type 互不影响" time="0.001">
    </testcase>
    <testcase classname="Sprint 17: risk-rate-limit 限流模块 目标级限流（perUserPerTargetPerMinute） 同一目标 ≤ 2 次允许" name="Sprint 17: risk-rate-limit 限流模块 目标级限流（perUserPerTargetPerMinute） 同一目标 ≤ 2 次允许" time="0.001">
    </testcase>
    <testcase classname="Sprint 17: risk-rate-limit 限流模块 目标级限流（perUserPerTargetPerMinute） 不同目标独立计数" name="Sprint 17: risk-rate-limit 限流模块 目标级限流（perUserPerTargetPerMinute） 不同目标独立计数" time="0">
    </testcase>
    <testcase classname="Sprint 17: risk-rate-limit 限流模块 目标级限流（perUserPerTargetPerMinute） 全局限流先于目标限流" name="Sprint 17: risk-rate-limit 限流模块 目标级限流（perUserPerTargetPerMinute） 全局限流先于目标限流" time="0">
    </testcase>
    <testcase classname="Sprint 17: risk-rate-limit 限流模块 目标级限流（perUserPerTargetPerMinute） remaining 取全局与目标中较小值" name="Sprint 17: risk-rate-limit 限流模块 目标级限流（perUserPerTargetPerMinute） remaining 取全局与目标中较小值" time="0.001">
    </testcase>
    <testcase classname="Sprint 17: risk-rate-limit 限流模块 滑动窗口 窗口外的请求自动释放" name="Sprint 17: risk-rate-limit 限流模块 滑动窗口 窗口外的请求自动释放" time="0">
    </testcase>
    <testcase classname="Sprint 17: risk-rate-limit 限流模块 错误响应 超限抛 RATE_LIMITED BusinessError" name="Sprint 17: risk-rate-limit 限流模块 错误响应 超限抛 RATE_LIMITED BusinessError" time="0.001">
    </testcase>
    <testcase classname="Sprint 17: risk-rate-limit 限流模块 错误响应 错误 details 含 remaining + resetAt" name="Sprint 17: risk-rate-limit 限流模块 错误响应 错误 details 含 remaining + resetAt" time="0">
    </testcase>
    <testcase classname="Sprint 17: risk-rate-limit 限流模块 withRateLimit 包裹函数 正常执行：返回 fn 结果" name="Sprint 17: risk-rate-limit 限流模块 withRateLimit 包裹函数 正常执行：返回 fn 结果" time="0">
    </testcase>
    <testcase classname="Sprint 17: risk-rate-limit 限流模块 withRateLimit 包裹函数 超限：fn 不被调用，抛错" name="Sprint 17: risk-rate-limit 限流模块 withRateLimit 包裹函数 超限：fn 不被调用，抛错" time="0">
    </testcase>
    <testcase classname="Sprint 17: risk-rate-limit 限流模块 withRateLimit 包裹函数 fn 抛错：限流配额仍被消费" name="Sprint 17: risk-rate-limit 限流模块 withRateLimit 包裹函数 fn 抛错：限流配额仍被消费" time="0">
    </testcase>
    <testcase classname="Sprint 17: risk-rate-limit 限流模块 store 工具 _resetStore 清空所有 key" name="Sprint 17: risk-rate-limit 限流模块 store 工具 _resetStore 清空所有 key" time="0.001">
    </testcase>
    <testcase classname="Sprint 17: risk-rate-limit 限流模块 store 工具 getStoreStats 返回统计" name="Sprint 17: risk-rate-limit 限流模块 store 工具 getStoreStats 返回统计" time="0">
    </testcase>
    <testcase classname="Sprint 17: risk-rate-limit 限流模块 Sprint 21: 全局 store 注入 setGlobalRateLimitStore / getGlobalRateLimitStore" name="Sprint 17: risk-rate-limit 限流模块 Sprint 21: 全局 store 注入 setGlobalRateLimitStore / getGlobalRateLimitStore" time="0">
    </testcase>
    <testcase classname="Sprint 17: risk-rate-limit 限流模块 Sprint 21: 全局 store 注入 initGlobalRateLimitFromDb 接受 mock db" name="Sprint 17: risk-rate-limit 限流模块 Sprint 21: 全局 store 注入 initGlobalRateLimitFromDb 接受 mock db" time="0">
    </testcase>
    <testcase classname="Sprint 17: risk-rate-limit 限流模块 Sprint 21: 全局 store 注入 initGlobalRateLimitFromDb 接受 null 返回 false" name="Sprint 17: risk-rate-limit 限流模块 Sprint 21: 全局 store 注入 initGlobalRateLimitFromDb 接受 null 返回 false" time="0">
    </testcase>
    <testcase classname="Sprint 17: risk-rate-limit 限流模块 真实业务场景 评价刷量检测：用户对同一 host 限流" name="Sprint 17: risk-rate-limit 限流模块 真实业务场景 评价刷量检测：用户对同一 host 限流" time="0">
    </testcase>
    <testcase classname="Sprint 17: risk-rate-limit 限流模块 真实业务场景 退款滥用检测：全局 + 目标双层保护" name="Sprint 17: risk-rate-limit 限流模块 真实业务场景 退款滥用检测：全局 + 目标双层保护" time="0.001">
    </testcase>
    <testcase classname="Sprint 17: risk-rate-limit 限流模块 真实业务场景 不同 type（evaluation / refund）互不影响" name="Sprint 17: risk-rate-limit 限流模块 真实业务场景 不同 type（evaluation / refund）互不影响" time="0">
    </testcase>
    <testcase classname="Sprint 17: risk-rate-limit 限流模块 与风控集成：拦截的请求不应触发 db 查询 withRateLimit 拦截后 fn 不被调用" name="Sprint 17: risk-rate-limit 限流模块 与风控集成：拦截的请求不应触发 db 查询 withRateLimit 拦截后 fn 不被调用" time="0">
    </testcase>
    <testcase classname="Sprint 17: risk-rate-limit 限流模块 tsconfig / build 工具链 tsconfig.common.json include risk-rate-limit.ts" name="Sprint 17: risk-rate-limit 限流模块 tsconfig / build 工具链 tsconfig.common.json include risk-rate-limit.ts" time="0">
    </testcase>
    <testcase classname="Sprint 17: risk-rate-limit 限流模块 tsconfig / build 工具链 build-common.js TARGETS 含 risk-rate-limit.js" name="Sprint 17: risk-rate-limit 限流模块 tsconfig / build 工具链 build-common.js TARGETS 含 risk-rate-limit.js" time="0">
    </testcase>
  </testsuite>
  <testsuite name="common/performance-metrics" errors="0" failures="0" skipped="0" timestamp="2026-06-06T05:37:36" time="0.124" tests="24">
    <testcase classname="common/performance-metrics start / success / failure success 累计一次样本，错误计数为 0" name="common/performance-metrics start / success / failure success 累计一次样本，错误计数为 0" time="0.001">
    </testcase>
    <testcase classname="common/performance-metrics start / success / failure failure 累计一次样本 + errors 计数" name="common/performance-metrics start / success / failure failure 累计一次样本 + errors 计数" time="0">
    </testcase>
    <testcase classname="common/performance-metrics start / success / failure failure 缺 code 时记为 UNKNOWN" name="common/performance-metrics start / success / failure failure 缺 code 时记为 UNKNOWN" time="0">
    </testcase>
    <testcase classname="common/performance-metrics record（直接调用） 直接 record 也能聚合" name="common/performance-metrics record（直接调用） 直接 record 也能聚合" time="0">
    </testcase>
    <testcase classname="common/performance-metrics record（直接调用） elapsedMs 测量准确度" name="common/performance-metrics record（直接调用） elapsedMs 测量准确度" time="0.054">
    </testcase>
    <testcase classname="common/performance-metrics percentile P50 / P95 / P99 计算" name="common/performance-metrics percentile P50 / P95 / P99 计算" time="0.001">
    </testcase>
    <testcase classname="common/performance-metrics percentile 空数组返回 0" name="common/performance-metrics percentile 空数组返回 0" time="0">
    </testcase>
    <testcase classname="common/performance-metrics percentile 单元素" name="common/performance-metrics percentile 单元素" time="0">
    </testcase>
    <testcase classname="common/performance-metrics incCounter / setGauge incCounter 累加" name="common/performance-metrics incCounter / setGauge incCounter 累加" time="0">
    </testcase>
    <testcase classname="common/performance-metrics incCounter / setGauge incCounter 默认 +1" name="common/performance-metrics incCounter / setGauge incCounter 默认 +1" time="0">
    </testcase>
    <testcase classname="common/performance-metrics incCounter / setGauge setGauge 覆盖写" name="common/performance-metrics incCounter / setGauge setGauge 覆盖写" time="0">
    </testcase>
    <testcase classname="common/performance-metrics getSnapshot 空 snapshot 包含结构化字段" name="common/performance-metrics getSnapshot 空 snapshot 包含结构化字段" time="0.001">
    </testcase>
    <testcase classname="common/performance-metrics getSnapshot errorRate = errors / total" name="common/performance-metrics getSnapshot errorRate = errors / total" time="0">
    </testcase>
    <testcase classname="common/performance-metrics getSnapshot max 取样本最大值" name="common/performance-metrics getSnapshot max 取样本最大值" time="0">
    </testcase>
    <testcase classname="common/performance-metrics wrap 装饰器 成功路径 → total+=1, errors=0" name="common/performance-metrics wrap 装饰器 成功路径 → total+=1, errors=0" time="0">
    </testcase>
    <testcase classname="common/performance-metrics wrap 装饰器 失败路径 → total+=1, errors+=1，并抛错" name="common/performance-metrics wrap 装饰器 失败路径 → total+=1, errors+=1，并抛错" time="0.009">
    </testcase>
    <testcase classname="common/performance-metrics 阈值告警 duration &gt; criticalMs → alert level=CRITICAL" name="common/performance-metrics 阈值告警 duration &gt; criticalMs → alert level=CRITICAL" time="0.001">
    </testcase>
    <testcase classname="common/performance-metrics 阈值告警 slowMs &lt; duration &lt; criticalMs → alert level=SLOW" name="common/performance-metrics 阈值告警 slowMs &lt; duration &lt; criticalMs → alert level=SLOW" time="0">
    </testcase>
    <testcase classname="common/performance-metrics 阈值告警 duration &lt; slowMs → 不告警" name="common/performance-metrics 阈值告警 duration &lt; slowMs → 不告警" time="0">
    </testcase>
    <testcase classname="common/performance-metrics 阈值告警 isError=true 不触发告警（仅统计）" name="common/performance-metrics 阈值告警 isError=true 不触发告警（仅统计）" time="0">
    </testcase>
    <testcase classname="common/performance-metrics 阈值告警 无 alertHook → 不抛错" name="common/performance-metrics 阈值告警 无 alertHook → 不抛错" time="0">
    </testcase>
    <testcase classname="common/performance-metrics 阈值告警 setThresholds 改阈值后告警判断变化" name="common/performance-metrics 阈值告警 setThresholds 改阈值后告警判断变化" time="0">
    </testcase>
    <testcase classname="common/performance-metrics reset / maxSamples reset 清空 buckets/counters/gauges" name="common/performance-metrics reset / maxSamples reset 清空 buckets/counters/gauges" time="0">
    </testcase>
    <testcase classname="common/performance-metrics 默认常量 DEFAULT_SLOW_MS=800, DEFAULT_CRITICAL_MS=3000" name="common/performance-metrics 默认常量 DEFAULT_SLOW_MS=800, DEFAULT_CRITICAL_MS=3000" time="0">
    </testcase>
  </testsuite>
  <testsuite name="normalize.js" errors="0" failures="0" skipped="0" timestamp="2026-06-06T05:37:37" time="0.045" tests="23">
    <testcase classname="normalize.js normalizeBase 应将 _id 复制为 id" name="normalize.js normalizeBase 应将 _id 复制为 id" time="0">
    </testcase>
    <testcase classname="normalize.js normalizeBase 已存在 id 时不应覆盖" name="normalize.js normalizeBase 已存在 id 时不应覆盖" time="0">
    </testcase>
    <testcase classname="normalize.js normalizeBase 应将 createAt → createdAt" name="normalize.js normalizeBase 应将 createAt → createdAt" time="0">
    </testcase>
    <testcase classname="normalize.js normalizeBase 应将 updateAt → updatedAt" name="normalize.js normalizeBase 应将 updateAt → updatedAt" time="0.001">
    </testcase>
    <testcase classname="normalize.js normalizeBase null / 非对象应原样返回" name="normalize.js normalizeBase null / 非对象应原样返回" time="0">
    </testcase>
    <testcase classname="normalize.js normalizeOrder 应同时归一化 id / createdAt / duration / petIds / petInfos / hostId / amount" name="normalize.js normalizeOrder 应同时归一化 id / createdAt / duration / petIds / petInfos / hostId / amount" time="0">
    </testcase>
    <testcase classname="normalize.js normalizeOrder duration 优先级：duration &gt; days &gt; nights" name="normalize.js normalizeOrder duration 优先级：duration &gt; days &gt; nights" time="0.002">
    </testcase>
    <testcase classname="normalize.js normalizeOrder amount 优先级：amount &gt; totalAmount &gt; totalPrice &gt; money" name="normalize.js normalizeOrder amount 优先级：amount &gt; totalAmount &gt; totalPrice &gt; money" time="0.001">
    </testcase>
    <testcase classname="normalize.js normalizeOrder petIds 兼容 petIDs（驼峰 / 全大写）" name="normalize.js normalizeOrder petIds 兼容 petIDs（驼峰 / 全大写）" time="0">
    </testcase>
    <testcase classname="normalize.js normalizeOrder hostId 可显式传入" name="normalize.js normalizeOrder hostId 可显式传入" time="0">
    </testcase>
    <testcase classname="normalize.js denormalizeOrder 应剔除已废弃字段" name="normalize.js denormalizeOrder 应剔除已废弃字段" time="0.001">
    </testcase>
    <testcase classname="normalize.js normalizeUser 应将 nickname 归一为 nickName" name="normalize.js normalizeUser 应将 nickname 归一为 nickName" time="0">
    </testcase>
    <testcase classname="normalize.js normalizeUser avatarUrl 兼容 avatar / headImg" name="normalize.js normalizeUser avatarUrl 兼容 avatar / headImg" time="0">
    </testcase>
    <testcase classname="normalize.js normalizeHost pricePerDay 兼容 price / dayPrice" name="normalize.js normalizeHost pricePerDay 兼容 price / dayPrice" time="0">
    </testcase>
    <testcase classname="normalize.js normalizePet 应将 sex 归一为 gender" name="normalize.js normalizePet 应将 sex 归一为 gender" time="0.001">
    </testcase>
    <testcase classname="normalize.js normalizeProduct coverUrl 兼容 coverImage / cover" name="normalize.js normalizeProduct coverUrl 兼容 coverImage / cover" time="0">
    </testcase>
    <testcase classname="normalize.js normalizeList 应批量归一化" name="normalize.js normalizeList 应批量归一化" time="0.001">
    </testcase>
    <testcase classname="normalize.js normalizeList 应支持自定义归一化器" name="normalize.js normalizeList 应支持自定义归一化器" time="0">
    </testcase>
    <testcase classname="normalize.js normalizeList 非数组应返回空数组" name="normalize.js normalizeList 非数组应返回空数组" time="0">
    </testcase>
    <testcase classname="normalize.js normalizeByCollection orders → normalizeOrder" name="normalize.js normalizeByCollection orders → normalizeOrder" time="0">
    </testcase>
    <testcase classname="normalize.js normalizeByCollection users → normalizeUser" name="normalize.js normalizeByCollection users → normalizeUser" time="0">
    </testcase>
    <testcase classname="normalize.js normalizeByCollection 未知集合 → normalizeBase" name="normalize.js normalizeByCollection 未知集合 → normalizeBase" time="0">
    </testcase>
    <testcase classname="normalize.js normalizeByCollection 批量模式" name="normalize.js normalizeByCollection 批量模式" time="0.001">
    </testcase>
  </testsuite>
  <testsuite name="Sprint 13: idempotency.js → .ts 迁移" errors="0" failures="0" skipped="0" timestamp="2026-06-06T05:37:37" time="0.086" tests="17">
    <testcase classname="Sprint 13: idempotency.js → .ts 迁移 idempotency.ts 源文件应存在" name="Sprint 13: idempotency.js → .ts 迁移 idempotency.ts 源文件应存在" time="0.001">
    </testcase>
    <testcase classname="Sprint 13: idempotency.js → .ts 迁移 编译产物 idempotency.js 应存在" name="Sprint 13: idempotency.js → .ts 迁移 编译产物 idempotency.js 应存在" time="0">
    </testcase>
    <testcase classname="Sprint 13: idempotency.js → .ts 迁移 类型声明 idempotency.d.ts 应存在" name="Sprint 13: idempotency.js → .ts 迁移 类型声明 idempotency.d.ts 应存在" time="0">
    </testcase>
    <testcase classname="Sprint 13: idempotency.js → .ts 迁移 idempotency.js 顶部应有 eslint-disable 标记（tsc 产物）" name="Sprint 13: idempotency.js → .ts 迁移 idempotency.js 顶部应有 eslint-disable 标记（tsc 产物）" time="0">
    </testcase>
    <testcase classname="Sprint 13: idempotency.js → .ts 迁移 编译后的 .js 仍能正确导出所有公共 API" name="Sprint 13: idempotency.js → .ts 迁移 编译后的 .js 仍能正确导出所有公共 API" time="0.005">
    </testcase>
    <testcase classname="Sprint 13: idempotency.js → .ts 迁移 .d.ts 应包含所有公共 API 签名" name="Sprint 13: idempotency.js → .ts 迁移 .d.ts 应包含所有公共 API 签名" time="0">
    </testcase>
    <testcase classname="Sprint 13: idempotency.js → .ts 迁移 tsconfig.common.json 应包含 idempotency.ts" name="Sprint 13: idempotency.js → .ts 迁移 tsconfig.common.json 应包含 idempotency.ts" time="0.001">
    </testcase>
    <testcase classname="Sprint 13: idempotency.js → .ts 迁移 build:common 应处理 idempotency.js" name="Sprint 13: idempotency.js → .ts 迁移 build:common 应处理 idempotency.js" time="0">
    </testcase>
    <testcase classname="Sprint 13: idempotency.js → .ts 迁移 crypto.d.ts shim 应存在（idempotency.ts 编译时需要）" name="Sprint 13: idempotency.js → .ts 迁移 crypto.d.ts shim 应存在（idempotency.ts 编译时需要）" time="0">
    </testcase>
    <testcase classname="Sprint 13: idempotency.js → .ts 迁移 buildIdempotencyKey 行为与迁移前完全一致" name="Sprint 13: idempotency.js → .ts 迁移 buildIdempotencyKey 行为与迁移前完全一致" time="0">
    </testcase>
    <testcase classname="Sprint 13: idempotency.js → .ts 迁移 buildIdempotencyKey 缺 action 应抛 INVALID_PARAMS" name="Sprint 13: idempotency.js → .ts 迁移 buildIdempotencyKey 缺 action 应抛 INVALID_PARAMS" time="0.024">
    </testcase>
    <testcase classname="Sprint 13: idempotency.js → .ts 迁移 buildPaymentIdempotencyKey 行为" name="Sprint 13: idempotency.js → .ts 迁移 buildPaymentIdempotencyKey 行为" time="0">
    </testcase>
    <testcase classname="Sprint 13: idempotency.js → .ts 迁移 isIdempotentHit / registerIdempotencyKey 端到端" name="Sprint 13: idempotency.js → .ts 迁移 isIdempotentHit / registerIdempotencyKey 端到端" time="0">
    </testcase>
    <testcase classname="Sprint 13: idempotency.js → .ts 迁移 registerIdempotencyKey 重复时返回 duplicate=true" name="Sprint 13: idempotency.js → .ts 迁移 registerIdempotencyKey 重复时返回 duplicate=true" time="0">
    </testcase>
    <testcase classname="Sprint 13: idempotency.js → .ts 迁移 assertIdempotent 命中时抛 IDEMPOTENT_REPLAY" name="Sprint 13: idempotency.js → .ts 迁移 assertIdempotent 命中时抛 IDEMPOTENT_REPLAY" time="0.001">
    </testcase>
    <testcase classname="Sprint 13: idempotency.js → .ts 迁移 checkRateLimit / assertRateLimit 行为" name="Sprint 13: idempotency.js → .ts 迁移 checkRateLimit / assertRateLimit 行为" time="0">
    </testcase>
    <testcase classname="Sprint 13: idempotency.js → .ts 迁移 checkRateLimit 非法参数应抛 Error" name="Sprint 13: idempotency.js → .ts 迁移 checkRateLimit 非法参数应抛 Error" time="0.002">
    </testcase>
  </testsuite>
  <testsuite name="Sprint 18: createPayment 接入风控限流" errors="0" failures="0" skipped="0" timestamp="2026-06-06T05:37:37" time="0.091" tests="4">
    <testcase classname="Sprint 18: createPayment 接入风控限流 createPayment 应调用 withRateLimit，参数含 userId/type/payment/targetId=orderId" name="Sprint 18: createPayment 接入风控限流 createPayment 应调用 withRateLimit，参数含 userId/type/payment/targetId=orderId" time="0.047">
    </testcase>
    <testcase classname="Sprint 18: createPayment 接入风控限流 同一用户对同一 orderId 第 6 次创建支付应被 RATE_LIMITED" name="Sprint 18: createPayment 接入风控限流 同一用户对同一 orderId 第 6 次创建支付应被 RATE_LIMITED" time="0.003">
    </testcase>
    <testcase classname="Sprint 18: createPayment 接入风控限流 不同用户对同一 orderId 不应互相影响" name="Sprint 18: createPayment 接入风控限流 不同用户对同一 orderId 不应互相影响" time="0.002">
    </testcase>
    <testcase classname="Sprint 18: createOrder 接入风控限流 createOrder 在 db.add 阶段应调用 withRateLimit，type=order, targetId=hostId" name="Sprint 18: createOrder 接入风控限流 createOrder 在 db.add 阶段应调用 withRateLimit，type=order, targetId=hostId" time="0.002">
    </testcase>
  </testsuite>
  <testsuite name="Sprint 14: 退款状态机子链路" errors="0" failures="0" skipped="0" timestamp="2026-06-06T05:37:37" time="0.165" tests="21">
    <testcase classname="Sprint 14: 退款状态机子链路 createRefund：参数校验 缺 outTradeNo 应 INVALID_PARAMS" name="Sprint 14: 退款状态机子链路 createRefund：参数校验 缺 outTradeNo 应 INVALID_PARAMS" time="0.005">
    </testcase>
    <testcase classname="Sprint 14: 退款状态机子链路 createRefund：参数校验 缺 refundAmount 应 INVALID_PARAMS" name="Sprint 14: 退款状态机子链路 createRefund：参数校验 缺 refundAmount 应 INVALID_PARAMS" time="0">
    </testcase>
    <testcase classname="Sprint 14: 退款状态机子链路 createRefund：参数校验 缺 totalAmount 应 INVALID_PARAMS" name="Sprint 14: 退款状态机子链路 createRefund：参数校验 缺 totalAmount 应 INVALID_PARAMS" time="0.001">
    </testcase>
    <testcase classname="Sprint 14: 退款状态机子链路 createRefund：参数校验 退款金额超过总金额应 INVALID_PARAMS" name="Sprint 14: 退款状态机子链路 createRefund：参数校验 退款金额超过总金额应 INVALID_PARAMS" time="0.001">
    </testcase>
    <testcase classname="Sprint 14: 退款状态机子链路 createRefund：参数校验 未登录应 AUTH_REQUIRED" name="Sprint 14: 退款状态机子链路 createRefund：参数校验 未登录应 AUTH_REQUIRED" time="0.023">
    </testcase>
    <testcase classname="Sprint 14: 退款状态机子链路 createRefund：订单所有权校验 订单 ownerId 与调用者不一致应 PERMISSION_DENIED" name="Sprint 14: 退款状态机子链路 createRefund：订单所有权校验 订单 ownerId 与调用者不一致应 PERMISSION_DENIED" time="0.001">
    </testcase>
    <testcase classname="Sprint 14: 退款状态机子链路 createRefund：订单所有权校验 订单数据库金额小于申请金额应 INVALID_PARAMS" name="Sprint 14: 退款状态机子链路 createRefund：订单所有权校验 订单数据库金额小于申请金额应 INVALID_PARAMS" time="0">
    </testcase>
    <testcase classname="Sprint 14: 退款状态机子链路 退款状态机：状态推进 创建退款：返回 status=PROCESSING / SUCCESS" name="Sprint 14: 退款状态机子链路 退款状态机：状态推进 创建退款：返回 status=PROCESSING / SUCCESS" time="0.039">
    </testcase>
    <testcase classname="Sprint 14: 退款状态机子链路 退款状态机：状态推进 半退款：refundAmount &lt; totalAmount 应允许" name="Sprint 14: 退款状态机子链路 退款状态机：状态推进 半退款：refundAmount &lt; totalAmount 应允许" time="0.007">
    </testcase>
    <testcase classname="Sprint 14: 退款状态机子链路 queryRefund：参数 + 状态 缺 outRefundNo 应 INVALID_PARAMS" name="Sprint 14: 退款状态机子链路 queryRefund：参数 + 状态 缺 outRefundNo 应 INVALID_PARAMS" time="0.001">
    </testcase>
    <testcase classname="Sprint 14: 退款状态机子链路 queryRefund：参数 + 状态 带 outRefundNo 应走到微信配置校验（无配置时抛 BUSINESS_ERROR）" name="Sprint 14: 退款状态机子链路 queryRefund：参数 + 状态 带 outRefundNo 应走到微信配置校验（无配置时抛 BUSINESS_ERROR）" time="0">
    </testcase>
    <testcase classname="Sprint 14: 退款状态机子链路 queryRefund：参数 + 状态 未登录应 AUTH_REQUIRED" name="Sprint 14: 退款状态机子链路 queryRefund：参数 + 状态 未登录应 AUTH_REQUIRED" time="0">
    </testcase>
    <testcase classname="Sprint 14: 退款状态机子链路 退款状态机不变量（订单层） 已退款订单（refundStatus=completed）不能再取消" name="Sprint 14: 退款状态机子链路 退款状态机不变量（订单层） 已退款订单（refundStatus=completed）不能再取消" time="0.001">
    </testcase>
    <testcase classname="Sprint 14: 退款状态机子链路 退款状态机不变量（订单层） 未退款订单（refundStatus=pending）可以取消" name="Sprint 14: 退款状态机子链路 退款状态机不变量（订单层） 未退款订单（refundStatus=pending）可以取消" time="0">
    </testcase>
    <testcase classname="Sprint 14: 退款状态机子链路 退款状态机不变量（订单层） 无 refundStatus 字段时按未退款处理" name="Sprint 14: 退款状态机子链路 退款状态机不变量（订单层） 无 refundStatus 字段时按未退款处理" time="0">
    </testcase>
    <testcase classname="Sprint 14: 退款状态机子链路 退款状态机不变量（订单层） 退款状态机合法转移：pending → success / failed" name="Sprint 14: 退款状态机子链路 退款状态机不变量（订单层） 退款状态机合法转移：pending → success / failed" time="0">
    </testcase>
    <testcase classname="Sprint 14: 退款状态机子链路 退款状态机不变量（订单层） 非法转移：success → pending 应被拒" name="Sprint 14: 退款状态机子链路 退款状态机不变量（订单层） 非法转移：success → pending 应被拒" time="0">
    </testcase>
    <testcase classname="Sprint 14: 退款状态机子链路 退款状态机不变量（订单层） 非法转移：closed → success 应被拒" name="Sprint 14: 退款状态机子链路 退款状态机不变量（订单层） 非法转移：closed → success 应被拒" time="0">
    </testcase>
    <testcase classname="Sprint 14: 退款状态机子链路 风控接入：与状态机联动 高风险场景：风控 reject 状态机应直接拒绝" name="Sprint 14: 退款状态机子链路 风控接入：与状态机联动 高风险场景：风控 reject 状态机应直接拒绝" time="0.001">
    </testcase>
    <testcase classname="Sprint 14: 退款状态机子链路 风控接入：与状态机联动 中风险场景：风控 review 状态机应标记 pendingReview" name="Sprint 14: 退款状态机子链路 风控接入：与状态机联动 中风险场景：风控 review 状态机应标记 pendingReview" time="0">
    </testcase>
    <testcase classname="Sprint 14: 退款状态机子链路 风控接入：与状态机联动 低风险场景：风控 pass 状态机应正常推进" name="Sprint 14: 退款状态机子链路 风控接入：与状态机联动 低风险场景：风控 pass 状态机应正常推进" time="0">
    </testcase>
  </testsuite>
  <testsuite name="common/validator" errors="0" failures="0" skipped="0" timestamp="2026-06-06T05:37:37" time="0.092" tests="19">
    <testcase classname="common/validator validate 通过校验时不应抛错" name="common/validator validate 通过校验时不应抛错" time="0.001">
    </testcase>
    <testcase classname="common/validator validate required 字段缺失应抛 BusinessError(MISSING_REQUIRED)" name="common/validator validate required 字段缺失应抛 BusinessError(MISSING_REQUIRED)" time="0.001">
    </testcase>
    <testcase classname="common/validator validate required 字段为空字符串也应判为缺失（抛 MISSING_REQUIRED）" name="common/validator validate required 字段为空字符串也应判为缺失（抛 MISSING_REQUIRED）" time="0">
    </testcase>
    <testcase classname="common/validator validate 类型不符应抛错并提示期望类型" name="common/validator validate 类型不符应抛错并提示期望类型" time="0.029">
    </testcase>
    <testcase classname="common/validator validate 枚举值不在允许范围内应抛错" name="common/validator validate 枚举值不在允许范围内应抛错" time="0">
    </testcase>
    <testcase classname="common/validator validate 枚举值在允许范围内应通过" name="common/validator validate 枚举值在允许范围内应通过" time="0">
    </testcase>
    <testcase classname="common/validator validate number 类型的 min 校验" name="common/validator validate number 类型的 min 校验" time="0.001">
    </testcase>
    <testcase classname="common/validator validate number 类型的 max 校验" name="common/validator validate number 类型的 max 校验" time="0">
    </testcase>
    <testcase classname="common/validator validate string 类型的 min/max 应理解为长度" name="common/validator validate string 类型的 min/max 应理解为长度" time="0.001">
    </testcase>
    <testcase classname="common/validator validate 多个错误应合并到一条异常中" name="common/validator validate 多个错误应合并到一条异常中" time="0">
    </testcase>
    <testcase classname="common/validator validate 自定义 message 应优先于默认提示" name="common/validator validate 自定义 message 应优先于默认提示" time="0">
    </testcase>
    <testcase classname="common/validator validate undefined/null 值在非 required 字段应跳过校验" name="common/validator validate undefined/null 值在非 required 字段应跳过校验" time="0">
    </testcase>
    <testcase classname="common/validator filterFields 应只保留白名单中存在的字段" name="common/validator filterFields 应只保留白名单中存在的字段" time="0">
    </testcase>
    <testcase classname="common/validator filterFields 白名单中不存在的字段应被忽略" name="common/validator filterFields 白名单中不存在的字段应被忽略" time="0">
    </testcase>
    <testcase classname="common/validator filterFields 空数据应返回空对象" name="common/validator filterFields 空数据应返回空对象" time="0">
    </testcase>
    <testcase classname="common/validator filterFields undefined 值不应被保留" name="common/validator filterFields undefined 值不应被保留" time="0.001">
    </testcase>
    <testcase classname="common/validator FIELD_WHITELISTS 应包含 6 个预定义白名单" name="common/validator FIELD_WHITELISTS 应包含 6 个预定义白名单" time="0">
    </testcase>
    <testcase classname="common/validator FIELD_WHITELISTS user 白名单应包含常用用户字段" name="common/validator FIELD_WHITELISTS user 白名单应包含常用用户字段" time="0">
    </testcase>
    <testcase classname="common/validator FIELD_WHITELISTS 所有白名单项应为字符串" name="common/validator FIELD_WHITELISTS 所有白名单项应为字符串" time="0.024">
    </testcase>
  </testsuite>
  <testsuite name="date-holidays.js" errors="0" failures="0" skipped="0" timestamp="2026-06-06T05:37:37" time="0.087" tests="33">
    <testcase classname="date-holidays.js isHoliday 应识别 2025 春节" name="date-holidays.js isHoliday 应识别 2025 春节" time="0.001">
    </testcase>
    <testcase classname="date-holidays.js isHoliday 应识别 2026 国庆" name="date-holidays.js isHoliday 应识别 2026 国庆" time="0.001">
    </testcase>
    <testcase classname="date-holidays.js isHoliday 应识别 2027 元旦" name="date-holidays.js isHoliday 应识别 2027 元旦" time="0">
    </testcase>
    <testcase classname="date-holidays.js isHoliday 非节假日应返回 false" name="date-holidays.js isHoliday 非节假日应返回 false" time="0">
    </testcase>
    <testcase classname="date-holidays.js isHoliday 字符串输入应可识别" name="date-holidays.js isHoliday 字符串输入应可识别" time="0.001">
    </testcase>
    <testcase classname="date-holidays.js isHoliday 无效日期应返回 false" name="date-holidays.js isHoliday 无效日期应返回 false" time="0">
    </testcase>
    <testcase classname="date-holidays.js isHoliday 未声明年份应返回 false" name="date-holidays.js isHoliday 未声明年份应返回 false" time="0">
    </testcase>
    <testcase classname="date-holidays.js isWorkday（调休上班） 应识别调休上班日" name="date-holidays.js isWorkday（调休上班） 应识别调休上班日" time="0">
    </testcase>
    <testcase classname="date-holidays.js isWorkday（调休上班） 非调休日应返回 false" name="date-holidays.js isWorkday（调休上班） 非调休日应返回 false" time="0.001">
    </testcase>
    <testcase classname="date-holidays.js isBusinessDay 普通工作日应返回 true" name="date-holidays.js isBusinessDay 普通工作日应返回 true" time="0">
    </testcase>
    <testcase classname="date-holidays.js isBusinessDay 周末非调休应返回 false" name="date-holidays.js isBusinessDay 周末非调休应返回 false" time="0">
    </testcase>
    <testcase classname="date-holidays.js isBusinessDay 周末调休应返回 true" name="date-holidays.js isBusinessDay 周末调休应返回 true" time="0.001">
    </testcase>
    <testcase classname="date-holidays.js isBusinessDay 工作日但被设为节假日应返回 false" name="date-holidays.js isBusinessDay 工作日但被设为节假日应返回 false" time="0">
    </testcase>
    <testcase classname="date-holidays.js getHolidayInfo 节假日应返回 name + type" name="date-holidays.js getHolidayInfo 节假日应返回 name + type" time="0">
    </testcase>
    <testcase classname="date-holidays.js getHolidayInfo 调休上班应返回 workday" name="date-holidays.js getHolidayInfo 调休上班应返回 workday" time="0">
    </testcase>
    <testcase classname="date-holidays.js getHolidayInfo 普通日应返回 null" name="date-holidays.js getHolidayInfo 普通日应返回 null" time="0">
    </testcase>
    <testcase classname="date-holidays.js countBusinessDays 同日起止应返回 1（含起始当日）" name="date-holidays.js countBusinessDays 同日起止应返回 1（含起始当日）" time="0.001">
    </testcase>
    <testcase classname="date-holidays.js countBusinessDays 跨周一到周五应返回 5" name="date-holidays.js countBusinessDays 跨周一到周五应返回 5" time="0">
    </testcase>
    <testcase classname="date-holidays.js countBusinessDays start &gt;= end 应返回 0" name="date-holidays.js countBusinessDays start &gt;= end 应返回 0" time="0">
    </testcase>
    <testcase classname="date-holidays.js countBusinessDays 应剔除节假日" name="date-holidays.js countBusinessDays 应剔除节假日" time="0">
    </testcase>
    <testcase classname="date-holidays.js countBusinessDays 应支持字符串" name="date-holidays.js countBusinessDays 应支持字符串" time="0">
    </testcase>
    <testcase classname="date-holidays.js countBusinessDays 无效日期应抛错" name="date-holidays.js countBusinessDays 无效日期应抛错" time="0.032">
    </testcase>
    <testcase classname="date-holidays.js getDayPriceMultiplier 工作日应使用 regularMultiplier" name="date-holidays.js getDayPriceMultiplier 工作日应使用 regularMultiplier" time="0">
    </testcase>
    <testcase classname="date-holidays.js getDayPriceMultiplier 周末应使用 weekendMultiplier" name="date-holidays.js getDayPriceMultiplier 周末应使用 weekendMultiplier" time="0">
    </testcase>
    <testcase classname="date-holidays.js getDayPriceMultiplier 节假日应使用 holidayMultiplier" name="date-holidays.js getDayPriceMultiplier 节假日应使用 holidayMultiplier" time="0">
    </testcase>
    <testcase classname="date-holidays.js getDayPriceMultiplier 应支持自定义倍率" name="date-holidays.js getDayPriceMultiplier 应支持自定义倍率" time="0">
    </testcase>
    <testcase classname="date-holidays.js getDayPriceMultiplier 无效日期应返回 regular" name="date-holidays.js getDayPriceMultiplier 无效日期应返回 regular" time="0.001">
    </testcase>
    <testcase classname="date-holidays.js registerHolidays 应支持动态注册新年份" name="date-holidays.js registerHolidays 应支持动态注册新年份" time="0">
    </testcase>
    <testcase classname="date-holidays.js registerHolidays 应与已有年份合并" name="date-holidays.js registerHolidays 应与已有年份合并" time="0">
    </testcase>
    <testcase classname="date-holidays.js registerHolidays 非法 year 应抛错" name="date-holidays.js registerHolidays 非法 year 应抛错" time="0.002">
    </testcase>
    <testcase classname="date-holidays.js 数据完整性 HOLIDAYS_2025 应至少包含春节 / 清明 / 劳动 / 端午 / 国庆 5 大节日" name="date-holidays.js 数据完整性 HOLIDAYS_2025 应至少包含春节 / 清明 / 劳动 / 端午 / 国庆 5 大节日" time="0">
    </testcase>
    <testcase classname="date-holidays.js 数据完整性 HOLIDAYS_2026 与 2027 应有合理节假日数量" name="date-holidays.js 数据完整性 HOLIDAYS_2026 与 2027 应有合理节假日数量" time="0">
    </testcase>
    <testcase classname="date-holidays.js 数据完整性 WORKDAYS 应至少声明 3 条调休" name="date-holidays.js 数据完整性 WORKDAYS 应至少声明 3 条调休" time="0">
    </testcase>
  </testsuite>
  <testsuite name="Sprint 12: IM/通知聚合子链路" errors="0" failures="0" skipped="0" timestamp="2026-06-06T05:37:37" time="0.144" tests="16">
    <testcase classname="Sprint 12: IM/通知聚合子链路 getNotificationList：聚合 + 分页 + 未读数 空列表返回空数组 + 未读数为 0" name="Sprint 12: IM/通知聚合子链路 getNotificationList：聚合 + 分页 + 未读数 空列表返回空数组 + 未读数为 0" time="0.003">
    </testcase>
    <testcase classname="Sprint 12: IM/通知聚合子链路 getNotificationList：聚合 + 分页 + 未读数 聚合多种 type 的通知" name="Sprint 12: IM/通知聚合子链路 getNotificationList：聚合 + 分页 + 未读数 聚合多种 type 的通知" time="0.001">
    </testcase>
    <testcase classname="Sprint 12: IM/通知聚合子链路 getNotificationList：聚合 + 分页 + 未读数 未读数正确统计" name="Sprint 12: IM/通知聚合子链路 getNotificationList：聚合 + 分页 + 未读数 未读数正确统计" time="0.001">
    </testcase>
    <testcase classname="Sprint 12: IM/通知聚合子链路 getNotificationList：聚合 + 分页 + 未读数 分页：pageSize 控制返回数量" name="Sprint 12: IM/通知聚合子链路 getNotificationList：聚合 + 分页 + 未读数 分页：pageSize 控制返回数量" time="0">
    </testcase>
    <testcase classname="Sprint 12: IM/通知聚合子链路 getNotificationList：聚合 + 分页 + 未读数 数据隔离：其他用户的通知不出现在当前用户列表中" name="Sprint 12: IM/通知聚合子链路 getNotificationList：聚合 + 分页 + 未读数 数据隔离：其他用户的通知不出现在当前用户列表中" time="0">
    </testcase>
    <testcase classname="Sprint 12: IM/通知聚合子链路 getNotificationList：聚合 + 分页 + 未读数 未登录应 AUTH_REQUIRED" name="Sprint 12: IM/通知聚合子链路 getNotificationList：聚合 + 分页 + 未读数 未登录应 AUTH_REQUIRED" time="0.031">
    </testcase>
    <testcase classname="Sprint 12: IM/通知聚合子链路 markNotificationRead：单条已读 + 权限 标记本人通知为已读" name="Sprint 12: IM/通知聚合子链路 markNotificationRead：单条已读 + 权限 标记本人通知为已读" time="0.001">
    </testcase>
    <testcase classname="Sprint 12: IM/通知聚合子链路 markNotificationRead：单条已读 + 权限 缺 notificationId 应 INVALID_PARAMS" name="Sprint 12: IM/通知聚合子链路 markNotificationRead：单条已读 + 权限 缺 notificationId 应 INVALID_PARAMS" time="0.003">
    </testcase>
    <testcase classname="Sprint 12: IM/通知聚合子链路 markNotificationRead：单条已读 + 权限 不存在的通知应失败" name="Sprint 12: IM/通知聚合子链路 markNotificationRead：单条已读 + 权限 不存在的通知应失败" time="0">
    </testcase>
    <testcase classname="Sprint 12: IM/通知聚合子链路 markNotificationRead：单条已读 + 权限 标记他人通知应 PERMISSION_DENIED" name="Sprint 12: IM/通知聚合子链路 markNotificationRead：单条已读 + 权限 标记他人通知应 PERMISSION_DENIED" time="0">
    </testcase>
    <testcase classname="Sprint 12: IM/通知聚合子链路 markAllNotificationsRead：批量已读 仅标记本人未读通知为已读" name="Sprint 12: IM/通知聚合子链路 markAllNotificationsRead：批量已读 仅标记本人未读通知为已读" time="0">
    </testcase>
    <testcase classname="Sprint 12: IM/通知聚合子链路 markAllNotificationsRead：批量已读 未登录应 AUTH_REQUIRED" name="Sprint 12: IM/通知聚合子链路 markAllNotificationsRead：批量已读 未登录应 AUTH_REQUIRED" time="0.001">
    </testcase>
    <testcase classname="Sprint 12: IM/通知聚合子链路 getNotificationDetail：详情 + 自动标记已读 查看详情时自动标记为已读" name="Sprint 12: IM/通知聚合子链路 getNotificationDetail：详情 + 自动标记已读 查看详情时自动标记为已读" time="0.001">
    </testcase>
    <testcase classname="Sprint 12: IM/通知聚合子链路 getNotificationDetail：详情 + 自动标记已读 已读通知不会再次触发更新" name="Sprint 12: IM/通知聚合子链路 getNotificationDetail：详情 + 自动标记已读 已读通知不会再次触发更新" time="0.004">
    </testcase>
    <testcase classname="Sprint 12: IM/通知聚合子链路 getNotificationDetail：详情 + 自动标记已读 缺 notificationId 应 INVALID_PARAMS" name="Sprint 12: IM/通知聚合子链路 getNotificationDetail：详情 + 自动标记已读 缺 notificationId 应 INVALID_PARAMS" time="0.005">
    </testcase>
    <testcase classname="Sprint 12: IM/通知聚合子链路 getNotificationDetail：详情 + 自动标记已读 访问他人通知应 NOT_FOUND" name="Sprint 12: IM/通知聚合子链路 getNotificationDetail：详情 + 自动标记已读 访问他人通知应 NOT_FOUND" time="0.006">
    </testcase>
  </testsuite>
  <testsuite name="Sprint 20: codemod-page-i18n - showModal 替换" errors="0" failures="0" skipped="0" timestamp="2026-06-06T05:37:37" time="0.219" tests="13">
    <testcase classname="Sprint 20: codemod-page-i18n - showModal 替换 简单 wx.showModal（title + content）应被替换" name="Sprint 20: codemod-page-i18n - showModal 替换 简单 wx.showModal（title + content）应被替换" time="0.001">
    </testcase>
    <testcase classname="Sprint 20: codemod-page-i18n - showModal 替换 多行 wx.showModal 应被替换" name="Sprint 20: codemod-page-i18n - showModal 替换 多行 wx.showModal 应被替换" time="0">
    </testcase>
    <testcase classname="Sprint 20: codemod-page-i18n - showModal 替换 showCancel 字段应被保留" name="Sprint 20: codemod-page-i18n - showModal 替换 showCancel 字段应被保留" time="0.001">
    </testcase>
    <testcase classname="Sprint 20: codemod-page-i18n - showModal 替换 无法翻译的字符串应保留原文（兜底）" name="Sprint 20: codemod-page-i18n - showModal 替换 无法翻译的字符串应保留原文（兜底）" time="0.001">
    </testcase>
    <testcase classname="Sprint 20: showModal mixin（用 wx 桩） showModal({ titleKey }) 应翻译并调用 wx.showModal" name="Sprint 20: showModal mixin（用 wx 桩） showModal({ titleKey }) 应翻译并调用 wx.showModal" time="0.002">
    </testcase>
    <testcase classname="Sprint 20: showModal mixin（用 wx 桩） showModal({ contentKey }) 应翻译 content" name="Sprint 20: showModal mixin（用 wx 桩） showModal({ contentKey }) 应翻译 content" time="0">
    </testcase>
    <testcase classname="Sprint 20: showModal mixin（用 wx 桩） showModal({ title, content }) 直接文本应原样透传" name="Sprint 20: showModal mixin（用 wx 桩） showModal({ title, content }) 直接文本应原样透传" time="0.001">
    </testcase>
    <testcase classname="Sprint 20: showModal mixin（用 wx 桩） showModal 回调 success 应被包装为 (confirmed, res) =&gt; ..." name="Sprint 20: showModal mixin（用 wx 桩） showModal 回调 success 应被包装为 (confirmed, res) =&gt; ..." time="0">
    </testcase>
    <testcase classname="Sprint 20: showModal mixin（用 wx 桩） showModal 缺 key 时 fallback 到 title/content" name="Sprint 20: showModal mixin（用 wx 桩） showModal 缺 key 时 fallback 到 title/content" time="0.001">
    </testcase>
    <testcase classname="Sprint 20: i18n 单源对齐 utils/i18n.js 导出 BIZ_I18N" name="Sprint 20: i18n 单源对齐 utils/i18n.js 导出 BIZ_I18N" time="0">
    </testcase>
    <testcase classname="Sprint 20: i18n 单源对齐 BIZ_I18N 至少 400 个 key（Sprint 20 扩库后）" name="Sprint 20: i18n 单源对齐 BIZ_I18N 至少 400 个 key（Sprint 20 扩库后）" time="0">
    </testcase>
    <testcase classname="Sprint 20: i18n 单源对齐 BIZ_I18N 每个 key 都有三语种" name="Sprint 20: i18n 单源对齐 BIZ_I18N 每个 key 都有三语种" time="0.118">
    </testcase>
    <testcase classname="Sprint 20: i18n 单源对齐 codemod ZH_LOOKUP 应与 i18n.js 对齐" name="Sprint 20: i18n 单源对齐 codemod ZH_LOOKUP 应与 i18n.js 对齐" time="0">
    </testcase>
  </testsuite>
  <testsuite name="Sprint 17: permissions TypeScript 迁移" errors="0" failures="0" skipped="0" timestamp="2026-06-06T05:37:37" time="0.163" tests="34">
    <testcase classname="Sprint 17: permissions TypeScript 迁移 文件存在性 .ts 源文件存在" name="Sprint 17: permissions TypeScript 迁移 文件存在性 .ts 源文件存在" time="0">
    </testcase>
    <testcase classname="Sprint 17: permissions TypeScript 迁移 文件存在性 .js 编译产物存在" name="Sprint 17: permissions TypeScript 迁移 文件存在性 .js 编译产物存在" time="0">
    </testcase>
    <testcase classname="Sprint 17: permissions TypeScript 迁移 文件存在性 .d.ts 声明文件存在" name="Sprint 17: permissions TypeScript 迁移 文件存在性 .d.ts 声明文件存在" time="0">
    </testcase>
    <testcase classname="Sprint 17: permissions TypeScript 迁移 .ts 源码契约 导出 RoleName 类型" name="Sprint 17: permissions TypeScript 迁移 .ts 源码契约 导出 RoleName 类型" time="0.004">
    </testcase>
    <testcase classname="Sprint 17: permissions TypeScript 迁移 .ts 源码契约 导出 IdentityDoc / IdentityContext / RequireOrThrowOptions 接口" name="Sprint 17: permissions TypeScript 迁移 .ts 源码契约 导出 IdentityDoc / IdentityContext / RequireOrThrowOptions 接口" time="0">
    </testcase>
    <testcase classname="Sprint 17: permissions TypeScript 迁移 .ts 源码契约 导出 ROLES / ROLE_LEVEL 常量" name="Sprint 17: permissions TypeScript 迁移 .ts 源码契约 导出 ROLES / ROLE_LEVEL 常量" time="0">
    </testcase>
    <testcase classname="Sprint 17: permissions TypeScript 迁移 模块 API 完整性 导出所有公共方法" name="Sprint 17: permissions TypeScript 迁移 模块 API 完整性 导出所有公共方法" time="0.001">
    </testcase>
    <testcase classname="Sprint 17: permissions TypeScript 迁移 模块 API 完整性 ROLES 是 frozen 对象" name="Sprint 17: permissions TypeScript 迁移 模块 API 完整性 ROLES 是 frozen 对象" time="0">
    </testcase>
    <testcase classname="Sprint 17: permissions TypeScript 迁移 角色提取 数组 roles" name="Sprint 17: permissions TypeScript 迁移 角色提取 数组 roles" time="0">
    </testcase>
    <testcase classname="Sprint 17: permissions TypeScript 迁移 角色提取 单值 role 兼容" name="Sprint 17: permissions TypeScript 迁移 角色提取 单值 role 兼容" time="0">
    </testcase>
    <testcase classname="Sprint 17: permissions TypeScript 迁移 角色提取 空文档" name="Sprint 17: permissions TypeScript 迁移 角色提取 空文档" time="0">
    </testcase>
    <testcase classname="Sprint 17: permissions TypeScript 迁移 角色提取 null / undefined" name="Sprint 17: permissions TypeScript 迁移 角色提取 null / undefined" time="0.001">
    </testcase>
    <testcase classname="Sprint 17: permissions TypeScript 迁移 角色判定 isAdmin 含 super_admin/admin/operator/viewer" name="Sprint 17: permissions TypeScript 迁移 角色判定 isAdmin 含 super_admin/admin/operator/viewer" time="0.002">
    </testcase>
    <testcase classname="Sprint 17: permissions TypeScript 迁移 角色判定 isAdmin 不含 partner" name="Sprint 17: permissions TypeScript 迁移 角色判定 isAdmin 不含 partner" time="0">
    </testcase>
    <testcase classname="Sprint 17: permissions TypeScript 迁移 角色判定 isSuperAdmin" name="Sprint 17: permissions TypeScript 迁移 角色判定 isSuperAdmin" time="0.003">
    </testcase>
    <testcase classname="Sprint 17: permissions TypeScript 迁移 角色判定 isPartner（roles 路径）" name="Sprint 17: permissions TypeScript 迁移 角色判定 isPartner（roles 路径）" time="0">
    </testcase>
    <testcase classname="Sprint 17: permissions TypeScript 迁移 角色判定 isPartner（isPartner=true 路径）" name="Sprint 17: permissions TypeScript 迁移 角色判定 isPartner（isPartner=true 路径）" time="0">
    </testcase>
    <testcase classname="Sprint 17: permissions TypeScript 迁移 角色判定 isPartner null" name="Sprint 17: permissions TypeScript 迁移 角色判定 isPartner null" time="0">
    </testcase>
    <testcase classname="Sprint 17: permissions TypeScript 迁移 权限校验 super_admin 隐含所有权限" name="Sprint 17: permissions TypeScript 迁移 权限校验 super_admin 隐含所有权限" time="0">
    </testcase>
    <testcase classname="Sprint 17: permissions TypeScript 迁移 权限校验 普通 admin 缺权限" name="Sprint 17: permissions TypeScript 迁移 权限校验 普通 admin 缺权限" time="0">
    </testcase>
    <testcase classname="Sprint 17: permissions TypeScript 迁移 权限校验 普通 admin 命中权限" name="Sprint 17: permissions TypeScript 迁移 权限校验 普通 admin 命中权限" time="0">
    </testcase>
    <testcase classname="Sprint 17: permissions TypeScript 迁移 权限校验 数组 required 命中任一" name="Sprint 17: permissions TypeScript 迁移 权限校验 数组 required 命中任一" time="0">
    </testcase>
    <testcase classname="Sprint 17: permissions TypeScript 迁移 角色等级断言 admin ≥ operator" name="Sprint 17: permissions TypeScript 迁移 角色等级断言 admin ≥ operator" time="0.001">
    </testcase>
    <testcase classname="Sprint 17: permissions TypeScript 迁移 角色等级断言 viewer &lt; operator" name="Sprint 17: permissions TypeScript 迁移 角色等级断言 viewer &lt; operator" time="0">
    </testcase>
    <testcase classname="Sprint 17: permissions TypeScript 迁移 角色等级断言 partner ≥ partner" name="Sprint 17: permissions TypeScript 迁移 角色等级断言 partner ≥ partner" time="0">
    </testcase>
    <testcase classname="Sprint 17: permissions TypeScript 迁移 requireOrThrow 鉴权守卫 未传 doc + requireRole → 抛错" name="Sprint 17: permissions TypeScript 迁移 requireOrThrow 鉴权守卫 未传 doc + requireRole → 抛错" time="0.05">
    </testcase>
    <testcase classname="Sprint 17: permissions TypeScript 迁移 requireOrThrow 鉴权守卫 未传 doc + requirePermission → 抛错" name="Sprint 17: permissions TypeScript 迁移 requireOrThrow 鉴权守卫 未传 doc + requirePermission → 抛错" time="0">
    </testcase>
    <testcase classname="Sprint 17: permissions TypeScript 迁移 requireOrThrow 鉴权守卫 权限满足 → 不抛错" name="Sprint 17: permissions TypeScript 迁移 requireOrThrow 鉴权守卫 权限满足 → 不抛错" time="0">
    </testcase>
    <testcase classname="Sprint 17: permissions TypeScript 迁移 requireOrThrow 鉴权守卫 数组 required 错误信息含 join" name="Sprint 17: permissions TypeScript 迁移 requireOrThrow 鉴权守卫 数组 required 错误信息含 join" time="0">
    </testcase>
    <testcase classname="Sprint 17: permissions TypeScript 迁移 requireOrThrow 鉴权守卫 PERMISSION_DENIED 错误码" name="Sprint 17: permissions TypeScript 迁移 requireOrThrow 鉴权守卫 PERMISSION_DENIED 错误码" time="0.021">
    </testcase>
    <testcase classname="Sprint 17: permissions TypeScript 迁移 buildIdentityContext 完整文档 → 完整 context" name="Sprint 17: permissions TypeScript 迁移 buildIdentityContext 完整文档 → 完整 context" time="0">
    </testcase>
    <testcase classname="Sprint 17: permissions TypeScript 迁移 buildIdentityContext null doc" name="Sprint 17: permissions TypeScript 迁移 buildIdentityContext null doc" time="0.001">
    </testcase>
    <testcase classname="Sprint 17: permissions TypeScript 迁移 tsconfig / build 工具链 tsconfig.common.json include permissions.ts" name="Sprint 17: permissions TypeScript 迁移 tsconfig / build 工具链 tsconfig.common.json include permissions.ts" time="0">
    </testcase>
    <testcase classname="Sprint 17: permissions TypeScript 迁移 tsconfig / build 工具链 build-common.js TARGETS 含 permissions.js" name="Sprint 17: permissions TypeScript 迁移 tsconfig / build 工具链 build-common.js TARGETS 含 permissions.js" time="0.001">
    </testcase>
  </testsuite>
  <testsuite name="Sprint 12: 寄养订单子链路" errors="0" failures="0" skipped="0" timestamp="2026-06-06T05:37:37" time="0.191" tests="16">
    <testcase classname="Sprint 12: 寄养订单子链路 updateOrderStatus：正常流转 pending → paid" name="Sprint 12: 寄养订单子链路 updateOrderStatus：正常流转 pending → paid" time="0.002">
    </testcase>
    <testcase classname="Sprint 12: 寄养订单子链路 updateOrderStatus：正常流转 pending → confirmed（host 接单）" name="Sprint 12: 寄养订单子链路 updateOrderStatus：正常流转 pending → confirmed（host 接单）" time="0.001">
    </testcase>
    <testcase classname="Sprint 12: 寄养订单子链路 updateOrderStatus：正常流转 confirmed → in_progress（开始服务）" name="Sprint 12: 寄养订单子链路 updateOrderStatus：正常流转 confirmed → in_progress（开始服务）" time="0">
    </testcase>
    <testcase classname="Sprint 12: 寄养订单子链路 updateOrderStatus：正常流转 in_progress → completed（完成服务）" name="Sprint 12: 寄养订单子链路 updateOrderStatus：正常流转 in_progress → completed（完成服务）" time="0.02">
    </testcase>
    <testcase classname="Sprint 12: 寄养订单子链路 updateOrderStatus：正常流转 完整链路：pending → paid → confirmed → in_progress → completed" name="Sprint 12: 寄养订单子链路 updateOrderStatus：正常流转 完整链路：pending → paid → confirmed → in_progress → completed" time="0.007">
    </testcase>
    <testcase classname="Sprint 12: 寄养订单子链路 updateOrderStatus：拒绝非法流转 pending → in_progress（越级）应拒绝" name="Sprint 12: 寄养订单子链路 updateOrderStatus：拒绝非法流转 pending → in_progress（越级）应拒绝" time="0.015">
    </testcase>
    <testcase classname="Sprint 12: 寄养订单子链路 updateOrderStatus：拒绝非法流转 pending → completed（越级）应拒绝" name="Sprint 12: 寄养订单子链路 updateOrderStatus：拒绝非法流转 pending → completed（越级）应拒绝" time="0">
    </testcase>
    <testcase classname="Sprint 12: 寄养订单子链路 updateOrderStatus：拒绝非法流转 completed → 任何状态（终态）应拒绝" name="Sprint 12: 寄养订单子链路 updateOrderStatus：拒绝非法流转 completed → 任何状态（终态）应拒绝" time="0">
    </testcase>
    <testcase classname="Sprint 12: 寄养订单子链路 updateOrderStatus：拒绝非法流转 cancelled → confirmed 应拒绝（终态）" name="Sprint 12: 寄养订单子链路 updateOrderStatus：拒绝非法流转 cancelled → confirmed 应拒绝（终态）" time="0.001">
    </testcase>
    <testcase classname="Sprint 12: 寄养订单子链路 updateOrderStatus：权限校验 非 owner / host 操作应 PERMISSION_DENIED" name="Sprint 12: 寄养订单子链路 updateOrderStatus：权限校验 非 owner / host 操作应 PERMISSION_DENIED" time="0">
    </testcase>
    <testcase classname="Sprint 12: 寄养订单子链路 updateOrderStatus：权限校验 未登录应 AUTH_REQUIRED" name="Sprint 12: 寄养订单子链路 updateOrderStatus：权限校验 未登录应 AUTH_REQUIRED" time="0">
    </testcase>
    <testcase classname="Sprint 12: 寄养订单子链路 updateOrderStatus：权限校验 订单不存在应 NOT_FOUND" name="Sprint 12: 寄养订单子链路 updateOrderStatus：权限校验 订单不存在应 NOT_FOUND" time="0.001">
    </testcase>
    <testcase classname="Sprint 12: 寄养订单子链路 updateOrderStatus：退款 / 超时 已退款订单不能再次取消" name="Sprint 12: 寄养订单子链路 updateOrderStatus：退款 / 超时 已退款订单不能再次取消" time="0.002">
    </testcase>
    <testcase classname="Sprint 12: 寄养订单子链路 updateOrderStatus：退款 / 超时 已超时未支付的订单拒绝任何状态变更" name="Sprint 12: 寄养订单子链路 updateOrderStatus：退款 / 超时 已超时未支付的订单拒绝任何状态变更" time="0">
    </testcase>
    <testcase classname="Sprint 12: 寄养订单子链路 createOrder：参数校验 缺 petIds 应 INVALID_PARAMS" name="Sprint 12: 寄养订单子链路 createOrder：参数校验 缺 petIds 应 INVALID_PARAMS" time="0.001">
    </testcase>
    <testcase classname="Sprint 12: 寄养订单子链路 createOrder：参数校验 缺 hostId 应 INVALID_PARAMS" name="Sprint 12: 寄养订单子链路 createOrder：参数校验 缺 hostId 应 INVALID_PARAMS" time="0.001">
    </testcase>
  </testsuite>
  <testsuite name="state-machine.js" errors="0" failures="0" skipped="0" timestamp="2026-06-06T05:37:37" time="0.205" tests="22">
    <testcase classname="state-machine.js validateConfig 合法配置应通过" name="state-machine.js validateConfig 合法配置应通过" time="0">
    </testcase>
    <testcase classname="state-machine.js validateConfig 缺少 initial 应抛错" name="state-machine.js validateConfig 缺少 initial 应抛错" time="0.055">
    </testcase>
    <testcase classname="state-machine.js validateConfig initial 不在 states 中应抛错" name="state-machine.js validateConfig initial 不在 states 中应抛错" time="0.001">
    </testcase>
    <testcase classname="state-machine.js validateConfig transitions 源状态未声明应抛错" name="state-machine.js validateConfig transitions 源状态未声明应抛错" time="0">
    </testcase>
    <testcase classname="state-machine.js validateConfig transitions 目标未声明应抛错" name="state-machine.js validateConfig transitions 目标未声明应抛错" time="0">
    </testcase>
    <testcase classname="state-machine.js validateConfig null / 非对象应抛错" name="state-machine.js validateConfig null / 非对象应抛错" time="0.001">
    </testcase>
    <testcase classname="state-machine.js createStateMachine should expose states / transitions" name="state-machine.js createStateMachine should expose states / transitions" time="0.011">
    </testcase>
    <testcase classname="state-machine.js createStateMachine isValidState" name="state-machine.js createStateMachine isValidState" time="0.002">
    </testcase>
    <testcase classname="state-machine.js createStateMachine canTransition 合法" name="state-machine.js createStateMachine canTransition 合法" time="0">
    </testcase>
    <testcase classname="state-machine.js createStateMachine canTransition 非法" name="state-machine.js createStateMachine canTransition 非法" time="0">
    </testcase>
    <testcase classname="state-machine.js createStateMachine canTransition 跨未知状态" name="state-machine.js createStateMachine canTransition 跨未知状态" time="0">
    </testcase>
    <testcase classname="state-machine.js createStateMachine assertTransition 合法不应抛错" name="state-machine.js createStateMachine assertTransition 合法不应抛错" time="0">
    </testcase>
    <testcase classname="state-machine.js createStateMachine assertTransition 非法应抛 IllegalTransitionError" name="state-machine.js createStateMachine assertTransition 非法应抛 IllegalTransitionError" time="0.001">
    </testcase>
    <testcase classname="state-machine.js createStateMachine assertTransition 异常应携带 from/to/allowed" name="state-machine.js createStateMachine assertTransition 异常应携带 from/to/allowed" time="0.001">
    </testcase>
    <testcase classname="state-machine.js createStateMachine nextStates 应返回数组副本" name="state-machine.js createStateMachine nextStates 应返回数组副本" time="0.007">
    </testcase>
    <testcase classname="state-machine.js createStateMachine isTerminal" name="state-machine.js createStateMachine isTerminal" time="0.001">
    </testcase>
    <testcase classname="state-machine.js createStateMachine getMetadata 返回元数据" name="state-machine.js createStateMachine getMetadata 返回元数据" time="0.008">
    </testcase>
    <testcase classname="state-machine.js applyEvent 合法事件应返回目标" name="state-machine.js applyEvent 合法事件应返回目标" time="0">
    </testcase>
    <testcase classname="state-machine.js applyEvent 非法事件应返回 null" name="state-machine.js applyEvent 非法事件应返回 null" time="0">
    </testcase>
    <testcase classname="state-machine.js IllegalTransitionError 应继承 Error 并携带字段" name="state-machine.js IllegalTransitionError 应继承 Error 并携带字段" time="0.002">
    </testcase>
    <testcase classname="state-machine.js IllegalTransitionError 支持自定义 message" name="state-machine.js IllegalTransitionError 支持自定义 message" time="0.002">
    </testcase>
    <testcase classname="state-machine.js 真实场景：订单状态机 应支持完整订单生命周期" name="state-machine.js 真实场景：订单状态机 应支持完整订单生命周期" time="0">
    </testcase>
  </testsuite>
  <testsuite name="orderService/common/boarding-state-machine" errors="0" failures="0" skipped="0" timestamp="2026-06-06T05:37:37" time="0.13" tests="22">
    <testcase classname="orderService/common/boarding-state-machine boardingOrderStateMachine initial 应为 pending" name="orderService/common/boarding-state-machine boardingOrderStateMachine initial 应为 pending" time="0">
    </testcase>
    <testcase classname="orderService/common/boarding-state-machine boardingOrderStateMachine 应包含 7 个状态" name="orderService/common/boarding-state-machine boardingOrderStateMachine 应包含 7 个状态" time="0.001">
    </testcase>
    <testcase classname="orderService/common/boarding-state-machine boardingOrderStateMachine pending → confirmed / rejected / cancelled 应合法" name="orderService/common/boarding-state-machine boardingOrderStateMachine pending → confirmed / rejected / cancelled 应合法" time="0">
    </testcase>
    <testcase classname="orderService/common/boarding-state-machine boardingOrderStateMachine paid → confirmed / rejected / cancelled 应合法" name="orderService/common/boarding-state-machine boardingOrderStateMachine paid → confirmed / rejected / cancelled 应合法" time="0">
    </testcase>
    <testcase classname="orderService/common/boarding-state-machine boardingOrderStateMachine confirmed → in_progress / completed / cancelled 应合法" name="orderService/common/boarding-state-machine boardingOrderStateMachine confirmed → in_progress / completed / cancelled 应合法" time="0">
    </testcase>
    <testcase classname="orderService/common/boarding-state-machine boardingOrderStateMachine in_progress → completed 应合法" name="orderService/common/boarding-state-machine boardingOrderStateMachine in_progress → completed 应合法" time="0">
    </testcase>
    <testcase classname="orderService/common/boarding-state-machine boardingOrderStateMachine completed / rejected / cancelled 是终态" name="orderService/common/boarding-state-machine boardingOrderStateMachine completed / rejected / cancelled 是终态" time="0">
    </testcase>
    <testcase classname="orderService/common/boarding-state-machine boardingOrderStateMachine pending → in_progress 应非法（需先 confirmed）" name="orderService/common/boarding-state-machine boardingOrderStateMachine pending → in_progress 应非法（需先 confirmed）" time="0">
    </testcase>
    <testcase classname="orderService/common/boarding-state-machine boardingOrderStateMachine pending → completed 应非法（需先 confirmed/in_progress）" name="orderService/common/boarding-state-machine boardingOrderStateMachine pending → completed 应非法（需先 confirmed/in_progress）" time="0.001">
    </testcase>
    <testcase classname="orderService/common/boarding-state-machine boardingOrderStateMachine completed → cancelled 应非法（终态）" name="orderService/common/boarding-state-machine boardingOrderStateMachine completed → cancelled 应非法（终态）" time="0">
    </testcase>
    <testcase classname="orderService/common/boarding-state-machine BOARDING_OPERATION_TARGET 应包含 4 个操作" name="orderService/common/boarding-state-machine BOARDING_OPERATION_TARGET 应包含 4 个操作" time="0.001">
    </testcase>
    <testcase classname="orderService/common/boarding-state-machine BOARDING_OPERATION_TARGET 每个操作应映射到正确的目标状态" name="orderService/common/boarding-state-machine BOARDING_OPERATION_TARGET 每个操作应映射到正确的目标状态" time="0">
    </testcase>
    <testcase classname="orderService/common/boarding-state-machine getTargetStatusByOperation 已知操作应返回目标状态" name="orderService/common/boarding-state-machine getTargetStatusByOperation 已知操作应返回目标状态" time="0.002">
    </testcase>
    <testcase classname="orderService/common/boarding-state-machine getTargetStatusByOperation 未知操作应返回 null" name="orderService/common/boarding-state-machine getTargetStatusByOperation 未知操作应返回 null" time="0">
    </testcase>
    <testcase classname="orderService/common/boarding-state-machine canPerformOperation pending + confirm 应合法" name="orderService/common/boarding-state-machine canPerformOperation pending + confirm 应合法" time="0">
    </testcase>
    <testcase classname="orderService/common/boarding-state-machine canPerformOperation pending + complete 应非法（需先 confirmed）" name="orderService/common/boarding-state-machine canPerformOperation pending + complete 应非法（需先 confirmed）" time="0.001">
    </testcase>
    <testcase classname="orderService/common/boarding-state-machine canPerformOperation confirmed + complete 应合法" name="orderService/common/boarding-state-machine canPerformOperation confirmed + complete 应合法" time="0">
    </testcase>
    <testcase classname="orderService/common/boarding-state-machine canPerformOperation in_progress + confirm 应非法（已确认过）" name="orderService/common/boarding-state-machine canPerformOperation in_progress + confirm 应非法（已确认过）" time="0">
    </testcase>
    <testcase classname="orderService/common/boarding-state-machine canPerformOperation completed + cancel 应非法（终态）" name="orderService/common/boarding-state-machine canPerformOperation completed + cancel 应非法（终态）" time="0">
    </testcase>
    <testcase classname="orderService/common/boarding-state-machine canPerformOperation 未知操作应返回 false" name="orderService/common/boarding-state-machine canPerformOperation 未知操作应返回 false" time="0">
    </testcase>
    <testcase classname="orderService/common/boarding-state-machine 集成场景：商家操作寄养订单 完整流程应全部合法" name="orderService/common/boarding-state-machine 集成场景：商家操作寄养订单 完整流程应全部合法" time="0">
    </testcase>
    <testcase classname="orderService/common/boarding-state-machine 集成场景：商家操作寄养订单 completed 之后的任何操作都应失败" name="orderService/common/boarding-state-machine 集成场景：商家操作寄养订单 completed 之后的任何操作都应失败" time="0.057">
    </testcase>
  </testsuite>
  <testsuite name="集成测试：佣金子链路" errors="0" failures="0" skipped="0" timestamp="2026-06-06T05:37:37" time="0.201" tests="8">
    <testcase classname="集成测试：佣金子链路 正常流程：邀请人存在 + 费率配置存在 → 写入 commission 记录" name="集成测试：佣金子链路 正常流程：邀请人存在 + 费率配置存在 → 写入 commission 记录" time="0.006">
    </testcase>
    <testcase classname="集成测试：佣金子链路 去重：同一订单不能写入多次 commission" name="集成测试：佣金子链路 去重：同一订单不能写入多次 commission" time="0">
    </testcase>
    <testcase classname="集成测试：佣金子链路 跳过：用户无 inviterId 时不写 commission" name="集成测试：佣金子链路 跳过：用户无 inviterId 时不写 commission" time="0">
    </testcase>
    <testcase classname="集成测试：佣金子链路 跳过：邀请人用户记录不存在时静默退出" name="集成测试：佣金子链路 跳过：邀请人用户记录不存在时静默退出" time="0">
    </testcase>
    <testcase classname="集成测试：佣金子链路 跳过：system_config 缺失该 orderType 费率时" name="集成测试：佣金子链路 跳过：system_config 缺失该 orderType 费率时" time="0.002">
    </testcase>
    <testcase classname="集成测试：佣金子链路 跳过：orderAmount 为 0 时不写 commission" name="集成测试：佣金子链路 跳过：orderAmount 为 0 时不写 commission" time="0">
    </testcase>
    <testcase classname="集成测试：佣金子链路 多 orderType 独立费率：mall 与 hosting 同时启用" name="集成测试：佣金子链路 多 orderType 独立费率：mall 与 hosting 同时启用" time="0.002">
    </testcase>
    <testcase classname="集成测试：佣金子链路 计算精度：金额 × 费率结果保留 2 位小数（不引入浮点误差）" name="集成测试：佣金子链路 计算精度：金额 × 费率结果保留 2 位小数（不引入浮点误差）" time="0">
    </testcase>
  </testsuite>
  <testsuite name="存量数据校验 Sprint 11：增量模式 + 白名单" errors="0" failures="0" skipped="0" timestamp="2026-06-06T05:37:37" time="0.111" tests="18">
    <testcase classname="存量数据校验 Sprint 11：增量模式 + 白名单 --since 增量模式 since=0 等价于全量" name="存量数据校验 Sprint 11：增量模式 + 白名单 --since 增量模式 since=0 等价于全量" time="0.002">
    </testcase>
    <testcase classname="存量数据校验 Sprint 11：增量模式 + 白名单 --since 增量模式 since=T2 只保留 updatedAt &gt;= T2 的文档" name="存量数据校验 Sprint 11：增量模式 + 白名单 --since 增量模式 since=T2 只保留 updatedAt &gt;= T2 的文档" time="0.001">
    </testcase>
    <testcase classname="存量数据校验 Sprint 11：增量模式 + 白名单 --since 增量模式 since=now 全为空" name="存量数据校验 Sprint 11：增量模式 + 白名单 --since 增量模式 since=now 全为空" time="0.001">
    </testcase>
    <testcase classname="存量数据校验 Sprint 11：增量模式 + 白名单 --since 增量模式 缺 updatedAt 时回退到 createdAt" name="存量数据校验 Sprint 11：增量模式 + 白名单 --since 增量模式 缺 updatedAt 时回退到 createdAt" time="0.001">
    </testcase>
    <testcase classname="存量数据校验 Sprint 11：增量模式 + 白名单 --whitelist 白名单 白名单内的 code 不计入 issues" name="存量数据校验 Sprint 11：增量模式 + 白名单 --whitelist 白名单 白名单内的 code 不计入 issues" time="0.001">
    </testcase>
    <testcase classname="存量数据校验 Sprint 11：增量模式 + 白名单 --whitelist 白名单 多个白名单 code 全部忽略" name="存量数据校验 Sprint 11：增量模式 + 白名单 --whitelist 白名单 多个白名单 code 全部忽略" time="0">
    </testcase>
    <testcase classname="存量数据校验 Sprint 11：增量模式 + 白名单 --whitelist 白名单 summary.byWhitelist 应统计被白名单忽略的次数" name="存量数据校验 Sprint 11：增量模式 + 白名单 --whitelist 白名单 summary.byWhitelist 应统计被白名单忽略的次数" time="0">
    </testcase>
    <testcase classname="存量数据校验 Sprint 11：增量模式 + 白名单 --whitelist 白名单 未在白名单的 code 仍被报告" name="存量数据校验 Sprint 11：增量模式 + 白名单 --whitelist 白名单 未在白名单的 code 仍被报告" time="0.001">
    </testcase>
    <testcase classname="存量数据校验 Sprint 11：增量模式 + 白名单 --collections 只校验指定集合 collections=[&quot;users&quot;] 时只校验 users" name="存量数据校验 Sprint 11：增量模式 + 白名单 --collections 只校验指定集合 collections=[&quot;users&quot;] 时只校验 users" time="0.001">
    </testcase>
    <testcase classname="存量数据校验 Sprint 11：增量模式 + 白名单 --collections 只校验指定集合 不存在的集合名 → 应安全处理（不抛错）" name="存量数据校验 Sprint 11：增量模式 + 白名单 --collections 只校验指定集合 不存在的集合名 → 应安全处理（不抛错）" time="0">
    </testcase>
    <testcase classname="存量数据校验 Sprint 11：增量模式 + 白名单 组合使用 since + whitelist + collections 三者联用，精确只校验关心的部分" name="存量数据校验 Sprint 11：增量模式 + 白名单 组合使用 since + whitelist + collections 三者联用，精确只校验关心的部分" time="0.003">
    </testcase>
    <testcase classname="存量数据校验 Sprint 11：增量模式 + 白名单 parseArgs 应解析 --since=&lt;ms&gt;" name="存量数据校验 Sprint 11：增量模式 + 白名单 parseArgs 应解析 --since=&lt;ms&gt;" time="0.001">
    </testcase>
    <testcase classname="存量数据校验 Sprint 11：增量模式 + 白名单 parseArgs 应解析 --whitelist=code1,code2" name="存量数据校验 Sprint 11：增量模式 + 白名单 parseArgs 应解析 --whitelist=code1,code2" time="0">
    </testcase>
    <testcase classname="存量数据校验 Sprint 11：增量模式 + 白名单 parseArgs 应解析 --collections=orders,users" name="存量数据校验 Sprint 11：增量模式 + 白名单 parseArgs 应解析 --collections=orders,users" time="0">
    </testcase>
    <testcase classname="存量数据校验 Sprint 11：增量模式 + 白名单 parseArgs 空参数应给出空数组" name="存量数据校验 Sprint 11：增量模式 + 白名单 parseArgs 空参数应给出空数组" time="0">
    </testcase>
    <testcase classname="存量数据校验 Sprint 11：增量模式 + 白名单 renderReport 应包含新字段 增量模式应显示 since" name="存量数据校验 Sprint 11：增量模式 + 白名单 renderReport 应包含新字段 增量模式应显示 since" time="0.001">
    </testcase>
    <testcase classname="存量数据校验 Sprint 11：增量模式 + 白名单 renderReport 应包含新字段 白名单应显示" name="存量数据校验 Sprint 11：增量模式 + 白名单 renderReport 应包含新字段 白名单应显示" time="0">
    </testcase>
    <testcase classname="存量数据校验 Sprint 11：增量模式 + 白名单 renderReport 应包含新字段 限定集合应显示" name="存量数据校验 Sprint 11：增量模式 + 白名单 renderReport 应包含新字段 限定集合应显示" time="0.001">
    </testcase>
  </testsuite>
  <testsuite name="common/cache" errors="0" failures="0" skipped="0" timestamp="2026-06-06T05:37:37" time="0.062" tests="15">
    <testcase classname="common/cache 基础读写 setCache 后 getCache 应能取出" name="common/cache 基础读写 setCache 后 getCache 应能取出" time="0.001">
    </testcase>
    <testcase classname="common/cache 基础读写 未设置的 key 应返回 null" name="common/cache 基础读写 未设置的 key 应返回 null" time="0">
    </testcase>
    <testcase classname="common/cache 基础读写 setCache 相同 key 应覆盖" name="common/cache 基础读写 setCache 相同 key 应覆盖" time="0">
    </testcase>
    <testcase classname="common/cache 基础读写 deleteCache 应清除指定 key" name="common/cache 基础读写 deleteCache 应清除指定 key" time="0">
    </testcase>
    <testcase classname="common/cache 基础读写 删除不存在的 key 应返回 false" name="common/cache 基础读写 删除不存在的 key 应返回 false" time="0">
    </testcase>
    <testcase classname="common/cache TTL 过期 超过 TTL 的 key 应返回 null 并被清除" name="common/cache TTL 过期 超过 TTL 的 key 应返回 null 并被清除" time="0.001">
    </testcase>
    <testcase classname="common/cache TTL 过期 未到 TTL 的 key 应仍能取出" name="common/cache TTL 过期 未到 TTL 的 key 应仍能取出" time="0.001">
    </testcase>
    <testcase classname="common/cache TTL 过期 hasCache 应遵守 TTL" name="common/cache TTL 过期 hasCache 应遵守 TTL" time="0.011">
    </testcase>
    <testcase classname="common/cache TTL 过期 getCache 默认 TTL 应为 5 分钟" name="common/cache TTL 过期 getCache 默认 TTL 应为 5 分钟" time="0.008">
    </testcase>
    <testcase classname="common/cache 容量淘汰 超过 1000 项时应淘汰最旧项" name="common/cache 容量淘汰 超过 1000 项时应淘汰最旧项" time="0.002">
    </testcase>
    <testcase classname="common/cache 容量淘汰 覆盖已有 key 不应触发淘汰" name="common/cache 容量淘汰 覆盖已有 key 不应触发淘汰" time="0.001">
    </testcase>
    <testcase classname="common/cache 辅助方法 hasCache 对存在的 key 返回 true" name="common/cache 辅助方法 hasCache 对存在的 key 返回 true" time="0.001">
    </testcase>
    <testcase classname="common/cache 辅助方法 hasCache 对不存在的 key 返回 false" name="common/cache 辅助方法 hasCache 对不存在的 key 返回 false" time="0">
    </testcase>
    <testcase classname="common/cache 辅助方法 getCacheSize 应反映当前缓存项数" name="common/cache 辅助方法 getCacheSize 应反映当前缓存项数" time="0.001">
    </testcase>
    <testcase classname="common/cache 辅助方法 clearCache 应清空所有项" name="common/cache 辅助方法 clearCache 应清空所有项" time="0.002">
    </testcase>
  </testsuite>
  <testsuite name="i18n-hot-update" errors="0" failures="0" skipped="0" timestamp="2026-06-06T05:37:37" time="0.201" tests="6">
    <testcase classname="i18n-hot-update 无 wx.cloud 环境时降级" name="i18n-hot-update 无 wx.cloud 环境时降级" time="0.02">
    </testcase>
    <testcase classname="i18n-hot-update 成功拉取后调用 applyCustomOverrides" name="i18n-hot-update 成功拉取后调用 applyCustomOverrides" time="0.005">
    </testcase>
    <testcase classname="i18n-hot-update payload code !== 0 不调用 applyCustomOverrides" name="i18n-hot-update payload code !== 0 不调用 applyCustomOverrides" time="0.013">
    </testcase>
    <testcase classname="i18n-hot-update wx.cloud.callFunction 抛错时静默返回" name="i18n-hot-update wx.cloud.callFunction 抛错时静默返回" time="0.006">
    </testcase>
    <testcase classname="i18n-hot-update refreshIfStale 节流" name="i18n-hot-update refreshIfStale 节流" time="0.008">
    </testcase>
    <testcase classname="i18n-hot-update 并发 refresh 只发起一次请求" name="i18n-hot-update 并发 refresh 只发起一次请求" time="0.015">
    </testcase>
  </testsuite>
  <testsuite name="risk-control.js" errors="0" failures="0" skipped="0" timestamp="2026-06-06T05:37:37" time="0.071" tests="41">
    <testcase classname="risk-control.js commentFingerprint 应去除首尾空白 + 合并中间空白" name="risk-control.js commentFingerprint 应去除首尾空白 + 合并中间空白" time="0">
    </testcase>
    <testcase classname="risk-control.js commentFingerprint 应忽略大小写" name="risk-control.js commentFingerprint 应忽略大小写" time="0.001">
    </testcase>
    <testcase classname="risk-control.js commentFingerprint 应去除 emoji" name="risk-control.js commentFingerprint 应去除 emoji" time="0">
    </testcase>
    <testcase classname="risk-control.js commentFingerprint 空字符串 / 极短文案 → 返回空串" name="risk-control.js commentFingerprint 空字符串 / 极短文案 → 返回空串" time="0">
    </testcase>
    <testcase classname="risk-control.js commentFingerprint 同一字符串两次调用应得到相同指纹" name="risk-control.js commentFingerprint 同一字符串两次调用应得到相同指纹" time="0">
    </testcase>
    <testcase classname="risk-control.js detectHighFrequency（短时间高频） 1 分钟内 0 条 → low" name="risk-control.js detectHighFrequency（短时间高频） 1 分钟内 0 条 → low" time="0">
    </testcase>
    <testcase classname="risk-control.js detectHighFrequency（短时间高频） 1 分钟内 2 条 → low" name="risk-control.js detectHighFrequency（短时间高频） 1 分钟内 2 条 → low" time="0">
    </testcase>
    <testcase classname="risk-control.js detectHighFrequency（短时间高频） 1 分钟内 3 条 → medium" name="risk-control.js detectHighFrequency（短时间高频） 1 分钟内 3 条 → medium" time="0.001">
    </testcase>
    <testcase classname="risk-control.js detectHighFrequency（短时间高频） 1 分钟内 5 条 → high" name="risk-control.js detectHighFrequency（短时间高频） 1 分钟内 5 条 → high" time="0">
    </testcase>
    <testcase classname="risk-control.js detectHighFrequency（短时间高频） 窗口外的不计入" name="risk-control.js detectHighFrequency（短时间高频） 窗口外的不计入" time="0">
    </testcase>
    <testcase classname="risk-control.js detectHostConcentration（host 集中好评） 非 5 星 → 不触发" name="risk-control.js detectHostConcentration（host 集中好评） 非 5 星 → 不触发" time="0">
    </testcase>
    <testcase classname="risk-control.js detectHostConcentration（host 集中好评） 24h 内 5 星 &lt; 3 条 → low" name="risk-control.js detectHostConcentration（host 集中好评） 24h 内 5 星 &lt; 3 条 → low" time="0">
    </testcase>
    <testcase classname="risk-control.js detectHostConcentration（host 集中好评） 24h 内 5 星 3 条 → medium" name="risk-control.js detectHostConcentration（host 集中好评） 24h 内 5 星 3 条 → medium" time="0">
    </testcase>
    <testcase classname="risk-control.js detectHostConcentration（host 集中好评） 24h 内 5 星 6 条 → high" name="risk-control.js detectHostConcentration（host 集中好评） 24h 内 5 星 6 条 → high" time="0">
    </testcase>
    <testcase classname="risk-control.js detectHostConcentration（host 集中好评） 超过 24h 的不计入" name="risk-control.js detectHostConcentration（host 集中好评） 超过 24h 的不计入" time="0">
    </testcase>
    <testcase classname="risk-control.js detectDuplicateComment（重复模板） 评论为空 → 不触发" name="risk-control.js detectDuplicateComment（重复模板） 评论为空 → 不触发" time="0">
    </testcase>
    <testcase classname="risk-control.js detectDuplicateComment（重复模板） 7 天内同文案 0 次 → low" name="risk-control.js detectDuplicateComment（重复模板） 7 天内同文案 0 次 → low" time="0.001">
    </testcase>
    <testcase classname="risk-control.js detectDuplicateComment（重复模板） 7 天内同文案 1 次 → low" name="risk-control.js detectDuplicateComment（重复模板） 7 天内同文案 1 次 → low" time="0">
    </testcase>
    <testcase classname="risk-control.js detectDuplicateComment（重复模板） 7 天内同文案 2 次 → medium" name="risk-control.js detectDuplicateComment（重复模板） 7 天内同文案 2 次 → medium" time="0">
    </testcase>
    <testcase classname="risk-control.js detectDuplicateComment（重复模板） 7 天内同文案 4 次 → high" name="risk-control.js detectDuplicateComment（重复模板） 7 天内同文案 4 次 → high" time="0">
    </testcase>
    <testcase classname="risk-control.js detectDuplicateComment（重复模板） 大小写 / 空白差异应被识别为同模板" name="risk-control.js detectDuplicateComment（重复模板） 大小写 / 空白差异应被识别为同模板" time="0">
    </testcase>
    <testcase classname="risk-control.js detectCommentLength（评论长度） 空评论 → low（允许）" name="risk-control.js detectCommentLength（评论长度） 空评论 → low（允许）" time="0">
    </testcase>
    <testcase classname="risk-control.js detectCommentLength（评论长度） 正常长度 → low" name="risk-control.js detectCommentLength（评论长度） 正常长度 → low" time="0">
    </testcase>
    <testcase classname="risk-control.js detectCommentLength（评论长度） 极短（&lt; 2 字）→ medium" name="risk-control.js detectCommentLength（评论长度） 极短（&lt; 2 字）→ medium" time="0">
    </testcase>
    <testcase classname="risk-control.js detectCommentLength（评论长度） 超长（&gt; 500 字）→ high" name="risk-control.js detectCommentLength（评论长度） 超长（&gt; 500 字）→ high" time="0">
    </testcase>
    <testcase classname="risk-control.js detectFiveStarRatio（全 5 星比例） 样本不足 → low" name="risk-control.js detectFiveStarRatio（全 5 星比例） 样本不足 → low" time="0">
    </testcase>
    <testcase classname="risk-control.js detectFiveStarRatio（全 5 星比例） 样本 ≥ 10 且全 5 星 → medium" name="risk-control.js detectFiveStarRatio（全 5 星比例） 样本 ≥ 10 且全 5 星 → medium" time="0.001">
    </testcase>
    <testcase classname="risk-control.js detectFiveStarRatio（全 5 星比例） 样本 100 但 90% 是 5 星 → low（未达阈值）" name="risk-control.js detectFiveStarRatio（全 5 星比例） 样本 100 但 90% 是 5 星 → low（未达阈值）" time="0">
    </testcase>
    <testcase classname="risk-control.js detectFiveStarRatio（全 5 星比例） 样本 100 且 95% 是 5 星 → medium" name="risk-control.js detectFiveStarRatio（全 5 星比例） 样本 100 且 95% 是 5 星 → medium" time="0">
    </testcase>
    <testcase classname="risk-control.js levelToAction low → allow" name="risk-control.js levelToAction low → allow" time="0">
    </testcase>
    <testcase classname="risk-control.js levelToAction medium → review" name="risk-control.js levelToAction medium → review" time="0">
    </testcase>
    <testcase classname="risk-control.js levelToAction high → reject" name="risk-control.js levelToAction high → reject" time="0">
    </testcase>
    <testcase classname="risk-control.js detectReviewSpam（主入口） 正常评价 → low / allow" name="risk-control.js detectReviewSpam（主入口） 正常评价 → low / allow" time="0.001">
    </testcase>
    <testcase classname="risk-control.js detectReviewSpam（主入口） 1 分钟 3 次 → medium / review" name="risk-control.js detectReviewSpam（主入口） 1 分钟 3 次 → medium / review" time="0">
    </testcase>
    <testcase classname="risk-control.js detectReviewSpam（主入口） host 24h 集中 5 星 → medium / review" name="risk-control.js detectReviewSpam（主入口） host 24h 集中 5 星 → medium / review" time="0">
    </testcase>
    <testcase classname="risk-control.js detectReviewSpam（主入口） 重复模板 → medium" name="risk-control.js detectReviewSpam（主入口） 重复模板 → medium" time="0">
    </testcase>
    <testcase classname="risk-control.js detectReviewSpam（主入口） 全 5 星比例 100% / 10 样本 → medium" name="risk-control.js detectReviewSpam（主入口） 全 5 星比例 100% / 10 样本 → medium" time="0.001">
    </testcase>
    <testcase classname="risk-control.js detectReviewSpam（主入口） 多检测项同时触发 → 取最高等级" name="risk-control.js detectReviewSpam（主入口） 多检测项同时触发 → 取最高等级" time="0">
    </testcase>
    <testcase classname="risk-control.js detectReviewSpam（主入口） report.details 应包含每个检测项" name="risk-control.js detectReviewSpam（主入口） report.details 应包含每个检测项" time="0">
    </testcase>
    <testcase classname="risk-control.js detectReviewSpam（主入口） report.target 应回填本次评价关键字段" name="risk-control.js detectReviewSpam（主入口） report.target 应回填本次评价关键字段" time="0.002">
    </testcase>
    <testcase classname="risk-control.js CONFIG 暴露 应暴露关键阈值（便于运营 / 监控）" name="risk-control.js CONFIG 暴露 应暴露关键阈值（便于运营 / 监控）" time="0">
    </testcase>
  </testsuite>
  <testsuite name="Sprint 14: validator.js → .ts 迁移" errors="0" failures="0" skipped="0" timestamp="2026-06-06T05:37:37" time="0.11" tests="17">
    <testcase classname="Sprint 14: validator.js → .ts 迁移 validator.ts 源文件应存在" name="Sprint 14: validator.js → .ts 迁移 validator.ts 源文件应存在" time="0.001">
    </testcase>
    <testcase classname="Sprint 14: validator.js → .ts 迁移 编译产物 validator.js 应存在" name="Sprint 14: validator.js → .ts 迁移 编译产物 validator.js 应存在" time="0">
    </testcase>
    <testcase classname="Sprint 14: validator.js → .ts 迁移 类型声明 validator.d.ts 应存在" name="Sprint 14: validator.js → .ts 迁移 类型声明 validator.d.ts 应存在" time="0">
    </testcase>
    <testcase classname="Sprint 14: validator.js → .ts 迁移 validator.js 顶部应有 eslint-disable 标记（tsc 产物）" name="Sprint 14: validator.js → .ts 迁移 validator.js 顶部应有 eslint-disable 标记（tsc 产物）" time="0">
    </testcase>
    <testcase classname="Sprint 14: validator.js → .ts 迁移 编译后的 .js 仍能正确导出所有公共 API" name="Sprint 14: validator.js → .ts 迁移 编译后的 .js 仍能正确导出所有公共 API" time="0.006">
    </testcase>
    <testcase classname="Sprint 14: validator.js → .ts 迁移 .d.ts 应包含核心导出" name="Sprint 14: validator.js → .ts 迁移 .d.ts 应包含核心导出" time="0.001">
    </testcase>
    <testcase classname="Sprint 14: validator.js → .ts 迁移 tsconfig.common.json 应包含 validator.ts" name="Sprint 14: validator.js → .ts 迁移 tsconfig.common.json 应包含 validator.ts" time="0">
    </testcase>
    <testcase classname="Sprint 14: validator.js → .ts 迁移 build:common 应处理 validator.js" name="Sprint 14: validator.js → .ts 迁移 build:common 应处理 validator.js" time="0">
    </testcase>
    <testcase classname="Sprint 14: validator.js → .ts 迁移 FIELD_WHITELISTS 应包含 7 个业务域" name="Sprint 14: validator.js → .ts 迁移 FIELD_WHITELISTS 应包含 7 个业务域" time="0.003">
    </testcase>
    <testcase classname="Sprint 14: validator.js → .ts 迁移 validate 缺必填抛 BusinessError(MISSING_REQUIRED)" name="Sprint 14: validator.js → .ts 迁移 validate 缺必填抛 BusinessError(MISSING_REQUIRED)" time="0.001">
    </testcase>
    <testcase classname="Sprint 14: validator.js → .ts 迁移 validate 类型错误抛 ValidationError" name="Sprint 14: validator.js → .ts 迁移 validate 类型错误抛 ValidationError" time="0.001">
    </testcase>
    <testcase classname="Sprint 14: validator.js → .ts 迁移 validate 数字 min/max" name="Sprint 14: validator.js → .ts 迁移 validate 数字 min/max" time="0.023">
    </testcase>
    <testcase classname="Sprint 14: validator.js → .ts 迁移 validate 字符串 min/max（长度）" name="Sprint 14: validator.js → .ts 迁移 validate 字符串 min/max（长度）" time="0.001">
    </testcase>
    <testcase classname="Sprint 14: validator.js → .ts 迁移 validate enum" name="Sprint 14: validator.js → .ts 迁移 validate enum" time="0">
    </testcase>
    <testcase classname="Sprint 14: validator.js → .ts 迁移 validate data 非对象应抛 INVALID_PARAMS" name="Sprint 14: validator.js → .ts 迁移 validate data 非对象应抛 INVALID_PARAMS" time="0">
    </testcase>
    <testcase classname="Sprint 14: validator.js → .ts 迁移 filterFields 白名单过滤" name="Sprint 14: validator.js → .ts 迁移 filterFields 白名单过滤" time="0.001">
    </testcase>
    <testcase classname="Sprint 14: validator.js → .ts 迁移 filterFields 缺字段不报错" name="Sprint 14: validator.js → .ts 迁移 filterFields 缺字段不报错" time="0">
    </testcase>
  </testsuite>
  <testsuite name="risk-control.js (Sprint 22 大额风控)" errors="0" failures="0" skipped="0" timestamp="2026-06-06T05:37:37" time="0.214" tests="22">
    <testcase classname="risk-control.js (Sprint 22 大额风控) detectLargeAmount 小于阈值 → low" name="risk-control.js (Sprint 22 大额风控) detectLargeAmount 小于阈值 → low" time="0.001">
    </testcase>
    <testcase classname="risk-control.js (Sprint 22 大额风控) detectLargeAmount 等于 LARGE_AMOUNT_FEN → medium" name="risk-control.js (Sprint 22 大额风控) detectLargeAmount 等于 LARGE_AMOUNT_FEN → medium" time="0">
    </testcase>
    <testcase classname="risk-control.js (Sprint 22 大额风控) detectLargeAmount 介于 LARGE 和 HUGE 之间 → medium" name="risk-control.js (Sprint 22 大额风控) detectLargeAmount 介于 LARGE 和 HUGE 之间 → medium" time="0">
    </testcase>
    <testcase classname="risk-control.js (Sprint 22 大额风控) detectLargeAmount 等于 HUGE_AMOUNT_FEN → high" name="risk-control.js (Sprint 22 大额风控) detectLargeAmount 等于 HUGE_AMOUNT_FEN → high" time="0">
    </testcase>
    <testcase classname="risk-control.js (Sprint 22 大额风控) detectLargeAmount 负数/非法输入 → 0 / low" name="risk-control.js (Sprint 22 大额风控) detectLargeAmount 负数/非法输入 → 0 / low" time="0">
    </testcase>
    <testcase classname="risk-control.js (Sprint 22 大额风控) detectNewUserLargeAmount 注册 &gt; 7 天 → 不触发" name="risk-control.js (Sprint 22 大额风控) detectNewUserLargeAmount 注册 &gt; 7 天 → 不触发" time="0">
    </testcase>
    <testcase classname="risk-control.js (Sprint 22 大额风控) detectNewUserLargeAmount 注册 &lt; 7 天 + 大额 → medium" name="risk-control.js (Sprint 22 大额风控) detectNewUserLargeAmount 注册 &lt; 7 天 + 大额 → medium" time="0">
    </testcase>
    <testcase classname="risk-control.js (Sprint 22 大额风控) detectNewUserLargeAmount 注册 &lt; 7 天 + 小额 → 不触发" name="risk-control.js (Sprint 22 大额风控) detectNewUserLargeAmount 注册 &lt; 7 天 + 小额 → 不触发" time="0">
    </testcase>
    <testcase classname="risk-control.js (Sprint 22 大额风控) detectNewUserLargeAmount userCreatedAt=0 → 不触发" name="risk-control.js (Sprint 22 大额风控) detectNewUserLargeAmount userCreatedAt=0 → 不触发" time="0.002">
    </testcase>
    <testcase classname="risk-control.js (Sprint 22 大额风控) detectOrderRisk 小金额 + 无历史 → allow" name="risk-control.js (Sprint 22 大额风控) detectOrderRisk 小金额 + 无历史 → allow" time="0.001">
    </testcase>
    <testcase classname="risk-control.js (Sprint 22 大额风控) detectOrderRisk 单笔 5 万 → review (medium)" name="risk-control.js (Sprint 22 大额风控) detectOrderRisk 单笔 5 万 → review (medium)" time="0.001">
    </testcase>
    <testcase classname="risk-control.js (Sprint 22 大额风控) detectOrderRisk 单笔 10 万 → reject (high)" name="risk-control.js (Sprint 22 大额风控) detectOrderRisk 单笔 10 万 → reject (high)" time="0.027">
    </testcase>
    <testcase classname="risk-control.js (Sprint 22 大额风控) detectOrderRisk 短期高频 → review" name="risk-control.js (Sprint 22 大额风控) detectOrderRisk 短期高频 → review" time="0.043">
    </testcase>
    <testcase classname="risk-control.js (Sprint 22 大额风控) detectOrderRisk 单日累计 10 万+ → review" name="risk-control.js (Sprint 22 大额风控) detectOrderRisk 单日累计 10 万+ → review" time="0.001">
    </testcase>
    <testcase classname="risk-control.js (Sprint 22 大额风控) detectOrderRisk 新用户大额 → review" name="risk-control.js (Sprint 22 大额风控) detectOrderRisk 新用户大额 → review" time="0.032">
    </testcase>
    <testcase classname="risk-control.js (Sprint 22 大额风控) detectOrderRisk 超大额 + 短期高频 → reject (取最大)" name="risk-control.js (Sprint 22 大额风控) detectOrderRisk 超大额 + 短期高频 → reject (取最大)" time="0.001">
    </testcase>
    <testcase classname="risk-control.js (Sprint 22 大额风控) detectOrderRisk db 异常 → 降级为 allow（best-effort）" name="risk-control.js (Sprint 22 大额风控) detectOrderRisk db 异常 → 降级为 allow（best-effort）" time="0.008">
    </testcase>
    <testcase classname="risk-control.js (Sprint 22 大额风控) detectMallOrderRisk / detectActivityApplyRisk detectMallOrderRisk 应注入 type=mall_order" name="risk-control.js (Sprint 22 大额风控) detectMallOrderRisk / detectActivityApplyRisk detectMallOrderRisk 应注入 type=mall_order" time="0.004">
    </testcase>
    <testcase classname="risk-control.js (Sprint 22 大额风控) detectMallOrderRisk / detectActivityApplyRisk detectActivityApplyRisk 应注入 type=activity_apply" name="risk-control.js (Sprint 22 大额风控) detectMallOrderRisk / detectActivityApplyRisk detectActivityApplyRisk 应注入 type=activity_apply" time="0.001">
    </testcase>
    <testcase classname="risk-control.js (Sprint 22 大额风控) mapActionToErrorCode 兼容 reject → RISK_REJECT" name="risk-control.js (Sprint 22 大额风控) mapActionToErrorCode 兼容 reject → RISK_REJECT" time="0">
    </testcase>
    <testcase classname="risk-control.js (Sprint 22 大额风控) mapActionToErrorCode 兼容 review → RISK_PENDING" name="risk-control.js (Sprint 22 大额风控) mapActionToErrorCode 兼容 review → RISK_PENDING" time="0">
    </testcase>
    <testcase classname="risk-control.js (Sprint 22 大额风控) mapActionToErrorCode 兼容 allow / 其它 → RISK_PASS" name="risk-control.js (Sprint 22 大额风控) mapActionToErrorCode 兼容 allow / 其它 → RISK_PASS" time="0.001">
    </testcase>
  </testsuite>
  <testsuite name="Sprint 14: date-holidays.js → .ts 迁移" errors="0" failures="0" skipped="0" timestamp="2026-06-06T05:37:37" time="0.18" tests="11">
    <testcase classname="Sprint 14: date-holidays.js → .ts 迁移 date-holidays.ts 源文件应存在" name="Sprint 14: date-holidays.js → .ts 迁移 date-holidays.ts 源文件应存在" time="0">
    </testcase>
    <testcase classname="Sprint 14: date-holidays.js → .ts 迁移 编译产物 date-holidays.js 应存在" name="Sprint 14: date-holidays.js → .ts 迁移 编译产物 date-holidays.js 应存在" time="0">
    </testcase>
    <testcase classname="Sprint 14: date-holidays.js → .ts 迁移 类型声明 date-holidays.d.ts 应存在" name="Sprint 14: date-holidays.js → .ts 迁移 类型声明 date-holidays.d.ts 应存在" time="0">
    </testcase>
    <testcase classname="Sprint 14: date-holidays.js → .ts 迁移 date-holidays.js 顶部应有 eslint-disable 标记（tsc 产物）" name="Sprint 14: date-holidays.js → .ts 迁移 date-holidays.js 顶部应有 eslint-disable 标记（tsc 产物）" time="0.001">
    </testcase>
    <testcase classname="Sprint 14: date-holidays.js → .ts 迁移 编译后的 .js 仍能正确导出所有公共 API" name="Sprint 14: date-holidays.js → .ts 迁移 编译后的 .js 仍能正确导出所有公共 API" time="0.007">
    </testcase>
    <testcase classname="Sprint 14: date-holidays.js → .ts 迁移 .d.ts 应包含核心导出" name="Sprint 14: date-holidays.js → .ts 迁移 .d.ts 应包含核心导出" time="0.061">
    </testcase>
    <testcase classname="Sprint 14: date-holidays.js → .ts 迁移 tsconfig.common.json 应包含 date-holidays.ts" name="Sprint 14: date-holidays.js → .ts 迁移 tsconfig.common.json 应包含 date-holidays.ts" time="0">
    </testcase>
    <testcase classname="Sprint 14: date-holidays.js → .ts 迁移 build:common 应处理 date-holidays.js" name="Sprint 14: date-holidays.js → .ts 迁移 build:common 应处理 date-holidays.js" time="0">
    </testcase>
    <testcase classname="Sprint 14: date-holidays.js → .ts 迁移 行为与迁移前完全一致：isHoliday 真实场景" name="Sprint 14: date-holidays.js → .ts 迁移 行为与迁移前完全一致：isHoliday 真实场景" time="0.003">
    </testcase>
    <testcase classname="Sprint 14: date-holidays.js → .ts 迁移 getDayPriceMultiplier 自定义倍率" name="Sprint 14: date-holidays.js → .ts 迁移 getDayPriceMultiplier 自定义倍率" time="0.004">
    </testcase>
    <testcase classname="Sprint 14: date-holidays.js → .ts 迁移 registerHolidays 校验参数" name="Sprint 14: date-holidays.js → .ts 迁移 registerHolidays 校验参数" time="0.024">
    </testcase>
  </testsuite>
  <testsuite name="partner i18n-override page" errors="0" failures="0" skipped="0" timestamp="2026-06-06T05:37:37" time="0.237" tests="12">
    <testcase classname="partner i18n-override page 初始 data 应有 supportedLocales" name="partner i18n-override page 初始 data 应有 supportedLocales" time="0.055">
    </testcase>
    <testcase classname="partner i18n-override page _loadData 初次加载 - 替换 list" name="partner i18n-override page _loadData 初次加载 - 替换 list" time="0.009">
    </testcase>
    <testcase classname="partner i18n-override page _loadData 加载更多 - 追加 list" name="partner i18n-override page _loadData 加载更多 - 追加 list" time="0.002">
    </testcase>
    <testcase classname="partner i18n-override page _loadData 失败时 toast 错误" name="partner i18n-override page _loadData 失败时 toast 错误" time="0.001">
    </testcase>
    <testcase classname="partner i18n-override page onCreateNew 打开编辑器" name="partner i18n-override page onCreateNew 打开编辑器" time="0.075">
    </testcase>
    <testcase classname="partner i18n-override page onEditItem 加载已有数据" name="partner i18n-override page onEditItem 加载已有数据" time="0.01">
    </testcase>
    <testcase classname="partner i18n-override page onSaveEditor - 缺少 key 拦截" name="partner i18n-override page onSaveEditor - 缺少 key 拦截" time="0.006">
    </testcase>
    <testcase classname="partner i18n-override page onSaveEditor - 成功保存并刷新" name="partner i18n-override page onSaveEditor - 成功保存并刷新" time="0.004">
    </testcase>
    <testcase classname="partner i18n-override page onDeleteItem 二次确认 + 删除" name="partner i18n-override page onDeleteItem 二次确认 + 删除" time="0.015">
    </testcase>
    <testcase classname="partner i18n-override page onToggleStatus 切换状态" name="partner i18n-override page onToggleStatus 切换状态" time="0.006">
    </testcase>
    <testcase classname="partner i18n-override page onPreviewItem 拉取全部 locale" name="partner i18n-override page onPreviewItem 拉取全部 locale" time="0.016">
    </testcase>
    <testcase classname="partner i18n-override page onStatusFilterChange 触发重新加载" name="partner i18n-override page onStatusFilterChange 触发重新加载" time="0.006">
    </testcase>
  </testsuite>
  <testsuite name="Sprint 17: date-range TypeScript 迁移" errors="0" failures="0" skipped="0" timestamp="2026-06-06T05:37:37" time="0.252" tests="37">
    <testcase classname="Sprint 17: date-range TypeScript 迁移 文件存在性 .ts 源文件存在" name="Sprint 17: date-range TypeScript 迁移 文件存在性 .ts 源文件存在" time="0.001">
    </testcase>
    <testcase classname="Sprint 17: date-range TypeScript 迁移 文件存在性 .js 编译产物存在" name="Sprint 17: date-range TypeScript 迁移 文件存在性 .js 编译产物存在" time="0.001">
    </testcase>
    <testcase classname="Sprint 17: date-range TypeScript 迁移 文件存在性 .d.ts 声明文件存在" name="Sprint 17: date-range TypeScript 迁移 文件存在性 .d.ts 声明文件存在" time="0.002">
    </testcase>
    <testcase classname="Sprint 17: date-range TypeScript 迁移 .ts 源码契约 导出 DateRangeType 类型" name="Sprint 17: date-range TypeScript 迁移 .ts 源码契约 导出 DateRangeType 类型" time="0.001">
    </testcase>
    <testcase classname="Sprint 17: date-range TypeScript 迁移 .ts 源码契约 导出 DateRange 接口" name="Sprint 17: date-range TypeScript 迁移 .ts 源码契约 导出 DateRange 接口" time="0">
    </testcase>
    <testcase classname="Sprint 17: date-range TypeScript 迁移 .ts 源码契约 导出 RangeQueryDescriptor 接口" name="Sprint 17: date-range TypeScript 迁移 .ts 源码契约 导出 RangeQueryDescriptor 接口" time="0">
    </testcase>
    <testcase classname="Sprint 17: date-range TypeScript 迁移 .ts 源码契约 导出 RANGE_TYPES 常量" name="Sprint 17: date-range TypeScript 迁移 .ts 源码契约 导出 RANGE_TYPES 常量" time="0">
    </testcase>
    <testcase classname="Sprint 17: date-range TypeScript 迁移 .ts 源码契约 导出默认 default 对象" name="Sprint 17: date-range TypeScript 迁移 .ts 源码契约 导出默认 default 对象" time="0">
    </testcase>
    <testcase classname="Sprint 17: date-range TypeScript 迁移 模块 API 完整性 导出所有 11 个公共方法" name="Sprint 17: date-range TypeScript 迁移 模块 API 完整性 导出所有 11 个公共方法" time="0.001">
    </testcase>
    <testcase classname="Sprint 17: date-range TypeScript 迁移 getDateRange 8 种 range today" name="Sprint 17: date-range TypeScript 迁移 getDateRange 8 种 range today" time="0">
    </testcase>
    <testcase classname="Sprint 17: date-range TypeScript 迁移 getDateRange 8 种 range yesterday" name="Sprint 17: date-range TypeScript 迁移 getDateRange 8 种 range yesterday" time="0">
    </testcase>
    <testcase classname="Sprint 17: date-range TypeScript 迁移 getDateRange 8 种 range week（周一为周首）" name="Sprint 17: date-range TypeScript 迁移 getDateRange 8 种 range week（周一为周首）" time="0">
    </testcase>
    <testcase classname="Sprint 17: date-range TypeScript 迁移 getDateRange 8 种 range month" name="Sprint 17: date-range TypeScript 迁移 getDateRange 8 种 range month" time="0">
    </testcase>
    <testcase classname="Sprint 17: date-range TypeScript 迁移 getDateRange 8 种 range last7 / last30" name="Sprint 17: date-range TypeScript 迁移 getDateRange 8 种 range last7 / last30" time="0">
    </testcase>
    <testcase classname="Sprint 17: date-range TypeScript 迁移 getDateRange 8 种 range quarter" name="Sprint 17: date-range TypeScript 迁移 getDateRange 8 种 range quarter" time="0.007">
    </testcase>
    <testcase classname="Sprint 17: date-range TypeScript 迁移 getDateRange 8 种 range year" name="Sprint 17: date-range TypeScript 迁移 getDateRange 8 种 range year" time="0.005">
    </testcase>
    <testcase classname="Sprint 17: date-range TypeScript 迁移 getDateRange 8 种 range all → null" name="Sprint 17: date-range TypeScript 迁移 getDateRange 8 种 range all → null" time="0.016">
    </testcase>
    <testcase classname="Sprint 17: date-range TypeScript 迁移 start/end 工具 startOfDay" name="Sprint 17: date-range TypeScript 迁移 start/end 工具 startOfDay" time="0.014">
    </testcase>
    <testcase classname="Sprint 17: date-range TypeScript 迁移 start/end 工具 endOfDay" name="Sprint 17: date-range TypeScript 迁移 start/end 工具 endOfDay" time="0">
    </testcase>
    <testcase classname="Sprint 17: date-range TypeScript 迁移 start/end 工具 startOfWeek 周一为周首" name="Sprint 17: date-range TypeScript 迁移 start/end 工具 startOfWeek 周一为周首" time="0">
    </testcase>
    <testcase classname="Sprint 17: date-range TypeScript 迁移 startOfMonth/Quarter/Year startOfMonth" name="Sprint 17: date-range TypeScript 迁移 startOfMonth/Quarter/Year startOfMonth" time="0">
    </testcase>
    <testcase classname="Sprint 17: date-range TypeScript 迁移 startOfMonth/Quarter/Year startOfQuarter（Q2=4月）" name="Sprint 17: date-range TypeScript 迁移 startOfMonth/Quarter/Year startOfQuarter（Q2=4月）" time="0">
    </testcase>
    <testcase classname="Sprint 17: date-range TypeScript 迁移 startOfMonth/Quarter/Year startOfYear" name="Sprint 17: date-range TypeScript 迁移 startOfMonth/Quarter/Year startOfYear" time="0">
    </testcase>
    <testcase classname="Sprint 17: date-range TypeScript 迁移 diffDays 同日 → 0" name="Sprint 17: date-range TypeScript 迁移 diffDays 同日 → 0" time="0">
    </testcase>
    <testcase classname="Sprint 17: date-range TypeScript 迁移 diffDays 跨天（正）" name="Sprint 17: date-range TypeScript 迁移 diffDays 跨天（正）" time="0">
    </testcase>
    <testcase classname="Sprint 17: date-range TypeScript 迁移 diffDays 跨天（负）" name="Sprint 17: date-range TypeScript 迁移 diffDays 跨天（负）" time="0">
    </testcase>
    <testcase classname="Sprint 17: date-range TypeScript 迁移 formatDate / lastNDates formatDate" name="Sprint 17: date-range TypeScript 迁移 formatDate / lastNDates formatDate" time="0">
    </testcase>
    <testcase classname="Sprint 17: date-range TypeScript 迁移 formatDate / lastNDates lastNDates(7) → 7 个 YYYY-MM-DD" name="Sprint 17: date-range TypeScript 迁移 formatDate / lastNDates lastNDates(7) → 7 个 YYYY-MM-DD" time="0">
    </testcase>
    <testcase classname="Sprint 17: date-range TypeScript 迁移 formatDate / lastNDates lastNDates(0) → 抛错" name="Sprint 17: date-range TypeScript 迁移 formatDate / lastNDates lastNDates(0) → 抛错" time="0.05">
    </testcase>
    <testcase classname="Sprint 17: date-range TypeScript 迁移 formatDate / lastNDates lastNDates(负数) → 抛错" name="Sprint 17: date-range TypeScript 迁移 formatDate / lastNDates lastNDates(负数) → 抛错" time="0.001">
    </testcase>
    <testcase classname="Sprint 17: date-range TypeScript 迁移 buildRangeQuery today → 描述符" name="Sprint 17: date-range TypeScript 迁移 buildRangeQuery today → 描述符" time="0.004">
    </testcase>
    <testcase classname="Sprint 17: date-range TypeScript 迁移 buildRangeQuery all → null" name="Sprint 17: date-range TypeScript 迁移 buildRangeQuery all → null" time="0">
    </testcase>
    <testcase classname="Sprint 17: date-range TypeScript 迁移 buildRangeQuery month" name="Sprint 17: date-range TypeScript 迁移 buildRangeQuery month" time="0.003">
    </testcase>
    <testcase classname="Sprint 17: date-range TypeScript 迁移 不支持的 range 抛错 非法 range → 抛错" name="Sprint 17: date-range TypeScript 迁移 不支持的 range 抛错 非法 range → 抛错" time="0.001">
    </testcase>
    <testcase classname="Sprint 17: date-range TypeScript 迁移 与 JS 源完全一致（行为回归） today/yesterday/week/month/last7/last30/quarter/year 输出与快照一致" name="Sprint 17: date-range TypeScript 迁移 与 JS 源完全一致（行为回归） today/yesterday/week/month/last7/last30/quarter/year 输出与快照一致" time="0.002">
    </testcase>
    <testcase classname="Sprint 17: date-range TypeScript 迁移 tsconfig / build 工具链 tsconfig.common.json include date-range.ts" name="Sprint 17: date-range TypeScript 迁移 tsconfig / build 工具链 tsconfig.common.json include date-range.ts" time="0">
    </testcase>
    <testcase classname="Sprint 17: date-range TypeScript 迁移 tsconfig / build 工具链 build-common.js TARGETS 含 date-range.js" name="Sprint 17: date-range TypeScript 迁移 tsconfig / build 工具链 build-common.js TARGETS 含 date-range.js" time="0.001">
    </testcase>
  </testsuite>
  <testsuite name="utils.js" errors="0" failures="0" skipped="0" timestamp="2026-06-06T05:37:37" time="0.226" tests="26">
    <testcase classname="utils.js ERROR_CODES 应导出所有预定义错误码" name="utils.js ERROR_CODES 应导出所有预定义错误码" time="0.001">
    </testcase>
    <testcase classname="utils.js ERROR_MESSAGES 每个错误码应都有对应的中文消息" name="utils.js ERROR_MESSAGES 每个错误码应都有对应的中文消息" time="0.009">
    </testcase>
    <testcase classname="utils.js handleSuccess 默认值（无参）应返回成功且 data=null" name="utils.js handleSuccess 默认值（无参）应返回成功且 data=null" time="0.001">
    </testcase>
    <testcase classname="utils.js handleSuccess 应正确传入 data" name="utils.js handleSuccess 应正确传入 data" time="0.001">
    </testcase>
    <testcase classname="utils.js handleError 应使用默认 BUSINESS 错误码" name="utils.js handleError 应使用默认 BUSINESS 错误码" time="0.001">
    </testcase>
    <testcase classname="utils.js handleError 应支持自定义错误码" name="utils.js handleError 应支持自定义错误码" time="0">
    </testcase>
    <testcase classname="utils.js handleError 应支持自定义消息覆盖" name="utils.js handleError 应支持自定义消息覆盖" time="0.001">
    </testcase>
    <testcase classname="utils.js generateId 不带前缀应生成纯随机 ID" name="utils.js generateId 不带前缀应生成纯随机 ID" time="0">
    </testcase>
    <testcase classname="utils.js generateId 带 type 前缀应在 ID 中可见" name="utils.js generateId 带 type 前缀应在 ID 中可见" time="0">
    </testcase>
    <testcase classname="utils.js generateId 应保证 ID 长度不超过 32" name="utils.js generateId 应保证 ID 长度不超过 32" time="0.004">
    </testcase>
    <testcase classname="utils.js generateId 相同输入应产生不同 ID（random 部分）" name="utils.js generateId 相同输入应产生不同 ID（random 部分）" time="0.069">
    </testcase>
    <testcase classname="utils.js generateId 未注册的 type 应回退到原值" name="utils.js generateId 未注册的 type 应回退到原值" time="0">
    </testcase>
    <testcase classname="utils.js paginate 应返回标准分页结构" name="utils.js paginate 应返回标准分页结构" time="0.012">
    </testcase>
    <testcase classname="utils.js paginate 应限制 pageSize 上限为 100" name="utils.js paginate 应限制 pageSize 上限为 100" time="0.022">
    </testcase>
    <testcase classname="utils.js paginate 应确保 pageSize 至少为 1" name="utils.js paginate 应确保 pageSize 至少为 1" time="0.001">
    </testcase>
    <testcase classname="utils.js paginate 应支持自定义 page" name="utils.js paginate 应支持自定义 page" time="0">
    </testcase>
    <testcase classname="utils.js paginate 应支持自定义排序字段" name="utils.js paginate 应支持自定义排序字段" time="0">
    </testcase>
    <testcase classname="utils.js batchProcess 应串行分批处理数据" name="utils.js batchProcess 应串行分批处理数据" time="0">
    </testcase>
    <testcase classname="utils.js batchProcess 单条失败不应中断整批" name="utils.js batchProcess 单条失败不应中断整批" time="0">
    </testcase>
    <testcase classname="utils.js batchProcess 空数据应返回空数组" name="utils.js batchProcess 空数据应返回空数组" time="0">
    </testcase>
    <testcase classname="utils.js convertCloudUrls 非对象 / null 应原样返回" name="utils.js convertCloudUrls 非对象 / null 应原样返回" time="0.001">
    </testcase>
    <testcase classname="utils.js convertCloudUrls 对象中无 cloud:// 字段应原样返回" name="utils.js convertCloudUrls 对象中无 cloud:// 字段应原样返回" time="0">
    </testcase>
    <testcase classname="utils.js convertCloudUrls 应递归收集 cloud:// URL 并替换为临时 URL" name="utils.js convertCloudUrls 应递归收集 cloud:// URL 并替换为临时 URL" time="0.01">
    </testcase>
    <testcase classname="utils.js convertCloudUrls getTempFileURL 抛错时应原样返回结果" name="utils.js convertCloudUrls getTempFileURL 抛错时应原样返回结果" time="0.002">
    </testcase>
    <testcase classname="utils.js convertCloudUrls status !== 0 时不应替换 URL" name="utils.js convertCloudUrls status !== 0 时不应替换 URL" time="0.007">
    </testcase>
    <testcase classname="utils.js revertCloudUrls 应原样返回 event" name="utils.js revertCloudUrls 应原样返回 event" time="0">
    </testcase>
  </testsuite>
  <testsuite name="utils/eventEmitter" errors="0" failures="0" skipped="0" timestamp="2026-06-06T05:37:37" time="0.183" tests="7">
    <testcase classname="utils/eventEmitter EventEmitter class on 注册回调，emit 触发回调" name="utils/eventEmitter EventEmitter class on 注册回调，emit 触发回调" time="0.001">
    </testcase>
    <testcase classname="utils/eventEmitter EventEmitter class off 解绑指定回调" name="utils/eventEmitter EventEmitter class off 解绑指定回调" time="0">
    </testcase>
    <testcase classname="utils/eventEmitter EventEmitter class on 返回解绑函数" name="utils/eventEmitter EventEmitter class on 返回解绑函数" time="0">
    </testcase>
    <testcase classname="utils/eventEmitter EventEmitter class 未注册事件时 emit 不应报错" name="utils/eventEmitter EventEmitter class 未注册事件时 emit 不应报错" time="0">
    </testcase>
    <testcase classname="utils/eventEmitter EventEmitter class 监听器抛错不应影响其他监听器" name="utils/eventEmitter EventEmitter class 监听器抛错不应影响其他监听器" time="0.001">
    </testcase>
    <testcase classname="utils/eventEmitter EventEmitter class 同一事件可注册多个回调，按顺序触发" name="utils/eventEmitter EventEmitter class 同一事件可注册多个回调，按顺序触发" time="0.008">
    </testcase>
    <testcase classname="utils/eventEmitter eventEmitter 单例 应导出可用的全局实例" name="utils/eventEmitter eventEmitter 单例 应导出可用的全局实例" time="0.008">
    </testcase>
  </testsuite>
  <testsuite name="common/token-utils" errors="0" failures="0" skipped="0" timestamp="2026-06-06T05:37:37" time="0.14" tests="11">
    <testcase classname="common/token-utils generateToken 生成 token 后能通过 verifyToken 校验" name="common/token-utils generateToken 生成 token 后能通过 verifyToken 校验" time="0.003">
    </testcase>
    <testcase classname="common/token-utils generateToken adminId 应写入 payload" name="common/token-utils generateToken adminId 应写入 payload" time="0.001">
    </testcase>
    <testcase classname="common/token-utils generateToken roles 数组应写入 payload" name="common/token-utils generateToken roles 数组应写入 payload" time="0">
    </testcase>
    <testcase classname="common/token-utils generateToken 默认 role 应为 owner" name="common/token-utils generateToken 默认 role 应为 owner" time="0.001">
    </testcase>
    <testcase classname="common/token-utils verifyToken 空 token 应抛错" name="common/token-utils verifyToken 空 token 应抛错" time="0.037">
    </testcase>
    <testcase classname="common/token-utils verifyToken 伪造 token 应抛错" name="common/token-utils verifyToken 伪造 token 应抛错" time="0">
    </testcase>
    <testcase classname="common/token-utils getTokenFromEvent 应从 event.headers.Authorization 中提取（去除 Bearer 前缀）" name="common/token-utils getTokenFromEvent 应从 event.headers.Authorization 中提取（去除 Bearer 前缀）" time="0.001">
    </testcase>
    <testcase classname="common/token-utils getTokenFromEvent 无 headers 时返回 null" name="common/token-utils getTokenFromEvent 无 headers 时返回 null" time="0">
    </testcase>
    <testcase classname="common/token-utils getTokenFromEvent 无 Authorization 时返回 null" name="common/token-utils getTokenFromEvent 无 Authorization 时返回 null" time="0.001">
    </testcase>
    <testcase classname="common/token-utils getTokenFromEvent 不规范的 Authorization 值应原样返回" name="common/token-utils getTokenFromEvent 不规范的 Authorization 值应原样返回" time="0">
    </testcase>
    <testcase classname="common/token-utils 边界场景 JWT_SECRET 缺失时应抛错" name="common/token-utils 边界场景 JWT_SECRET 缺失时应抛错" time="0.004">
    </testcase>
  </testsuite>
  <testsuite name="Sprint 15: 评价风控子链路" errors="0" failures="0" skipped="0" timestamp="2026-06-06T05:37:37" time="0.136" tests="24">
    <testcase classname="Sprint 15: 评价风控子链路 单项检测（unit-like） detectHighFrequency 5 条 1 分钟内 → high" name="Sprint 15: 评价风控子链路 单项检测（unit-like） detectHighFrequency 5 条 1 分钟内 → high" time="0">
    </testcase>
    <testcase classname="Sprint 15: 评价风控子链路 单项检测（unit-like） detectHighFrequency 3 条 → medium" name="Sprint 15: 评价风控子链路 单项检测（unit-like） detectHighFrequency 3 条 → medium" time="0">
    </testcase>
    <testcase classname="Sprint 15: 评价风控子链路 单项检测（unit-like） detectHighFrequency 1 条 → low" name="Sprint 15: 评价风控子链路 单项检测（unit-like） detectHighFrequency 1 条 → low" time="0">
    </testcase>
    <testcase classname="Sprint 15: 评价风控子链路 单项检测（unit-like） detectHostConcentration 仅作用于 5 星" name="Sprint 15: 评价风控子链路 单项检测（unit-like） detectHostConcentration 仅作用于 5 星" time="0.001">
    </testcase>
    <testcase classname="Sprint 15: 评价风控子链路 单项检测（unit-like） detectHostConcentration 6 条 5 星 → high" name="Sprint 15: 评价风控子链路 单项检测（unit-like） detectHostConcentration 6 条 5 星 → high" time="0">
    </testcase>
    <testcase classname="Sprint 15: 评价风控子链路 单项检测（unit-like） detectDuplicateComment 4 条同文案 → high" name="Sprint 15: 评价风控子链路 单项检测（unit-like） detectDuplicateComment 4 条同文案 → high" time="0.004">
    </testcase>
    <testcase classname="Sprint 15: 评价风控子链路 单项检测（unit-like） detectCommentLength &gt; 500 → high" name="Sprint 15: 评价风控子链路 单项检测（unit-like） detectCommentLength &gt; 500 → high" time="0">
    </testcase>
    <testcase classname="Sprint 15: 评价风控子链路 单项检测（unit-like） detectCommentLength &lt; 2 → medium" name="Sprint 15: 评价风控子链路 单项检测（unit-like） detectCommentLength &lt; 2 → medium" time="0">
    </testcase>
    <testcase classname="Sprint 15: 评价风控子链路 单项检测（unit-like） detectFiveStarRatio 10/10 全 5 星 → medium" name="Sprint 15: 评价风控子链路 单项检测（unit-like） detectFiveStarRatio 10/10 全 5 星 → medium" time="0.001">
    </testcase>
    <testcase classname="Sprint 15: 评价风控子链路 单项检测（unit-like） detectFiveStarRatio 样本不足（5 条）→ low" name="Sprint 15: 评价风控子链路 单项检测（unit-like） detectFiveStarRatio 样本不足（5 条）→ low" time="0">
    </testcase>
    <testcase classname="Sprint 15: 评价风控子链路 主入口 detectReviewSpam（集成） 空 db：低风险 → action=allow" name="Sprint 15: 评价风控子链路 主入口 detectReviewSpam（集成） 空 db：低风险 → action=allow" time="0.001">
    </testcase>
    <testcase classname="Sprint 15: 评价风控子链路 主入口 detectReviewSpam（集成） 高频 5 条 + 普通评价：high → action=reject" name="Sprint 15: 评价风控子链路 主入口 detectReviewSpam（集成） 高频 5 条 + 普通评价：high → action=reject" time="0.001">
    </testcase>
    <testcase classname="Sprint 15: 评价风控子链路 主入口 detectReviewSpam（集成） 复合：高频 medium + 重复文案 medium → max → medium" name="Sprint 15: 评价风控子链路 主入口 detectReviewSpam（集成） 复合：高频 medium + 重复文案 medium → max → medium" time="0.001">
    </testcase>
    <testcase classname="Sprint 15: 评价风控子链路 主入口 detectReviewSpam（集成） 复合：5 星 + 24h 6 次集中 → high" name="Sprint 15: 评价风控子链路 主入口 detectReviewSpam（集成） 复合：5 星 + 24h 6 次集中 → high" time="0">
    </testcase>
    <testcase classname="Sprint 15: 评价风控子链路 主入口 detectReviewSpam（集成） details 含各子项结果（便于审计）" name="Sprint 15: 评价风控子链路 主入口 detectReviewSpam（集成） details 含各子项结果（便于审计）" time="0">
    </testcase>
    <testcase classname="Sprint 15: 评价风控子链路 action → 错误码联动（assertRiskDecision） allow 路径：返回 RISK_PASS" name="Sprint 15: 评价风控子链路 action → 错误码联动（assertRiskDecision） allow 路径：返回 RISK_PASS" time="0.001">
    </testcase>
    <testcase classname="Sprint 15: 评价风控子链路 action → 错误码联动（assertRiskDecision） review 路径：抛 RISK_PENDING" name="Sprint 15: 评价风控子链路 action → 错误码联动（assertRiskDecision） review 路径：抛 RISK_PENDING" time="0.004">
    </testcase>
    <testcase classname="Sprint 15: 评价风控子链路 action → 错误码联动（assertRiskDecision） reject 路径：抛 RISK_REJECT" name="Sprint 15: 评价风控子链路 action → 错误码联动（assertRiskDecision） reject 路径：抛 RISK_REJECT" time="0">
    </testcase>
    <testcase classname="Sprint 15: 评价风控子链路 mapActionToErrorCode 一致性 levelToAction(reject) → mapActionToErrorCode → RISK_REJECT" name="Sprint 15: 评价风控子链路 mapActionToErrorCode 一致性 levelToAction(reject) → mapActionToErrorCode → RISK_REJECT" time="0">
    </testcase>
    <testcase classname="Sprint 15: 评价风控子链路 mapActionToErrorCode 一致性 levelToAction(review) → mapActionToErrorCode → RISK_PENDING" name="Sprint 15: 评价风控子链路 mapActionToErrorCode 一致性 levelToAction(review) → mapActionToErrorCode → RISK_PENDING" time="0">
    </testcase>
    <testcase classname="Sprint 15: 评价风控子链路 mapActionToErrorCode 一致性 levelToAction(allow) → mapActionToErrorCode → RISK_PASS" name="Sprint 15: 评价风控子链路 mapActionToErrorCode 一致性 levelToAction(allow) → mapActionToErrorCode → RISK_PASS" time="0">
    </testcase>
    <testcase classname="Sprint 15: 评价风控子链路 commentFingerprint 稳定性 首尾空白不影响指纹" name="Sprint 15: 评价风控子链路 commentFingerprint 稳定性 首尾空白不影响指纹" time="0">
    </testcase>
    <testcase classname="Sprint 15: 评价风控子链路 commentFingerprint 稳定性 emoji 不影响指纹" name="Sprint 15: 评价风控子链路 commentFingerprint 稳定性 emoji 不影响指纹" time="0">
    </testcase>
    <testcase classname="Sprint 15: 评价风控子链路 commentFingerprint 稳定性 空 / 1 字符返回空串（无效指纹）" name="Sprint 15: 评价风控子链路 commentFingerprint 稳定性 空 / 1 字符返回空串（无效指纹）" time="0">
    </testcase>
  </testsuite>
  <testsuite name="Sprint 14: 风控错误码 RISK_* 扩展" errors="0" failures="0" skipped="0" timestamp="2026-06-06T05:37:37" time="0.154" tests="24">
    <testcase classname="Sprint 14: 风控错误码 RISK_* 扩展 errors.ts / errors.js 注册表 errors.ts 源文件含 RISK_REJECT / RISK_PENDING / RISK_PASS" name="Sprint 14: 风控错误码 RISK_* 扩展 errors.ts / errors.js 注册表 errors.ts 源文件含 RISK_REJECT / RISK_PENDING / RISK_PASS" time="0.002">
    </testcase>
    <testcase classname="Sprint 14: 风控错误码 RISK_* 扩展 errors.ts / errors.js 注册表 编译产物 errors.js 同步含三个新码" name="Sprint 14: 风控错误码 RISK_* 扩展 errors.ts / errors.js 注册表 编译产物 errors.js 同步含三个新码" time="0.007">
    </testcase>
    <testcase classname="Sprint 14: 风控错误码 RISK_* 扩展 errors.ts / errors.js 注册表 BusinessErrors 导出含三个新码且 httpStatus=200" name="Sprint 14: 风控错误码 RISK_* 扩展 errors.ts / errors.js 注册表 BusinessErrors 导出含三个新码且 httpStatus=200" time="0">
    </testcase>
    <testcase classname="Sprint 14: 风控错误码 RISK_* 扩展 errors.ts / errors.js 注册表 三个新码 severity=BUSINESS（与 IDEMPOTENT_REPLAY 一致）" name="Sprint 14: 风控错误码 RISK_* 扩展 errors.ts / errors.js 注册表 三个新码 severity=BUSINESS（与 IDEMPOTENT_REPLAY 一致）" time="0.001">
    </testcase>
    <testcase classname="Sprint 14: 风控错误码 RISK_* 扩展 errors.ts / errors.js 注册表 三个新码 message 中文文案非空" name="Sprint 14: 风控错误码 RISK_* 扩展 errors.ts / errors.js 注册表 三个新码 message 中文文案非空" time="0">
    </testcase>
    <testcase classname="Sprint 14: 风控错误码 RISK_* 扩展 types.d.ts 类型联合 BusinessErrorCode 联合含 RISK_REJECT / RISK_PENDING / RISK_PASS" name="Sprint 14: 风控错误码 RISK_* 扩展 types.d.ts 类型联合 BusinessErrorCode 联合含 RISK_REJECT / RISK_PENDING / RISK_PASS" time="0.002">
    </testcase>
    <testcase classname="Sprint 14: 风控错误码 RISK_* 扩展 err() 工厂函数 err(&quot;RISK_REJECT&quot;) 构造 BusinessError" name="Sprint 14: 风控错误码 RISK_* 扩展 err() 工厂函数 err(&quot;RISK_REJECT&quot;) 构造 BusinessError" time="0">
    </testcase>
    <testcase classname="Sprint 14: 风控错误码 RISK_* 扩展 err() 工厂函数 err(&quot;RISK_PENDING&quot;, &quot;请稍后查看&quot;, {orderId: &quot;x&quot;}) 自定义消息+details" name="Sprint 14: 风控错误码 RISK_* 扩展 err() 工厂函数 err(&quot;RISK_PENDING&quot;, &quot;请稍后查看&quot;, {orderId: &quot;x&quot;}) 自定义消息+details" time="0.001">
    </testcase>
    <testcase classname="Sprint 14: 风控错误码 RISK_* 扩展 err() 工厂函数 err(&quot;RISK_PASS&quot;) 自带默认 message" name="Sprint 14: 风控错误码 RISK_* 扩展 err() 工厂函数 err(&quot;RISK_PASS&quot;) 自带默认 message" time="0">
    </testcase>
    <testcase classname="Sprint 14: 风控错误码 RISK_* 扩展 err() 工厂函数 isBusinessError() 正确判定新码" name="Sprint 14: 风控错误码 RISK_* 扩展 err() 工厂函数 isBusinessError() 正确判定新码" time="0.001">
    </testcase>
    <testcase classname="Sprint 14: 风控错误码 RISK_* 扩展 BusinessError#toResponse() 序列化 RISK_PENDING.toResponse() 含 type=RISK_PENDING" name="Sprint 14: 风控错误码 RISK_* 扩展 BusinessError#toResponse() 序列化 RISK_PENDING.toResponse() 含 type=RISK_PENDING" time="0">
    </testcase>
    <testcase classname="Sprint 14: 风控错误码 RISK_* 扩展 BusinessError#toResponse() 序列化 RISK_REJECT.toResponse() 含 type=RISK_REJECT" name="Sprint 14: 风控错误码 RISK_* 扩展 BusinessError#toResponse() 序列化 RISK_REJECT.toResponse() 含 type=RISK_REJECT" time="0">
    </testcase>
    <testcase classname="Sprint 14: 风控错误码 RISK_* 扩展 risk-control#mapActionToErrorCode 映射 &apos;reject&apos; → &apos;RISK_REJECT&apos;" name="Sprint 14: 风控错误码 RISK_* 扩展 risk-control#mapActionToErrorCode 映射 &apos;reject&apos; → &apos;RISK_REJECT&apos;" time="0">
    </testcase>
    <testcase classname="Sprint 14: 风控错误码 RISK_* 扩展 risk-control#mapActionToErrorCode 映射 &apos;review&apos; → &apos;RISK_PENDING&apos;" name="Sprint 14: 风控错误码 RISK_* 扩展 risk-control#mapActionToErrorCode 映射 &apos;review&apos; → &apos;RISK_PENDING&apos;" time="0">
    </testcase>
    <testcase classname="Sprint 14: 风控错误码 RISK_* 扩展 risk-control#mapActionToErrorCode 映射 &apos;allow&apos; → &apos;RISK_PASS&apos;" name="Sprint 14: 风控错误码 RISK_* 扩展 risk-control#mapActionToErrorCode 映射 &apos;allow&apos; → &apos;RISK_PASS&apos;" time="0">
    </testcase>
    <testcase classname="Sprint 14: 风控错误码 RISK_* 扩展 risk-control#mapActionToErrorCode 映射 未知 action 默认 → RISK_PASS（保守放行）" name="Sprint 14: 风控错误码 RISK_* 扩展 risk-control#mapActionToErrorCode 映射 未知 action 默认 → RISK_PASS（保守放行）" time="0">
    </testcase>
    <testcase classname="Sprint 14: 风控错误码 RISK_* 扩展 risk-control#assertRiskDecision 行为 action=&apos;allow&apos; 返回 { passed: true, code: &apos;RISK_PASS&apos; }" name="Sprint 14: 风控错误码 RISK_* 扩展 risk-control#assertRiskDecision 行为 action=&apos;allow&apos; 返回 { passed: true, code: &apos;RISK_PASS&apos; }" time="0.001">
    </testcase>
    <testcase classname="Sprint 14: 风控错误码 RISK_* 扩展 risk-control#assertRiskDecision 行为 action=&apos;review&apos; 抛 BusinessError(RISK_PENDING)" name="Sprint 14: 风控错误码 RISK_* 扩展 risk-control#assertRiskDecision 行为 action=&apos;review&apos; 抛 BusinessError(RISK_PENDING)" time="0">
    </testcase>
    <testcase classname="Sprint 14: 风控错误码 RISK_* 扩展 risk-control#assertRiskDecision 行为 action=&apos;reject&apos; 抛 BusinessError(RISK_REJECT)" name="Sprint 14: 风控错误码 RISK_* 扩展 risk-control#assertRiskDecision 行为 action=&apos;reject&apos; 抛 BusinessError(RISK_REJECT)" time="0">
    </testcase>
    <testcase classname="Sprint 14: 风控错误码 RISK_* 扩展 集成：levelToAction + mapActionToErrorCode 串联 &apos;high&apos; → reject → RISK_REJECT" name="Sprint 14: 风控错误码 RISK_* 扩展 集成：levelToAction + mapActionToErrorCode 串联 &apos;high&apos; → reject → RISK_REJECT" time="0.001">
    </testcase>
    <testcase classname="Sprint 14: 风控错误码 RISK_* 扩展 集成：levelToAction + mapActionToErrorCode 串联 &apos;medium&apos; → review → RISK_PENDING" name="Sprint 14: 风控错误码 RISK_* 扩展 集成：levelToAction + mapActionToErrorCode 串联 &apos;medium&apos; → review → RISK_PENDING" time="0">
    </testcase>
    <testcase classname="Sprint 14: 风控错误码 RISK_* 扩展 集成：levelToAction + mapActionToErrorCode 串联 &apos;low&apos; → allow → RISK_PASS" name="Sprint 14: 风控错误码 RISK_* 扩展 集成：levelToAction + mapActionToErrorCode 串联 &apos;low&apos; → allow → RISK_PASS" time="0">
    </testcase>
    <testcase classname="Sprint 14: 风控错误码 RISK_* 扩展 回归：错误码总数 + 全量注册 BusinessErrors 注册表无重复（每个 code 唯一）" name="Sprint 14: 风控错误码 RISK_* 扩展 回归：错误码总数 + 全量注册 BusinessErrors 注册表无重复（每个 code 唯一）" time="0">
    </testcase>
    <testcase classname="Sprint 14: 风控错误码 RISK_* 扩展 回归：错误码总数 + 全量注册 errors.js 内至少含 50 个错误码（含 Sprint 14 新增 3 个）" name="Sprint 14: 风控错误码 RISK_* 扩展 回归：错误码总数 + 全量注册 errors.js 内至少含 50 个错误码（含 Sprint 14 新增 3 个）" time="0.001">
    </testcase>
  </testsuite>
  <testsuite name="存量数据校验 validate-legacy-data" errors="0" failures="0" skipped="0" timestamp="2026-06-06T05:37:37" time="0.128" tests="27">
    <testcase classname="存量数据校验 validate-legacy-data P0 关键引用完整性 orders.hostId 引用不存在的 hostProfile → P0" name="存量数据校验 validate-legacy-data P0 关键引用完整性 orders.hostId 引用不存在的 hostProfile → P0" time="0.001">
    </testcase>
    <testcase classname="存量数据校验 validate-legacy-data P0 关键引用完整性 orders.ownerId 引用不存在的 user → P0" name="存量数据校验 validate-legacy-data P0 关键引用完整性 orders.ownerId 引用不存在的 user → P0" time="0.002">
    </testcase>
    <testcase classname="存量数据校验 validate-legacy-data P0 关键引用完整性 orders.organizerId 引用不存在的 user → P0" name="存量数据校验 validate-legacy-data P0 关键引用完整性 orders.organizerId 引用不存在的 user → P0" time="0">
    </testcase>
    <testcase classname="存量数据校验 validate-legacy-data P0 关键引用完整性 所有引用都完整 → 无 P0 异常" name="存量数据校验 validate-legacy-data P0 关键引用完整性 所有引用都完整 → 无 P0 异常" time="0">
    </testcase>
    <testcase classname="存量数据校验 validate-legacy-data P0 业务数据合法性 orders.totalPrice &lt; 0 → P0" name="存量数据校验 validate-legacy-data P0 业务数据合法性 orders.totalPrice &lt; 0 → P0" time="0">
    </testcase>
    <testcase classname="存量数据校验 validate-legacy-data P0 业务数据合法性 orders.startDate &gt; orders.endDate → P0" name="存量数据校验 validate-legacy-data P0 业务数据合法性 orders.startDate &gt; orders.endDate → P0" time="0">
    </testcase>
    <testcase classname="存量数据校验 validate-legacy-data P0 业务数据合法性 hostProfiles.status 非法值 → P0" name="存量数据校验 validate-legacy-data P0 业务数据合法性 hostProfiles.status 非法值 → P0" time="0.001">
    </testcase>
    <testcase classname="存量数据校验 validate-legacy-data P0 业务数据合法性 hostProfiles.status 合法值（active/pending_review/rejected/disabled）→ 无 P0" name="存量数据校验 validate-legacy-data P0 业务数据合法性 hostProfiles.status 合法值（active/pending_review/rejected/disabled）→ 无 P0" time="0">
    </testcase>
    <testcase classname="存量数据校验 validate-legacy-data P1 字段命名一致性 用户同时存在 nickname 与 nickName → P1" name="存量数据校验 validate-legacy-data P1 字段命名一致性 用户同时存在 nickname 与 nickName → P1" time="0">
    </testcase>
    <testcase classname="存量数据校验 validate-legacy-data P1 字段命名一致性 用户仅有 nickname → P1" name="存量数据校验 validate-legacy-data P1 字段命名一致性 用户仅有 nickname → P1" time="0">
    </testcase>
    <testcase classname="存量数据校验 validate-legacy-data P1 字段命名一致性 orders 缺少 organizerId → P1" name="存量数据校验 validate-legacy-data P1 字段命名一致性 orders 缺少 organizerId → P1" time="0">
    </testcase>
    <testcase classname="存量数据校验 validate-legacy-data P1 字段命名一致性 pets 仅有 petInfo → P1" name="存量数据校验 validate-legacy-data P1 字段命名一致性 pets 仅有 petInfo → P1" time="0.003">
    </testcase>
    <testcase classname="存量数据校验 validate-legacy-data P1 字段命名一致性 *.createAt 存在但缺 createdAt → P1" name="存量数据校验 validate-legacy-data P1 字段命名一致性 *.createAt 存在但缺 createdAt → P1" time="0.001">
    </testcase>
    <testcase classname="存量数据校验 validate-legacy-data P2 软问题 phone 非 11 位数字 → P2" name="存量数据校验 validate-legacy-data P2 软问题 phone 非 11 位数字 → P2" time="0.001">
    </testcase>
    <testcase classname="存量数据校验 validate-legacy-data P2 软问题 user._id !== user.openid → P2（仅供参考）" name="存量数据校验 validate-legacy-data P2 软问题 user._id !== user.openid → P2（仅供参考）" time="0.001">
    </testcase>
    <testcase classname="存量数据校验 validate-legacy-data P2 软问题 phone 11 位数字 → 不报 P2" name="存量数据校验 validate-legacy-data P2 软问题 phone 11 位数字 → 不报 P2" time="0">
    </testcase>
    <testcase classname="存量数据校验 validate-legacy-data strict / report 模式 strict=true 且有 P0 异常 → exitCode=1" name="存量数据校验 validate-legacy-data strict / report 模式 strict=true 且有 P0 异常 → exitCode=1" time="0">
    </testcase>
    <testcase classname="存量数据校验 validate-legacy-data strict / report 模式 strict=true 但无 P0 异常 → exitCode=0" name="存量数据校验 validate-legacy-data strict / report 模式 strict=true 但无 P0 异常 → exitCode=0" time="0">
    </testcase>
    <testcase classname="存量数据校验 validate-legacy-data strict / report 模式 report=true 即便有 P0 也不退出非零" name="存量数据校验 validate-legacy-data strict / report 模式 report=true 即便有 P0 也不退出非零" time="0.001">
    </testcase>
    <testcase classname="存量数据校验 validate-legacy-data strict / report 模式 默认（无 strict/report）→ 总是 exitCode=0" name="存量数据校验 validate-legacy-data strict / report 模式 默认（无 strict/report）→ 总是 exitCode=0" time="0">
    </testcase>
    <testcase classname="存量数据校验 validate-legacy-data 报告渲染 空异常报告含 &quot;全部通过&quot;" name="存量数据校验 validate-legacy-data 报告渲染 空异常报告含 &quot;全部通过&quot;" time="0">
    </testcase>
    <testcase classname="存量数据校验 validate-legacy-data 报告渲染 P0 异常报告中含 &quot;P0 异常&quot;" name="存量数据校验 validate-legacy-data 报告渲染 P0 异常报告中含 &quot;P0 异常&quot;" time="0.001">
    </testcase>
    <testcase classname="存量数据校验 validate-legacy-data 报告渲染 超 20 条同类异常时省略" name="存量数据校验 validate-legacy-data 报告渲染 超 20 条同类异常时省略" time="0.001">
    </testcase>
    <testcase classname="存量数据校验 validate-legacy-data CLI 参数解析 --env=xxx 解析为 envId" name="存量数据校验 validate-legacy-data CLI 参数解析 --env=xxx 解析为 envId" time="0">
    </testcase>
    <testcase classname="存量数据校验 validate-legacy-data CLI 参数解析 --strict / --report 解析为布尔" name="存量数据校验 validate-legacy-data CLI 参数解析 --strict / --report 解析为布尔" time="0">
    </testcase>
    <testcase classname="存量数据校验 validate-legacy-data CLI 参数解析 无参数时 envId 为空（用环境变量兜底）" name="存量数据校验 validate-legacy-data CLI 参数解析 无参数时 envId 为空（用环境变量兜底）" time="0">
    </testcase>
    <testcase classname="存量数据校验 validate-legacy-data CHECKS 注册表 所有 P0 检查项都有 level / code / desc" name="存量数据校验 validate-legacy-data CHECKS 注册表 所有 P0 检查项都有 level / code / desc" time="0.035">
    </testcase>
  </testsuite>
  <testsuite name="Sprint 19: BusinessError 跨模块单源" errors="0" failures="0" skipped="0" timestamp="2026-06-06T05:37:37" time="0.3" tests="38">
    <testcase classname="Sprint 19: BusinessError 跨模块单源 单源文件存在且导出 BusinessError" name="Sprint 19: BusinessError 跨模块单源 单源文件存在且导出 BusinessError" time="0.001">
    </testcase>
    <testcase classname="Sprint 19: BusinessError 跨模块单源 单源文件导出 err 工厂函数" name="Sprint 19: BusinessError 跨模块单源 单源文件导出 err 工厂函数" time="0">
    </testcase>
    <testcase classname="Sprint 19: BusinessError 跨模块单源 单源文件导出 withErrorHandling" name="Sprint 19: BusinessError 跨模块单源 单源文件导出 withErrorHandling" time="0">
    </testcase>
    <testcase classname="Sprint 19: 各 service shim 引用同一 BusinessError activityService/common/errors.js 指向单源" name="Sprint 19: 各 service shim 引用同一 BusinessError activityService/common/errors.js 指向单源" time="0.003">
    </testcase>
    <testcase classname="Sprint 19: 各 service shim 引用同一 BusinessError adminService/common/errors.js 指向单源" name="Sprint 19: 各 service shim 引用同一 BusinessError adminService/common/errors.js 指向单源" time="0.076">
    </testcase>
    <testcase classname="Sprint 19: 各 service shim 引用同一 BusinessError couponService/common/errors.js 指向单源" name="Sprint 19: 各 service shim 引用同一 BusinessError couponService/common/errors.js 指向单源" time="0.001">
    </testcase>
    <testcase classname="Sprint 19: 各 service shim 引用同一 BusinessError favoriteService/common/errors.js 指向单源" name="Sprint 19: 各 service shim 引用同一 BusinessError favoriteService/common/errors.js 指向单源" time="0.004">
    </testcase>
    <testcase classname="Sprint 19: 各 service shim 引用同一 BusinessError feedingService/common/errors.js 指向单源" name="Sprint 19: 各 service shim 引用同一 BusinessError feedingService/common/errors.js 指向单源" time="0.001">
    </testcase>
    <testcase classname="Sprint 19: 各 service shim 引用同一 BusinessError hostService/common/errors.js 指向单源" name="Sprint 19: 各 service shim 引用同一 BusinessError hostService/common/errors.js 指向单源" time="0.008">
    </testcase>
    <testcase classname="Sprint 19: 各 service shim 引用同一 BusinessError mallService/common/errors.js 指向单源" name="Sprint 19: 各 service shim 引用同一 BusinessError mallService/common/errors.js 指向单源" time="0.005">
    </testcase>
    <testcase classname="Sprint 19: 各 service shim 引用同一 BusinessError orderService/common/errors.js 指向单源" name="Sprint 19: 各 service shim 引用同一 BusinessError orderService/common/errors.js 指向单源" time="0.001">
    </testcase>
    <testcase classname="Sprint 19: 各 service shim 引用同一 BusinessError partnerService/common/errors.js 指向单源" name="Sprint 19: 各 service shim 引用同一 BusinessError partnerService/common/errors.js 指向单源" time="0.005">
    </testcase>
    <testcase classname="Sprint 19: 各 service shim 引用同一 BusinessError paymentService/common/errors.js 指向单源" name="Sprint 19: 各 service shim 引用同一 BusinessError paymentService/common/errors.js 指向单源" time="0">
    </testcase>
    <testcase classname="Sprint 19: 各 service shim 引用同一 BusinessError petService/common/errors.js 指向单源" name="Sprint 19: 各 service shim 引用同一 BusinessError petService/common/errors.js 指向单源" time="0.012">
    </testcase>
    <testcase classname="Sprint 19: 各 service shim 引用同一 BusinessError tuanService/common/errors.js 指向单源" name="Sprint 19: 各 service shim 引用同一 BusinessError tuanService/common/errors.js 指向单源" time="0.003">
    </testcase>
    <testcase classname="Sprint 19: 各 service shim 引用同一 BusinessError userService/common/errors.js 指向单源" name="Sprint 19: 各 service shim 引用同一 BusinessError userService/common/errors.js 指向单源" time="0.002">
    </testcase>
    <testcase classname="Sprint 19: 各 service shim 引用同一 BusinessError utilityService/common/errors.js 指向单源" name="Sprint 19: 各 service shim 引用同一 BusinessError utilityService/common/errors.js 指向单源" time="0.005">
    </testcase>
    <testcase classname="Sprint 19: 各 service shim 引用同一 BusinessError activityService 抛出的 BusinessError 能被单源 withErrorHandling 识别" name="Sprint 19: 各 service shim 引用同一 BusinessError activityService 抛出的 BusinessError 能被单源 withErrorHandling 识别" time="0.001">
    </testcase>
    <testcase classname="Sprint 19: 各 service shim 引用同一 BusinessError adminService 抛出的 BusinessError 能被单源 withErrorHandling 识别" name="Sprint 19: 各 service shim 引用同一 BusinessError adminService 抛出的 BusinessError 能被单源 withErrorHandling 识别" time="0.001">
    </testcase>
    <testcase classname="Sprint 19: 各 service shim 引用同一 BusinessError couponService 抛出的 BusinessError 能被单源 withErrorHandling 识别" name="Sprint 19: 各 service shim 引用同一 BusinessError couponService 抛出的 BusinessError 能被单源 withErrorHandling 识别" time="0">
    </testcase>
    <testcase classname="Sprint 19: 各 service shim 引用同一 BusinessError favoriteService 抛出的 BusinessError 能被单源 withErrorHandling 识别" name="Sprint 19: 各 service shim 引用同一 BusinessError favoriteService 抛出的 BusinessError 能被单源 withErrorHandling 识别" time="0">
    </testcase>
    <testcase classname="Sprint 19: 各 service shim 引用同一 BusinessError feedingService 抛出的 BusinessError 能被单源 withErrorHandling 识别" name="Sprint 19: 各 service shim 引用同一 BusinessError feedingService 抛出的 BusinessError 能被单源 withErrorHandling 识别" time="0.001">
    </testcase>
    <testcase classname="Sprint 19: 各 service shim 引用同一 BusinessError hostService 抛出的 BusinessError 能被单源 withErrorHandling 识别" name="Sprint 19: 各 service shim 引用同一 BusinessError hostService 抛出的 BusinessError 能被单源 withErrorHandling 识别" time="0">
    </testcase>
    <testcase classname="Sprint 19: 各 service shim 引用同一 BusinessError mallService 抛出的 BusinessError 能被单源 withErrorHandling 识别" name="Sprint 19: 各 service shim 引用同一 BusinessError mallService 抛出的 BusinessError 能被单源 withErrorHandling 识别" time="0">
    </testcase>
    <testcase classname="Sprint 19: 各 service shim 引用同一 BusinessError orderService 抛出的 BusinessError 能被单源 withErrorHandling 识别" name="Sprint 19: 各 service shim 引用同一 BusinessError orderService 抛出的 BusinessError 能被单源 withErrorHandling 识别" time="0">
    </testcase>
    <testcase classname="Sprint 19: 各 service shim 引用同一 BusinessError partnerService 抛出的 BusinessError 能被单源 withErrorHandling 识别" name="Sprint 19: 各 service shim 引用同一 BusinessError partnerService 抛出的 BusinessError 能被单源 withErrorHandling 识别" time="0.001">
    </testcase>
    <testcase classname="Sprint 19: 各 service shim 引用同一 BusinessError paymentService 抛出的 BusinessError 能被单源 withErrorHandling 识别" name="Sprint 19: 各 service shim 引用同一 BusinessError paymentService 抛出的 BusinessError 能被单源 withErrorHandling 识别" time="0">
    </testcase>
    <testcase classname="Sprint 19: 各 service shim 引用同一 BusinessError petService 抛出的 BusinessError 能被单源 withErrorHandling 识别" name="Sprint 19: 各 service shim 引用同一 BusinessError petService 抛出的 BusinessError 能被单源 withErrorHandling 识别" time="0">
    </testcase>
    <testcase classname="Sprint 19: 各 service shim 引用同一 BusinessError tuanService 抛出的 BusinessError 能被单源 withErrorHandling 识别" name="Sprint 19: 各 service shim 引用同一 BusinessError tuanService 抛出的 BusinessError 能被单源 withErrorHandling 识别" time="0.027">
    </testcase>
    <testcase classname="Sprint 19: 各 service shim 引用同一 BusinessError userService 抛出的 BusinessError 能被单源 withErrorHandling 识别" name="Sprint 19: 各 service shim 引用同一 BusinessError userService 抛出的 BusinessError 能被单源 withErrorHandling 识别" time="0">
    </testcase>
    <testcase classname="Sprint 19: 各 service shim 引用同一 BusinessError utilityService 抛出的 BusinessError 能被单源 withErrorHandling 识别" name="Sprint 19: 各 service shim 引用同一 BusinessError utilityService 抛出的 BusinessError 能被单源 withErrorHandling 识别" time="0">
    </testcase>
    <testcase classname="Sprint 19: 跨模块 withRateLimit + withErrorHandling 协作 paymentService: RATE_LIMITED 应被 withErrorHandling 正确序列化" name="Sprint 19: 跨模块 withRateLimit + withErrorHandling 协作 paymentService: RATE_LIMITED 应被 withErrorHandling 正确序列化" time="0.001">
    </testcase>
    <testcase classname="Sprint 19: 跨模块 withRateLimit + withErrorHandling 协作 orderService: RATE_LIMITED 应被 withErrorHandling 正确序列化" name="Sprint 19: 跨模块 withRateLimit + withErrorHandling 协作 orderService: RATE_LIMITED 应被 withErrorHandling 正确序列化" time="0">
    </testcase>
    <testcase classname="Sprint 19: 跨模块 withRateLimit + withErrorHandling 协作 adminService: RATE_LIMITED 应被 withErrorHandling 正确序列化" name="Sprint 19: 跨模块 withRateLimit + withErrorHandling 协作 adminService: RATE_LIMITED 应被 withErrorHandling 正确序列化" time="0.001">
    </testcase>
    <testcase classname="Sprint 19: 跨模块 withRateLimit + withErrorHandling 协作 真实场景：risk-rate-limit 抛错 → paymentService withErrorHandling 接收" name="Sprint 19: 跨模块 withRateLimit + withErrorHandling 协作 真实场景：risk-rate-limit 抛错 → paymentService withErrorHandling 接收" time="0.006">
    </testcase>
    <testcase classname="Sprint 19: 跨模块 withRateLimit + withErrorHandling 协作 真实场景：risk-rate-limit 抛错 → orderService withErrorHandling 接收" name="Sprint 19: 跨模块 withRateLimit + withErrorHandling 协作 真实场景：risk-rate-limit 抛错 → orderService withErrorHandling 接收" time="0.001">
    </testcase>
    <testcase classname="Sprint 19: 跨模块 withRateLimit + withErrorHandling 协作 真实场景：risk-rate-limit 抛错 → adminService withErrorHandling 接收" name="Sprint 19: 跨模块 withRateLimit + withErrorHandling 协作 真实场景：risk-rate-limit 抛错 → adminService withErrorHandling 接收" time="0">
    </testcase>
    <testcase classname="Sprint 19: shim 文件内容一致性 所有 service 的 shim 文件应该内容相同（指向单源）" name="Sprint 19: shim 文件内容一致性 所有 service 的 shim 文件应该内容相同（指向单源）" time="0.001">
    </testcase>
  </testsuite>
  <testsuite name="Sprint 17: normalize TypeScript 迁移" errors="0" failures="0" skipped="0" timestamp="2026-06-06T05:37:37" time="0.372" tests="40">
    <testcase classname="Sprint 17: normalize TypeScript 迁移 文件存在性 .ts 源文件存在" name="Sprint 17: normalize TypeScript 迁移 文件存在性 .ts 源文件存在" time="0">
    </testcase>
    <testcase classname="Sprint 17: normalize TypeScript 迁移 文件存在性 .js 编译产物存在" name="Sprint 17: normalize TypeScript 迁移 文件存在性 .js 编译产物存在" time="0.001">
    </testcase>
    <testcase classname="Sprint 17: normalize TypeScript 迁移 文件存在性 .d.ts 声明文件存在" name="Sprint 17: normalize TypeScript 迁移 文件存在性 .d.ts 声明文件存在" time="0">
    </testcase>
    <testcase classname="Sprint 17: normalize TypeScript 迁移 .ts 源码契约 导出 BaseDoc / OrderDoc / UserDoc 等接口" name="Sprint 17: normalize TypeScript 迁移 .ts 源码契约 导出 BaseDoc / OrderDoc / UserDoc 等接口" time="0">
    </testcase>
    <testcase classname="Sprint 17: normalize TypeScript 迁移 .ts 源码契约 导出 EntityName 类型" name="Sprint 17: normalize TypeScript 迁移 .ts 源码契约 导出 EntityName 类型" time="0">
    </testcase>
    <testcase classname="Sprint 17: normalize TypeScript 迁移 .ts 源码契约 导出 COLLECTION_TO_ENTITY 常量" name="Sprint 17: normalize TypeScript 迁移 .ts 源码契约 导出 COLLECTION_TO_ENTITY 常量" time="0">
    </testcase>
    <testcase classname="Sprint 17: normalize TypeScript 迁移 模块 API 完整性 导出所有归一化函数" name="Sprint 17: normalize TypeScript 迁移 模块 API 完整性 导出所有归一化函数" time="0.002">
    </testcase>
    <testcase classname="Sprint 17: normalize TypeScript 迁移 normalizeBase _id → id" name="Sprint 17: normalize TypeScript 迁移 normalizeBase _id → id" time="0.001">
    </testcase>
    <testcase classname="Sprint 17: normalize TypeScript 迁移 normalizeBase createAt → createdAt" name="Sprint 17: normalize TypeScript 迁移 normalizeBase createAt → createdAt" time="0.002">
    </testcase>
    <testcase classname="Sprint 17: normalize TypeScript 迁移 normalizeBase updateAt → updatedAt" name="Sprint 17: normalize TypeScript 迁移 normalizeBase updateAt → updatedAt" time="0">
    </testcase>
    <testcase classname="Sprint 17: normalize TypeScript 迁移 normalizeBase null / undefined 透传" name="Sprint 17: normalize TypeScript 迁移 normalizeBase null / undefined 透传" time="0.001">
    </testcase>
    <testcase classname="Sprint 17: normalize TypeScript 迁移 normalizeOrder days → duration" name="Sprint 17: normalize TypeScript 迁移 normalizeOrder days → duration" time="0">
    </testcase>
    <testcase classname="Sprint 17: normalize TypeScript 迁移 normalizeOrder nights → duration" name="Sprint 17: normalize TypeScript 迁移 normalizeOrder nights → duration" time="0.001">
    </testcase>
    <testcase classname="Sprint 17: normalize TypeScript 迁移 normalizeOrder petIDs → petIds" name="Sprint 17: normalize TypeScript 迁移 normalizeOrder petIDs → petIds" time="0">
    </testcase>
    <testcase classname="Sprint 17: normalize TypeScript 迁移 normalizeOrder pets → petInfos" name="Sprint 17: normalize TypeScript 迁移 normalizeOrder pets → petInfos" time="0.001">
    </testcase>
    <testcase classname="Sprint 17: normalize TypeScript 迁移 normalizeOrder hostInfo._id → hostId" name="Sprint 17: normalize TypeScript 迁移 normalizeOrder hostInfo._id → hostId" time="0">
    </testcase>
    <testcase classname="Sprint 17: normalize TypeScript 迁移 normalizeOrder totalPrice → amount" name="Sprint 17: normalize TypeScript 迁移 normalizeOrder totalPrice → amount" time="0.01">
    </testcase>
    <testcase classname="Sprint 17: normalize TypeScript 迁移 denormalizeOrder 移除旧字段" name="Sprint 17: normalize TypeScript 迁移 denormalizeOrder 移除旧字段" time="0.008">
    </testcase>
    <testcase classname="Sprint 17: normalize TypeScript 迁移 denormalizeOrder 保留新字段" name="Sprint 17: normalize TypeScript 迁移 denormalizeOrder 保留新字段" time="0.001">
    </testcase>
    <testcase classname="Sprint 17: normalize TypeScript 迁移 normalizeUser nickname → nickName" name="Sprint 17: normalize TypeScript 迁移 normalizeUser nickname → nickName" time="0.001">
    </testcase>
    <testcase classname="Sprint 17: normalize TypeScript 迁移 normalizeUser avatar → avatarUrl" name="Sprint 17: normalize TypeScript 迁移 normalizeUser avatar → avatarUrl" time="0">
    </testcase>
    <testcase classname="Sprint 17: normalize TypeScript 迁移 normalizeUser headImg → avatarUrl" name="Sprint 17: normalize TypeScript 迁移 normalizeUser headImg → avatarUrl" time="0">
    </testcase>
    <testcase classname="Sprint 17: normalize TypeScript 迁移 normalizeHost / Pet / Product Host: price → pricePerDay" name="Sprint 17: normalize TypeScript 迁移 normalizeHost / Pet / Product Host: price → pricePerDay" time="0">
    </testcase>
    <testcase classname="Sprint 17: normalize TypeScript 迁移 normalizeHost / Pet / Product Host: dayPrice → pricePerDay" name="Sprint 17: normalize TypeScript 迁移 normalizeHost / Pet / Product Host: dayPrice → pricePerDay" time="0">
    </testcase>
    <testcase classname="Sprint 17: normalize TypeScript 迁移 normalizeHost / Pet / Product Pet: sex → gender" name="Sprint 17: normalize TypeScript 迁移 normalizeHost / Pet / Product Pet: sex → gender" time="0">
    </testcase>
    <testcase classname="Sprint 17: normalize TypeScript 迁移 normalizeHost / Pet / Product Product: coverImage → coverUrl" name="Sprint 17: normalize TypeScript 迁移 normalizeHost / Pet / Product Product: coverImage → coverUrl" time="0">
    </testcase>
    <testcase classname="Sprint 17: normalize TypeScript 迁移 normalizeHost / Pet / Product Product: cover → coverUrl" name="Sprint 17: normalize TypeScript 迁移 normalizeHost / Pet / Product Product: cover → coverUrl" time="0">
    </testcase>
    <testcase classname="Sprint 17: normalize TypeScript 迁移 normalizeList / normalizeByCollection normalizeList 数组" name="Sprint 17: normalize TypeScript 迁移 normalizeList / normalizeByCollection normalizeList 数组" time="0">
    </testcase>
    <testcase classname="Sprint 17: normalize TypeScript 迁移 normalizeList / normalizeByCollection normalizeList null → []" name="Sprint 17: normalize TypeScript 迁移 normalizeList / normalizeByCollection normalizeList null → []" time="0.001">
    </testcase>
    <testcase classname="Sprint 17: normalize TypeScript 迁移 normalizeList / normalizeByCollection normalizeByCollection orders" name="Sprint 17: normalize TypeScript 迁移 normalizeList / normalizeByCollection normalizeByCollection orders" time="0">
    </testcase>
    <testcase classname="Sprint 17: normalize TypeScript 迁移 normalizeList / normalizeByCollection normalizeByCollection users" name="Sprint 17: normalize TypeScript 迁移 normalizeList / normalizeByCollection normalizeByCollection users" time="0.001">
    </testcase>
    <testcase classname="Sprint 17: normalize TypeScript 迁移 normalizeList / normalizeByCollection normalizeByCollection 未知集合走 base" name="Sprint 17: normalize TypeScript 迁移 normalizeList / normalizeByCollection normalizeByCollection 未知集合走 base" time="0.002">
    </testcase>
    <testcase classname="Sprint 17: normalize TypeScript 迁移 normalizeDbError / ensurePayload 已注册错误码 → 透传" name="Sprint 17: normalize TypeScript 迁移 normalizeDbError / ensurePayload 已注册错误码 → 透传" time="0">
    </testcase>
    <testcase classname="Sprint 17: normalize TypeScript 迁移 normalizeDbError / ensurePayload duplicate key → DUPLICATE_KEY" name="Sprint 17: normalize TypeScript 迁移 normalizeDbError / ensurePayload duplicate key → DUPLICATE_KEY" time="0">
    </testcase>
    <testcase classname="Sprint 17: normalize TypeScript 迁移 normalizeDbError / ensurePayload 普通错误 → DB_ERROR" name="Sprint 17: normalize TypeScript 迁移 normalizeDbError / ensurePayload 普通错误 → DB_ERROR" time="0.001">
    </testcase>
    <testcase classname="Sprint 17: normalize TypeScript 迁移 normalizeDbError / ensurePayload ensurePayload 缺字段抛错" name="Sprint 17: normalize TypeScript 迁移 normalizeDbError / ensurePayload ensurePayload 缺字段抛错" time="0.254">
    </testcase>
    <testcase classname="Sprint 17: normalize TypeScript 迁移 normalizeDbError / ensurePayload ensurePayload null 抛错" name="Sprint 17: normalize TypeScript 迁移 normalizeDbError / ensurePayload ensurePayload null 抛错" time="0">
    </testcase>
    <testcase classname="Sprint 17: normalize TypeScript 迁移 normalizeDbError / ensurePayload ensurePayload 正常通过" name="Sprint 17: normalize TypeScript 迁移 normalizeDbError / ensurePayload ensurePayload 正常通过" time="0">
    </testcase>
    <testcase classname="Sprint 17: normalize TypeScript 迁移 tsconfig / build 工具链 tsconfig.common.json include normalize.ts" name="Sprint 17: normalize TypeScript 迁移 tsconfig / build 工具链 tsconfig.common.json include normalize.ts" time="0">
    </testcase>
    <testcase classname="Sprint 17: normalize TypeScript 迁移 tsconfig / build 工具链 build-common.js TARGETS 含 normalize.js" name="Sprint 17: normalize TypeScript 迁移 tsconfig / build 工具链 build-common.js TARGETS 含 normalize.js" time="0.001">
    </testcase>
  </testsuite>
  <testsuite name="risk-control：退款滥用检测" errors="0" failures="0" skipped="0" timestamp="2026-06-06T05:37:37" time="0.159" tests="28">
    <testcase classname="risk-control：退款滥用检测 detectRefundHighFrequency（短时间高频） 24h 内 0 笔 → low" name="risk-control：退款滥用检测 detectRefundHighFrequency（短时间高频） 24h 内 0 笔 → low" time="0">
    </testcase>
    <testcase classname="risk-control：退款滥用检测 detectRefundHighFrequency（短时间高频） 24h 内 2 笔 → low" name="risk-control：退款滥用检测 detectRefundHighFrequency（短时间高频） 24h 内 2 笔 → low" time="0">
    </testcase>
    <testcase classname="risk-control：退款滥用检测 detectRefundHighFrequency（短时间高频） 24h 内 3 笔 → medium" name="risk-control：退款滥用检测 detectRefundHighFrequency（短时间高频） 24h 内 3 笔 → medium" time="0.001">
    </testcase>
    <testcase classname="risk-control：退款滥用检测 detectRefundHighFrequency（短时间高频） 24h 内 5 笔 → high" name="risk-control：退款滥用检测 detectRefundHighFrequency（短时间高频） 24h 内 5 笔 → high" time="0.001">
    </testcase>
    <testcase classname="risk-control：退款滥用检测 detectRefundHighFrequency（短时间高频） 窗口外不计入" name="risk-control：退款滥用检测 detectRefundHighFrequency（短时间高频） 窗口外不计入" time="0">
    </testcase>
    <testcase classname="risk-control：退款滥用检测 detectRefundRate（退款率） 样本不足 → low" name="risk-control：退款滥用检测 detectRefundRate（退款率） 样本不足 → low" time="0">
    </testcase>
    <testcase classname="risk-control：退款滥用检测 detectRefundRate（退款率） 3 单 0 退款 → 0% / low" name="risk-control：退款滥用检测 detectRefundRate（退款率） 3 单 0 退款 → 0% / low" time="0">
    </testcase>
    <testcase classname="risk-control：退款滥用检测 detectRefundRate（退款率） 4 单 2 退款 = 50% → medium" name="risk-control：退款滥用检测 detectRefundRate（退款率） 4 单 2 退款 = 50% → medium" time="0.001">
    </testcase>
    <testcase classname="risk-control：退款滥用检测 detectRefundRate（退款率） 5 单 4 退款 = 80% → high" name="risk-control：退款滥用检测 detectRefundRate（退款率） 5 单 4 退款 = 80% → high" time="0">
    </testcase>
    <testcase classname="risk-control：退款滥用检测 detectRefundRate（退款率） 窗口外退款不计入" name="risk-control：退款滥用检测 detectRefundRate（退款率） 窗口外退款不计入" time="0.002">
    </testcase>
    <testcase classname="risk-control：退款滥用检测 detectFullRefund（全额退款） refundAmount = 0 / totalAmount = 0 → low" name="risk-control：退款滥用检测 detectFullRefund（全额退款） refundAmount = 0 / totalAmount = 0 → low" time="0">
    </testcase>
    <testcase classname="risk-control：退款滥用检测 detectFullRefund（全额退款） 50% → low" name="risk-control：退款滥用检测 detectFullRefund（全额退款） 50% → low" time="0.007">
    </testcase>
    <testcase classname="risk-control：退款滥用检测 detectFullRefund（全额退款） 95% → medium" name="risk-control：退款滥用检测 detectFullRefund（全额退款） 95% → medium" time="0.014">
    </testcase>
    <testcase classname="risk-control：退款滥用检测 detectFullRefund（全额退款） 99% → high" name="risk-control：退款滥用检测 detectFullRefund（全额退款） 99% → high" time="0.004">
    </testcase>
    <testcase classname="risk-control：退款滥用检测 detectFullRefund（全额退款） 100% → high" name="risk-control：退款滥用检测 detectFullRefund（全额退款） 100% → high" time="0">
    </testcase>
    <testcase classname="risk-control：退款滥用检测 detectSameAmountPattern（同金额拆单） 当前金额为 0 → low" name="risk-control：退款滥用检测 detectSameAmountPattern（同金额拆单） 当前金额为 0 → low" time="0.007">
    </testcase>
    <testcase classname="risk-control：退款滥用检测 detectSameAmountPattern（同金额拆单） 窗口内 0 笔同金额 → low" name="risk-control：退款滥用检测 detectSameAmountPattern（同金额拆单） 窗口内 0 笔同金额 → low" time="0.001">
    </testcase>
    <testcase classname="risk-control：退款滥用检测 detectSameAmountPattern（同金额拆单） 1h 内 3 笔同金额 → medium" name="risk-control：退款滥用检测 detectSameAmountPattern（同金额拆单） 1h 内 3 笔同金额 → medium" time="0.01">
    </testcase>
    <testcase classname="risk-control：退款滥用检测 detectSameAmountPattern（同金额拆单） 1h 内 5 笔同金额 → high" name="risk-control：退款滥用检测 detectSameAmountPattern（同金额拆单） 1h 内 5 笔同金额 → high" time="0">
    </testcase>
    <testcase classname="risk-control：退款滥用检测 detectSameAmountPattern（同金额拆单） 不同金额不计入" name="risk-control：退款滥用检测 detectSameAmountPattern（同金额拆单） 不同金额不计入" time="0">
    </testcase>
    <testcase classname="risk-control：退款滥用检测 detectRefundAbuse（主入口） 正常退款 → low / allow" name="risk-control：退款滥用检测 detectRefundAbuse（主入口） 正常退款 → low / allow" time="0.001">
    </testcase>
    <testcase classname="risk-control：退款滥用检测 detectRefundAbuse（主入口） 24h 5 笔退款 → high / reject" name="risk-control：退款滥用检测 detectRefundAbuse（主入口） 24h 5 笔退款 → high / reject" time="0">
    </testcase>
    <testcase classname="risk-control：退款滥用检测 detectRefundAbuse（主入口） 80% 退款率 + 全额 → high" name="risk-control：退款滥用检测 detectRefundAbuse（主入口） 80% 退款率 + 全额 → high" time="0">
    </testcase>
    <testcase classname="risk-control：退款滥用检测 detectRefundAbuse（主入口） 1h 内 5 笔同金额 → high（同金额拆单）" name="risk-control：退款滥用检测 detectRefundAbuse（主入口） 1h 内 5 笔同金额 → high（同金额拆单）" time="0">
    </testcase>
    <testcase classname="risk-control：退款滥用检测 detectRefundAbuse（主入口） 中风险：3 笔 24h + 50% 率 → medium / review" name="risk-control：退款滥用检测 detectRefundAbuse（主入口） 中风险：3 笔 24h + 50% 率 → medium / review" time="0.003">
    </testcase>
    <testcase classname="risk-control：退款滥用检测 detectRefundAbuse（主入口） report.target 应回填退款关键字段" name="risk-control：退款滥用检测 detectRefundAbuse（主入口） report.target 应回填退款关键字段" time="0.001">
    </testcase>
    <testcase classname="risk-control：退款滥用检测 detectRefundAbuse（主入口） 多检测项同时触发 → 取最高" name="risk-control：退款滥用检测 detectRefundAbuse（主入口） 多检测项同时触发 → 取最高" time="0.001">
    </testcase>
    <testcase classname="risk-control：退款滥用检测 REFUND_CONFIG 暴露 关键阈值都应存在" name="risk-control：退款滥用检测 REFUND_CONFIG 暴露 关键阈值都应存在" time="0">
    </testcase>
  </testsuite>
  <testsuite name="Sprint 14: k6 CI Smoke 接入验证" errors="0" failures="0" skipped="0" timestamp="2026-06-06T05:37:37" time="0.146" tests="18">
    <testcase classname="Sprint 14: k6 CI Smoke 接入验证 ci-smoke.js 文件 脚本文件存在" name="Sprint 14: k6 CI Smoke 接入验证 ci-smoke.js 文件 脚本文件存在" time="0">
    </testcase>
    <testcase classname="Sprint 14: k6 CI Smoke 接入验证 ci-smoke.js 文件 脚本导入 k6/http / k6/metrics" name="Sprint 14: k6 CI Smoke 接入验证 ci-smoke.js 文件 脚本导入 k6/http / k6/metrics" time="0.001">
    </testcase>
    <testcase classname="Sprint 14: k6 CI Smoke 接入验证 ci-smoke.js 文件 脚本包含 options / thresholds / handleSummary" name="Sprint 14: k6 CI Smoke 接入验证 ci-smoke.js 文件 脚本包含 options / thresholds / handleSummary" time="0">
    </testcase>
    <testcase classname="Sprint 14: k6 CI Smoke 接入验证 ci-smoke.js 文件 脚本包含 default 入口函数" name="Sprint 14: k6 CI Smoke 接入验证 ci-smoke.js 文件 脚本包含 default 入口函数" time="0.001">
    </testcase>
    <testcase classname="Sprint 14: k6 CI Smoke 接入验证 ci-smoke.js 文件 thresholds 包含 smoke_checks_total / heartbeat_ms" name="Sprint 14: k6 CI Smoke 接入验证 ci-smoke.js 文件 thresholds 包含 smoke_checks_total / heartbeat_ms" time="0">
    </testcase>
    <testcase classname="Sprint 14: k6 CI Smoke 接入验证 main-flow.js 文件 脚本文件存在（未损坏）" name="Sprint 14: k6 CI Smoke 接入验证 main-flow.js 文件 脚本文件存在（未损坏）" time="0">
    </testcase>
    <testcase classname="Sprint 14: k6 CI Smoke 接入验证 main-flow.js 文件 main-flow.js 仍可被 k6 inspect 解析（结构完整）" name="Sprint 14: k6 CI Smoke 接入验证 main-flow.js 文件 main-flow.js 仍可被 k6 inspect 解析（结构完整）" time="0">
    </testcase>
    <testcase classname="Sprint 14: k6 CI Smoke 接入验证 CI workflow 集成 ci.yml 存在" name="Sprint 14: k6 CI Smoke 接入验证 CI workflow 集成 ci.yml 存在" time="0.001">
    </testcase>
    <testcase classname="Sprint 14: k6 CI Smoke 接入验证 CI workflow 集成 ci.yml 包含 k6-smoke job" name="Sprint 14: k6 CI Smoke 接入验证 CI workflow 集成 ci.yml 包含 k6-smoke job" time="0.001">
    </testcase>
    <testcase classname="Sprint 14: k6 CI Smoke 接入验证 CI workflow 集成 ci.yml 包含 k6-main job" name="Sprint 14: k6 CI Smoke 接入验证 CI workflow 集成 ci.yml 包含 k6-main job" time="0">
    </testcase>
    <testcase classname="Sprint 14: k6 CI Smoke 接入验证 CI workflow 集成 k6-smoke job 含 continue-on-error（不阻塞 PR）" name="Sprint 14: k6 CI Smoke 接入验证 CI workflow 集成 k6-smoke job 含 continue-on-error（不阻塞 PR）" time="0">
    </testcase>
    <testcase classname="Sprint 14: k6 CI Smoke 接入验证 CI workflow 集成 k6-smoke job 含 k6 install + run + inspect" name="Sprint 14: k6 CI Smoke 接入验证 CI workflow 集成 k6-smoke job 含 k6 install + run + inspect" time="0.001">
    </testcase>
    <testcase classname="Sprint 14: k6 CI Smoke 接入验证 CI workflow 集成 k6-main job 仅 main 分支触发" name="Sprint 14: k6 CI Smoke 接入验证 CI workflow 集成 k6-main job 仅 main 分支触发" time="0">
    </testcase>
    <testcase classname="Sprint 14: k6 CI Smoke 接入验证 perf README README.md 存在" name="Sprint 14: k6 CI Smoke 接入验证 perf README README.md 存在" time="0">
    </testcase>
    <testcase classname="Sprint 14: k6 CI Smoke 接入验证 perf README README 提到 ci-smoke.js" name="Sprint 14: k6 CI Smoke 接入验证 perf README README 提到 ci-smoke.js" time="0">
    </testcase>
    <testcase classname="Sprint 14: k6 CI Smoke 接入验证 perf README README 提到 Sprint 14 CI 集成" name="Sprint 14: k6 CI Smoke 接入验证 perf README README 提到 Sprint 14 CI 集成" time="0">
    </testcase>
    <testcase classname="Sprint 14: k6 CI Smoke 接入验证 行为模拟：thresholds 解析 ci-smoke.js 的 thresholds 块是合法 JS 对象" name="Sprint 14: k6 CI Smoke 接入验证 行为模拟：thresholds 解析 ci-smoke.js 的 thresholds 块是合法 JS 对象" time="0.001">
    </testcase>
    <testcase classname="Sprint 14: k6 CI Smoke 接入验证 行为模拟：thresholds 解析 main-flow.js 的 thresholds 包含主链路 P95 &lt; 1500" name="Sprint 14: k6 CI Smoke 接入验证 行为模拟：thresholds 解析 main-flow.js 的 thresholds 包含主链路 P95 &lt; 1500" time="0">
    </testcase>
  </testsuite>
  <testsuite name="paymentService/common/payment-state-machine" errors="0" failures="0" skipped="0" timestamp="2026-06-06T05:37:37" time="0.13" tests="25">
    <testcase classname="paymentService/common/payment-state-machine paymentStateMachine initial 应为 unpaid" name="paymentService/common/payment-state-machine paymentStateMachine initial 应为 unpaid" time="0">
    </testcase>
    <testcase classname="paymentService/common/payment-state-machine paymentStateMachine 应包含 5 个状态" name="paymentService/common/payment-state-machine paymentStateMachine 应包含 5 个状态" time="0.001">
    </testcase>
    <testcase classname="paymentService/common/payment-state-machine paymentStateMachine unpaid → paying 应合法" name="paymentService/common/payment-state-machine paymentStateMachine unpaid → paying 应合法" time="0">
    </testcase>
    <testcase classname="paymentService/common/payment-state-machine paymentStateMachine unpaid → paid 应合法（回调早于预支付记录的场景）" name="paymentService/common/payment-state-machine paymentStateMachine unpaid → paid 应合法（回调早于预支付记录的场景）" time="0">
    </testcase>
    <testcase classname="paymentService/common/payment-state-machine paymentStateMachine unpaid → refunded 应非法" name="paymentService/common/payment-state-machine paymentStateMachine unpaid → refunded 应非法" time="0">
    </testcase>
    <testcase classname="paymentService/common/payment-state-machine paymentStateMachine paying → paid 应合法" name="paymentService/common/payment-state-machine paymentStateMachine paying → paid 应合法" time="0">
    </testcase>
    <testcase classname="paymentService/common/payment-state-machine paymentStateMachine paying → unpaid 应合法（支付失败回退）" name="paymentService/common/payment-state-machine paymentStateMachine paying → unpaid 应合法（支付失败回退）" time="0">
    </testcase>
    <testcase classname="paymentService/common/payment-state-machine paymentStateMachine paid → refunded 应合法" name="paymentService/common/payment-state-machine paymentStateMachine paid → refunded 应合法" time="0">
    </testcase>
    <testcase classname="paymentService/common/payment-state-machine paymentStateMachine refunded 终态不能再转移" name="paymentService/common/payment-state-machine paymentStateMachine refunded 终态不能再转移" time="0">
    </testcase>
    <testcase classname="paymentService/common/payment-state-machine paymentStateMachine closed 终态不能再转移" name="paymentService/common/payment-state-machine paymentStateMachine closed 终态不能再转移" time="0">
    </testcase>
    <testcase classname="paymentService/common/payment-state-machine paymentStateMachine paid → paid 非法（防止重复确认）" name="paymentService/common/payment-state-machine paymentStateMachine paid → paid 非法（防止重复确认）" time="0.001">
    </testcase>
    <testcase classname="paymentService/common/payment-state-machine paymentStateMachine 非法状态应抛 IllegalTransitionError" name="paymentService/common/payment-state-machine paymentStateMachine 非法状态应抛 IllegalTransitionError" time="0.011">
    </testcase>
    <testcase classname="paymentService/common/payment-state-machine paymentStateMachine metadata 应包含 5 个状态" name="paymentService/common/payment-state-machine paymentStateMachine metadata 应包含 5 个状态" time="0.001">
    </testcase>
    <testcase classname="paymentService/common/payment-state-machine ORDER_STATUS_ON_PAID 映射 应包含 5 个订单类型" name="paymentService/common/payment-state-machine ORDER_STATUS_ON_PAID 映射 应包含 5 个订单类型" time="0">
    </testcase>
    <testcase classname="paymentService/common/payment-state-machine ORDER_STATUS_ON_PAID 映射 order / mall / tuan 支付成功应进入 paid" name="paymentService/common/payment-state-machine ORDER_STATUS_ON_PAID 映射 order / mall / tuan 支付成功应进入 paid" time="0">
    </testcase>
    <testcase classname="paymentService/common/payment-state-machine ORDER_STATUS_ON_PAID 映射 feeding / activity 支付成功应进入 confirmed" name="paymentService/common/payment-state-machine ORDER_STATUS_ON_PAID 映射 feeding / activity 支付成功应进入 confirmed" time="0">
    </testcase>
    <testcase classname="paymentService/common/payment-state-machine resolveOrderStatus 已知类型应返回正确 status" name="paymentService/common/payment-state-machine resolveOrderStatus 已知类型应返回正确 status" time="0">
    </testcase>
    <testcase classname="paymentService/common/payment-state-machine resolveOrderStatus 未知类型应返回兜底值" name="paymentService/common/payment-state-machine resolveOrderStatus 未知类型应返回兜底值" time="0.001">
    </testcase>
    <testcase classname="paymentService/common/payment-state-machine resolveOrderStatus undefined / null 应返回兜底值" name="paymentService/common/payment-state-machine resolveOrderStatus undefined / null 应返回兜底值" time="0">
    </testcase>
    <testcase classname="paymentService/common/payment-state-machine isKnownOrderType 已知类型应返回 true" name="paymentService/common/payment-state-machine isKnownOrderType 已知类型应返回 true" time="0.001">
    </testcase>
    <testcase classname="paymentService/common/payment-state-machine isKnownOrderType 未知类型应返回 false" name="paymentService/common/payment-state-machine isKnownOrderType 未知类型应返回 false" time="0">
    </testcase>
    <testcase classname="paymentService/common/payment-state-machine 集成场景：支付回调 order 类型 + paymentStatus paying → paid + status paid" name="paymentService/common/payment-state-machine 集成场景：支付回调 order 类型 + paymentStatus paying → paid + status paid" time="0">
    </testcase>
    <testcase classname="paymentService/common/payment-state-machine 集成场景：支付回调 feeding 类型 + paymentStatus unpaid → paid + status confirmed" name="paymentService/common/payment-state-machine 集成场景：支付回调 feeding 类型 + paymentStatus unpaid → paid + status confirmed" time="0.001">
    </testcase>
    <testcase classname="paymentService/common/payment-state-machine 集成场景：支付回调 已 refund 的订单再次回调应被状态机拦截" name="paymentService/common/payment-state-machine 集成场景：支付回调 已 refund 的订单再次回调应被状态机拦截" time="0">
    </testcase>
    <testcase classname="paymentService/common/payment-state-machine 集成场景：支付回调 已 closed 的订单再次回调应被状态机拦截" name="paymentService/common/payment-state-machine 集成场景：支付回调 已 closed 的订单再次回调应被状态机拦截" time="0">
    </testcase>
  </testsuite>
  <testsuite name="Sprint 13: state-machine.js → .ts 迁移" errors="0" failures="0" skipped="0" timestamp="2026-06-06T05:37:37" time="0.159" tests="12">
    <testcase classname="Sprint 13: state-machine.js → .ts 迁移 state-machine.ts 源文件应存在" name="Sprint 13: state-machine.js → .ts 迁移 state-machine.ts 源文件应存在" time="0">
    </testcase>
    <testcase classname="Sprint 13: state-machine.js → .ts 迁移 编译产物 state-machine.js 应存在" name="Sprint 13: state-machine.js → .ts 迁移 编译产物 state-machine.js 应存在" time="0">
    </testcase>
    <testcase classname="Sprint 13: state-machine.js → .ts 迁移 类型声明 state-machine.d.ts 应存在" name="Sprint 13: state-machine.js → .ts 迁移 类型声明 state-machine.d.ts 应存在" time="0">
    </testcase>
    <testcase classname="Sprint 13: state-machine.js → .ts 迁移 state-machine.js 顶部应有 eslint-disable 标记（tsc 产物）" name="Sprint 13: state-machine.js → .ts 迁移 state-machine.js 顶部应有 eslint-disable 标记（tsc 产物）" time="0">
    </testcase>
    <testcase classname="Sprint 13: state-machine.js → .ts 迁移 编译后的 .js 仍能正确导出所有公共 API" name="Sprint 13: state-machine.js → .ts 迁移 编译后的 .js 仍能正确导出所有公共 API" time="0.002">
    </testcase>
    <testcase classname="Sprint 13: state-machine.js → .ts 迁移 .d.ts 应包含核心导出：createStateMachine / IllegalTransitionError / validateConfig / applyEvent" name="Sprint 13: state-machine.js → .ts 迁移 .d.ts 应包含核心导出：createStateMachine / IllegalTransitionError / validateConfig / applyEvent" time="0.001">
    </testcase>
    <testcase classname="Sprint 13: state-machine.js → .ts 迁移 tsconfig.common.json 应包含 state-machine.ts" name="Sprint 13: state-machine.js → .ts 迁移 tsconfig.common.json 应包含 state-machine.ts" time="0">
    </testcase>
    <testcase classname="Sprint 13: state-machine.js → .ts 迁移 build:common 应处理 state-machine.js（build-common.js TARGETS）" name="Sprint 13: state-machine.js → .ts 迁移 build:common 应处理 state-machine.js（build-common.js TARGETS）" time="0">
    </testcase>
    <testcase classname="Sprint 13: state-machine.js → .ts 迁移 IllegalTransitionError 保留三字段 + 自定义 message" name="Sprint 13: state-machine.js → .ts 迁移 IllegalTransitionError 保留三字段 + 自定义 message" time="0">
    </testcase>
    <testcase classname="Sprint 13: state-machine.js → .ts 迁移 createStateMachine 行为与迁移前完全一致" name="Sprint 13: state-machine.js → .ts 迁移 createStateMachine 行为与迁移前完全一致" time="0.07">
    </testcase>
    <testcase classname="Sprint 13: state-machine.js → .ts 迁移 validateConfig 配置错误应抛出 BusinessError" name="Sprint 13: state-machine.js → .ts 迁移 validateConfig 配置错误应抛出 BusinessError" time="0.006">
    </testcase>
    <testcase classname="Sprint 13: state-machine.js → .ts 迁移 applyEvent 行为：合法 next 返回目标，否则 null" name="Sprint 13: state-machine.js → .ts 迁移 applyEvent 行为：合法 next 返回目标，否则 null" time="0">
    </testcase>
  </testsuite>
  <testsuite name="Sprint 12: submitEvaluation 风险控制接入" errors="0" failures="0" skipped="0" timestamp="2026-06-06T05:37:37" time="0.164" tests="8">
    <testcase classname="Sprint 12: submitEvaluation 风险控制接入 正常评价（无风险）→ 落库 + pendingReview=false" name="Sprint 12: submitEvaluation 风险控制接入 正常评价（无风险）→ 落库 + pendingReview=false" time="0.068">
    </testcase>
    <testcase classname="Sprint 12: submitEvaluation 风险控制接入 5 星 + 重复文案（触发 DUP_COMMENT）→ 落库 + pendingReview=true" name="Sprint 12: submitEvaluation 风险控制接入 5 星 + 重复文案（触发 DUP_COMMENT）→ 落库 + pendingReview=true" time="0.009">
    </testcase>
    <testcase classname="Sprint 12: submitEvaluation 风险控制接入 极端高频：60s 内 5 条评价（用户历史 5 条 + 此次 = 6，HIGH_FREQ_THRESHOLD+3）→ reject" name="Sprint 12: submitEvaluation 风险控制接入 极端高频：60s 内 5 条评价（用户历史 5 条 + 此次 = 6，HIGH_FREQ_THRESHOLD+3）→ reject" time="0.001">
    </testcase>
    <testcase classname="Sprint 12: submitEvaluation 风险控制接入 订单不存在应优先于风控抛出 ORDER_NOT_FOUND" name="Sprint 12: submitEvaluation 风险控制接入 订单不存在应优先于风控抛出 ORDER_NOT_FOUND" time="0">
    </testcase>
    <testcase classname="Sprint 12: submitEvaluation 风险控制接入 未完成订单应优先于风控抛出 BUSINESS_ERROR" name="Sprint 12: submitEvaluation 风险控制接入 未完成订单应优先于风控抛出 BUSINESS_ERROR" time="0">
    </testcase>
    <testcase classname="Sprint 12: submitEvaluation 风险控制接入 非本人订单应优先于风控抛出 PERMISSION_DENIED" name="Sprint 12: submitEvaluation 风险控制接入 非本人订单应优先于风控抛出 PERMISSION_DENIED" time="0">
    </testcase>
    <testcase classname="Sprint 12: submitEvaluation 风险控制接入 已评价订单返回 duplicate=true（不触发风控重算）" name="Sprint 12: submitEvaluation 风险控制接入 已评价订单返回 duplicate=true（不触发风控重算）" time="0.004">
    </testcase>
    <testcase classname="Sprint 12: submitEvaluation 风险控制接入 无 hostId 的订单也能正常完成风控检查（无 host 集中维度命中）" name="Sprint 12: submitEvaluation 风险控制接入 无 hostId 的订单也能正常完成风控检查（无 host 集中维度命中）" time="0.001">
    </testcase>
  </testsuite>
  <testsuite name="utils/addressUtils" errors="0" failures="0" skipped="0" timestamp="2026-06-06T05:37:38" time="0.162" tests="8">
    <testcase classname="utils/addressUtils extractCityAndDistrict 空字符串/非字符串应返回空字符串" name="utils/addressUtils extractCityAndDistrict 空字符串/非字符串应返回空字符串" time="0.001">
    </testcase>
    <testcase classname="utils/addressUtils extractCityAndDistrict 主要城市应能正确识别（无区县）" name="utils/addressUtils extractCityAndDistrict 主要城市应能正确识别（无区县）" time="0.004">
    </testcase>
    <testcase classname="utils/addressUtils extractCityAndDistrict 主要城市+区县应返回「城市·区县」" name="utils/addressUtils extractCityAndDistrict 主要城市+区县应返回「城市·区县」" time="0.009">
    </testcase>
    <testcase classname="utils/addressUtils extractCityAndDistrict 省X市格式应能解析（无区县）" name="utils/addressUtils extractCityAndDistrict 省X市格式应能解析（无区县）" time="0">
    </testcase>
    <testcase classname="utils/addressUtils extractCityAndDistrict 省X市+区县应返回「城市·区县」" name="utils/addressUtils extractCityAndDistrict 省X市+区县应返回「城市·区县」" time="0">
    </testcase>
    <testcase classname="utils/addressUtils extractCityAndDistrict 未知地址应原样返回" name="utils/addressUtils extractCityAndDistrict 未知地址应原样返回" time="0">
    </testcase>
    <testcase classname="utils/addressUtils extractCityAndDistrict 新区/开发区等扩展关键词应支持" name="utils/addressUtils extractCityAndDistrict 新区/开发区等扩展关键词应支持" time="0">
    </testcase>
    <testcase classname="utils/addressUtils extractCityAndDistrict 地址中含多个城市名时应取首个" name="utils/addressUtils extractCityAndDistrict 地址中含多个城市名时应取首个" time="0">
    </testcase>
  </testsuite>
  <testsuite name="Sprint 13: 寄养日期冲突子链路" errors="0" failures="0" skipped="0" timestamp="2026-06-06T05:37:38" time="0.116" tests="21">
    <testcase classname="Sprint 13: 寄养日期冲突子链路 checkDateAvailability：基本查询 无任何订单 → available=true" name="Sprint 13: 寄养日期冲突子链路 checkDateAvailability：基本查询 无任何订单 → available=true" time="0.001">
    </testcase>
    <testcase classname="Sprint 13: 寄养日期冲突子链路 checkDateAvailability：基本查询 缺 startDate / endDate → available=false" name="Sprint 13: 寄养日期冲突子链路 checkDateAvailability：基本查询 缺 startDate / endDate → available=false" time="0">
    </testcase>
    <testcase classname="Sprint 13: 寄养日期冲突子链路 checkDateAvailability：基本查询 无 hostId 也能查询（空 hostId = 不会匹配）" name="Sprint 13: 寄养日期冲突子链路 checkDateAvailability：基本查询 无 hostId 也能查询（空 hostId = 不会匹配）" time="0.002">
    </testcase>
    <testcase classname="Sprint 13: 寄养日期冲突子链路 半开区间重叠判断 完全重叠：请求 6-10 ~ 6-15，已有 6-12 ~ 6-14" name="Sprint 13: 寄养日期冲突子链路 半开区间重叠判断 完全重叠：请求 6-10 ~ 6-15，已有 6-12 ~ 6-14" time="0.001">
    </testcase>
    <testcase classname="Sprint 13: 寄养日期冲突子链路 半开区间重叠判断 请求包含已有：请求 6-08 ~ 6-20，已有 6-12 ~ 6-14" name="Sprint 13: 寄养日期冲突子链路 半开区间重叠判断 请求包含已有：请求 6-08 ~ 6-20，已有 6-12 ~ 6-14" time="0.001">
    </testcase>
    <testcase classname="Sprint 13: 寄养日期冲突子链路 半开区间重叠判断 已有包含请求：请求 6-12 ~ 6-14，已有 6-10 ~ 6-15" name="Sprint 13: 寄养日期冲突子链路 半开区间重叠判断 已有包含请求：请求 6-12 ~ 6-14，已有 6-10 ~ 6-15" time="0.002">
    </testcase>
    <testcase classname="Sprint 13: 寄养日期冲突子链路 半开区间重叠判断 部分重叠：请求 6-10 ~ 6-13，已有 6-12 ~ 6-15" name="Sprint 13: 寄养日期冲突子链路 半开区间重叠判断 部分重叠：请求 6-10 ~ 6-13，已有 6-12 ~ 6-15" time="0">
    </testcase>
    <testcase classname="Sprint 13: 寄养日期冲突子链路 半开区间重叠判断 边界不重叠：请求 6-10 ~ 6-12，已有 6-12 ~ 6-15（end 紧邻 start）" name="Sprint 13: 寄养日期冲突子链路 半开区间重叠判断 边界不重叠：请求 6-10 ~ 6-12，已有 6-12 ~ 6-15（end 紧邻 start）" time="0">
    </testcase>
    <testcase classname="Sprint 13: 寄养日期冲突子链路 半开区间重叠判断 完全无交集：请求 6-10 ~ 6-12，已有 6-15 ~ 6-20" name="Sprint 13: 寄养日期冲突子链路 半开区间重叠判断 完全无交集：请求 6-10 ~ 6-12，已有 6-15 ~ 6-20" time="0">
    </testcase>
    <testcase classname="Sprint 13: 寄养日期冲突子链路 状态过滤：仅 confirmed/ongoing 冲突 pending 状态不冲突" name="Sprint 13: 寄养日期冲突子链路 状态过滤：仅 confirmed/ongoing 冲突 pending 状态不冲突" time="0">
    </testcase>
    <testcase classname="Sprint 13: 寄养日期冲突子链路 状态过滤：仅 confirmed/ongoing 冲突 cancelled 状态不冲突" name="Sprint 13: 寄养日期冲突子链路 状态过滤：仅 confirmed/ongoing 冲突 cancelled 状态不冲突" time="0.001">
    </testcase>
    <testcase classname="Sprint 13: 寄养日期冲突子链路 状态过滤：仅 confirmed/ongoing 冲突 completed 状态不冲突" name="Sprint 13: 寄养日期冲突子链路 状态过滤：仅 confirmed/ongoing 冲突 completed 状态不冲突" time="0.002">
    </testcase>
    <testcase classname="Sprint 13: 寄养日期冲突子链路 状态过滤：仅 confirmed/ongoing 冲突 confirmed 状态冲突" name="Sprint 13: 寄养日期冲突子链路 状态过滤：仅 confirmed/ongoing 冲突 confirmed 状态冲突" time="0.005">
    </testcase>
    <testcase classname="Sprint 13: 寄养日期冲突子链路 状态过滤：仅 confirmed/ongoing 冲突 ongoing 状态冲突" name="Sprint 13: 寄养日期冲突子链路 状态过滤：仅 confirmed/ongoing 冲突 ongoing 状态冲突" time="0">
    </testcase>
    <testcase classname="Sprint 13: 寄养日期冲突子链路 hostId 数据隔离 其他 host 的订单不参与当前 host 冲突判断" name="Sprint 13: 寄养日期冲突子链路 hostId 数据隔离 其他 host 的订单不参与当前 host 冲突判断" time="0.007">
    </testcase>
    <testcase classname="Sprint 13: 寄养日期冲突子链路 hostId 数据隔离 同 host 多单：与其中一单冲突即不可用" name="Sprint 13: 寄养日期冲突子链路 hostId 数据隔离 同 host 多单：与其中一单冲突即不可用" time="0">
    </testcase>
    <testcase classname="Sprint 13: 寄养日期冲突子链路 半开区间重叠判断（独立验证） half-open 区间：os &lt; re &amp;&amp; oe &gt; rs" name="Sprint 13: 寄养日期冲突子链路 半开区间重叠判断（独立验证） half-open 区间：os &lt; re &amp;&amp; oe &gt; rs" time="0">
    </testcase>
    <testcase classname="Sprint 13: 寄养日期冲突子链路 集成：checkDateAvailability 行为对订单创建前置校验的影响 checkDateAvailability 返回 false → 上层应在创建订单前拦截" name="Sprint 13: 寄养日期冲突子链路 集成：checkDateAvailability 行为对订单创建前置校验的影响 checkDateAvailability 返回 false → 上层应在创建订单前拦截" time="0">
    </testcase>
    <testcase classname="Sprint 13: 寄养日期冲突子链路 集成：checkDateAvailability 行为对订单创建前置校验的影响 checkDateAvailability 返回 true → 上层应允许创建订单" name="Sprint 13: 寄养日期冲突子链路 集成：checkDateAvailability 行为对订单创建前置校验的影响 checkDateAvailability 返回 true → 上层应允许创建订单" time="0.001">
    </testcase>
    <testcase classname="Sprint 13: 寄养日期冲突子链路 边界与异常 空字符串 hostId → 不会匹配任何订单" name="Sprint 13: 寄养日期冲突子链路 边界与异常 空字符串 hostId → 不会匹配任何订单" time="0">
    </testcase>
    <testcase classname="Sprint 13: 寄养日期冲突子链路 边界与异常 同 host 同日期多 confirmed 单：仍应识别冲突" name="Sprint 13: 寄养日期冲突子链路 边界与异常 同 host 同日期多 confirmed 单：仍应识别冲突" time="0">
    </testcase>
  </testsuite>
  <testsuite name="集成测试：售后/退款子链路" errors="0" failures="0" skipped="0" timestamp="2026-06-06T05:37:38" time="0.176" tests="14">
    <testcase classname="集成测试：售后/退款子链路 createRefund：参数校验 缺少 outTradeNo → INVALID_PARAMS" name="集成测试：售后/退款子链路 createRefund：参数校验 缺少 outTradeNo → INVALID_PARAMS" time="0.006">
    </testcase>
    <testcase classname="集成测试：售后/退款子链路 createRefund：参数校验 缺少 refundAmount → INVALID_PARAMS" name="集成测试：售后/退款子链路 createRefund：参数校验 缺少 refundAmount → INVALID_PARAMS" time="0">
    </testcase>
    <testcase classname="集成测试：售后/退款子链路 createRefund：参数校验 缺少 totalAmount → INVALID_PARAMS" name="集成测试：售后/退款子链路 createRefund：参数校验 缺少 totalAmount → INVALID_PARAMS" time="0.001">
    </testcase>
    <testcase classname="集成测试：售后/退款子链路 createRefund：参数校验 refundAmount &gt; totalAmount → INVALID_PARAMS" name="集成测试：售后/退款子链路 createRefund：参数校验 refundAmount &gt; totalAmount → INVALID_PARAMS" time="0.001">
    </testcase>
    <testcase classname="集成测试：售后/退款子链路 createRefund：权限校验 订单 owner 不匹配 → PERMISSION_DENIED" name="集成测试：售后/退款子链路 createRefund：权限校验 订单 owner 不匹配 → PERMISSION_DENIED" time="0.001">
    </testcase>
    <testcase classname="集成测试：售后/退款子链路 createRefund：权限校验 订单存在且 owner 匹配 → 走微信 API" name="集成测试：售后/退款子链路 createRefund：权限校验 订单存在且 owner 匹配 → 走微信 API" time="0.002">
    </testcase>
    <testcase classname="集成测试：售后/退款子链路 createRefund：金额双重校验 订单实际支付金额 &lt; 申请退款金额 → INVALID_PARAMS" name="集成测试：售后/退款子链路 createRefund：金额双重校验 订单实际支付金额 &lt; 申请退款金额 → INVALID_PARAMS" time="0.001">
    </testcase>
    <testcase classname="集成测试：售后/退款子链路 createRefund：金额双重校验 订单金额为 0（理论异常）→ 不再二次校验，直接走 API" name="集成测试：售后/退款子链路 createRefund：金额双重校验 订单金额为 0（理论异常）→ 不再二次校验，直接走 API" time="0">
    </testcase>
    <testcase classname="集成测试：售后/退款子链路 createRefund：微信 API 失败 微信返回 status=FAIL → REFUND_FAILED" name="集成测试：售后/退款子链路 createRefund：微信 API 失败 微信返回 status=FAIL → REFUND_FAILED" time="0.003">
    </testcase>
    <testcase classname="集成测试：售后/退款子链路 createRefund：微信 API 失败 微信返回 status=PROCESSING（处理中）→ 仍视为成功提交" name="集成测试：售后/退款子链路 createRefund：微信 API 失败 微信返回 status=PROCESSING（处理中）→ 仍视为成功提交" time="0">
    </testcase>
    <testcase classname="集成测试：售后/退款子链路 createRefund：outRefundNo 生成 outRefundNo 以 REFUND_ 开头" name="集成测试：售后/退款子链路 createRefund：outRefundNo 生成 outRefundNo 以 REFUND_ 开头" time="0.014">
    </testcase>
    <testcase classname="集成测试：售后/退款子链路 queryRefund 缺少 outRefundNo → INVALID_PARAMS" name="集成测试：售后/退款子链路 queryRefund 缺少 outRefundNo → INVALID_PARAMS" time="0.002">
    </testcase>
    <testcase classname="集成测试：售后/退款子链路 queryRefund 正常查询 → 透传微信结果" name="集成测试：售后/退款子链路 queryRefund 正常查询 → 透传微信结果" time="0">
    </testcase>
    <testcase classname="集成测试：售后/退款子链路 退款与订单状态机联动 已退款的订单（refundStatus=completed）→ cancelOrder 拒绝" name="集成测试：售后/退款子链路 退款与订单状态机联动 已退款的订单（refundStatus=completed）→ cancelOrder 拒绝" time="0.001">
    </testcase>
  </testsuite>
  <testsuite name="集成测试：团长结算子链路" errors="0" failures="0" skipped="0" timestamp="2026-06-06T05:37:38" time="0.218" tests="21">
    <testcase classname="集成测试：团长结算子链路 getTuanLeaderList：团长画像聚合 无团长 → 返回空列表" name="集成测试：团长结算子链路 getTuanLeaderList：团长画像聚合 无团长 → 返回空列表" time="0.001">
    </testcase>
    <testcase classname="集成测试：团长结算子链路 getTuanLeaderList：团长画像聚合 1 个团长 + 0 邀请 + 0 佣金 → 基础画像" name="集成测试：团长结算子链路 getTuanLeaderList：团长画像聚合 1 个团长 + 0 邀请 + 0 佣金 → 基础画像" time="0.003">
    </testcase>
    <testcase classname="集成测试：团长结算子链路 getTuanLeaderList：团长画像聚合 团长按 totalCommission 倒序" name="集成测试：团长结算子链路 getTuanLeaderList：团长画像聚合 团长按 totalCommission 倒序" time="0.002">
    </testcase>
    <testcase classname="集成测试：团长结算子链路 getTuanLeaderList：团长画像聚合 按 orderType 拆分累计 / 待结 / 已结" name="集成测试：团长结算子链路 getTuanLeaderList：团长画像聚合 按 orderType 拆分累计 / 待结 / 已结" time="0">
    </testcase>
    <testcase classname="集成测试：团长结算子链路 getTuanLeaderList：团长画像聚合 邀请数准确：invited 中只统计有 inviterId 指向团长的 user" name="集成测试：团长结算子链路 getTuanLeaderList：团长画像聚合 邀请数准确：invited 中只统计有 inviterId 指向团长的 user" time="0">
    </testcase>
    <testcase classname="集成测试：团长结算子链路 getTuanLeaderCommissions：佣金列表 按 leaderId 过滤" name="集成测试：团长结算子链路 getTuanLeaderCommissions：佣金列表 按 leaderId 过滤" time="0">
    </testcase>
    <testcase classname="集成测试：团长结算子链路 getTuanLeaderCommissions：佣金列表 按 status 过滤" name="集成测试：团长结算子链路 getTuanLeaderCommissions：佣金列表 按 status 过滤" time="0.01">
    </testcase>
    <testcase classname="集成测试：团长结算子链路 getTuanLeaderCommissions：佣金列表 按 orderType 过滤" name="集成测试：团长结算子链路 getTuanLeaderCommissions：佣金列表 按 orderType 过滤" time="0.057">
    </testcase>
    <testcase classname="集成测试：团长结算子链路 getTuanLeaderCommissions：佣金列表 组合过滤：leaderId + status + orderType" name="集成测试：团长结算子链路 getTuanLeaderCommissions：佣金列表 组合过滤：leaderId + status + orderType" time="0.003">
    </testcase>
    <testcase classname="集成测试：团长结算子链路 getTuanCommissionStats：全局统计 全空数据 → 全 0" name="集成测试：团长结算子链路 getTuanCommissionStats：全局统计 全空数据 → 全 0" time="0.001">
    </testcase>
    <testcase classname="集成测试：团长结算子链路 getTuanCommissionStats：全局统计 多种订单类型 + pending/settled 拆分" name="集成测试：团长结算子链路 getTuanCommissionStats：全局统计 多种订单类型 + pending/settled 拆分" time="0.005">
    </testcase>
    <testcase classname="集成测试：团长结算子链路 getTuanCommissionStats：全局统计 orderTypeStats 含完整字段：rate / totalCount / pendingCount / settledCount / 金额" name="集成测试：团长结算子链路 getTuanCommissionStats：全局统计 orderTypeStats 含完整字段：rate / totalCount / pendingCount / settledCount / 金额" time="0.002">
    </testcase>
    <testcase classname="集成测试：团长结算子链路 getTuanCommissionStats：全局统计 金额小数位精度：0.1 + 0.2 不应等于 0.30000000000000004" name="集成测试：团长结算子链路 getTuanCommissionStats：全局统计 金额小数位精度：0.1 + 0.2 不应等于 0.30000000000000004" time="0.001">
    </testcase>
    <testcase classname="集成测试：团长结算子链路 settleTuanCommissions：批量结算 正常：批量把 pending → settled，记录 settledBy / settledAt" name="集成测试：团长结算子链路 settleTuanCommissions：批量结算 正常：批量把 pending → settled，记录 settledBy / settledAt" time="0.001">
    </testcase>
    <testcase classname="集成测试：团长结算子链路 settleTuanCommissions：批量结算 ids 为空 → INVALID_PARAMS（抛 BusinessError）" name="集成测试：团长结算子链路 settleTuanCommissions：批量结算 ids 为空 → INVALID_PARAMS（抛 BusinessError）" time="0">
    </testcase>
    <testcase classname="集成测试：团长结算子链路 settleTuanCommissions：批量结算 ids 缺字段 → INVALID_PARAMS（抛 BusinessError）" name="集成测试：团长结算子链路 settleTuanCommissions：批量结算 ids 缺字段 → INVALID_PARAMS（抛 BusinessError）" time="0">
    </testcase>
    <testcase classname="集成测试：团长结算子链路 settleTuanCommissions：批量结算 已 settled 的记录再次结算：status 保持 settled（覆盖更新）" name="集成测试：团长结算子链路 settleTuanCommissions：批量结算 已 settled 的记录再次结算：status 保持 settled（覆盖更新）" time="0.001">
    </testcase>
    <testcase classname="集成测试：团长结算子链路 settleTuanCommissions：批量结算 混合 pending + settled：所有命中记录都会写入新 settledAt / settledBy（业务幂等覆盖）" name="集成测试：团长结算子链路 settleTuanCommissions：批量结算 混合 pending + settled：所有命中记录都会写入新 settledAt / settledBy（业务幂等覆盖）" time="0">
    </testcase>
    <testcase classname="集成测试：团长结算子链路 端到端：佣金产生 → 列表 → 统计 → 结算 完整闭环：pending → settled" name="集成测试：团长结算子链路 端到端：佣金产生 → 列表 → 统计 → 结算 完整闭环：pending → settled" time="0.014">
    </testcase>
    <testcase classname="集成测试：团长结算子链路 端到端：佣金产生 → 列表 → 统计 → 结算 多团长：结算只影响指定的 ids 集合" name="集成测试：团长结算子链路 端到端：佣金产生 → 列表 → 统计 → 结算 多团长：结算只影响指定的 ids 集合" time="0.002">
    </testcase>
    <testcase classname="集成测试：团长结算子链路 状态机语义：pending 不可回退 settled 记录不再回到 pending" name="集成测试：团长结算子链路 状态机语义：pending 不可回退 settled 记录不再回到 pending" time="0.005">
    </testcase>
  </testsuite>
  <testsuite name="query-builders.js" errors="0" failures="0" skipped="0" timestamp="2026-06-06T05:37:38" time="0.191" tests="19">
    <testcase classname="query-builders.js COLLECTION 常量 应暴露关键集合名" name="query-builders.js COLLECTION 常量 应暴露关键集合名" time="0.003">
    </testcase>
    <testcase classname="query-builders.js builder 无预设 where 时不应调用 where" name="query-builders.js builder 无预设 where 时不应调用 where" time="0.002">
    </testcase>
    <testcase classname="query-builders.js builder 有预设 where 时应调用 where" name="query-builders.js builder 有预设 where 时应调用 where" time="0.001">
    </testcase>
    <testcase classname="query-builders.js builder 缺 db 应抛错" name="query-builders.js builder 缺 db 应抛错" time="0.025">
    </testcase>
    <testcase classname="query-builders.js builder 缺 collection 应抛错" name="query-builders.js builder 缺 collection 应抛错" time="0">
    </testcase>
    <testcase classname="query-builders.js userByOpenId 应使用 _openid 字段" name="query-builders.js userByOpenId 应使用 _openid 字段" time="0.001">
    </testcase>
    <testcase classname="query-builders.js userById 应使用 userId 字段" name="query-builders.js userById 应使用 userId 字段" time="0">
    </testcase>
    <testcase classname="query-builders.js hostProfile 应支持多过滤器" name="query-builders.js hostProfile 应支持多过滤器" time="0.001">
    </testcase>
    <testcase classname="query-builders.js hostProfile 空过滤器应不调用 where" name="query-builders.js hostProfile 空过滤器应不调用 where" time="0.001">
    </testcase>
    <testcase classname="query-builders.js ordersByStatus 应按 userId / hostId / status / payStatus 过滤" name="query-builders.js ordersByStatus 应按 userId / hostId / status / payStatus 过滤" time="0.001">
    </testcase>
    <testcase classname="query-builders.js activeProducts 应默认 status=active" name="query-builders.js activeProducts 应默认 status=active" time="0.001">
    </testcase>
    <testcase classname="query-builders.js activeProducts category 过滤" name="query-builders.js activeProducts category 过滤" time="0.001">
    </testcase>
    <testcase classname="query-builders.js userCouponsAvailable 应同时过滤 status + expiresAt" name="query-builders.js userCouponsAvailable 应同时过滤 status + expiresAt" time="0.001">
    </testcase>
    <testcase classname="query-builders.js activityRegistration / tuanParticipants / favorite activityRegistration" name="query-builders.js activityRegistration / tuanParticipants / favorite activityRegistration" time="0">
    </testcase>
    <testcase classname="query-builders.js activityRegistration / tuanParticipants / favorite tuanParticipants" name="query-builders.js activityRegistration / tuanParticipants / favorite tuanParticipants" time="0.001">
    </testcase>
    <testcase classname="query-builders.js activityRegistration / tuanParticipants / favorite favorite" name="query-builders.js activityRegistration / tuanParticipants / favorite favorite" time="0">
    </testcase>
    <testcase classname="query-builders.js inDateRange 无 rangeQuery 且无 extraWhere 应直接 collection()" name="query-builders.js inDateRange 无 rangeQuery 且无 extraWhere 应直接 collection()" time="0">
    </testcase>
    <testcase classname="query-builders.js inDateRange 有 rangeQuery 应使用 and(gte, lt)" name="query-builders.js inDateRange 有 rangeQuery 应使用 and(gte, lt)" time="0.001">
    </testcase>
    <testcase classname="query-builders.js inDateRange extraWhere 应与日期合并" name="query-builders.js inDateRange extraWhere 应与日期合并" time="0">
    </testcase>
  </testsuite>
  <testsuite name="Sprint 15: risk-control.ts TypeScript 迁移" errors="0" failures="0" skipped="0" timestamp="2026-06-06T05:37:38" time="0.216" tests="19">
    <testcase classname="Sprint 15: risk-control.ts TypeScript 迁移 源文件 / 产物 risk-control.ts 源文件存在" name="Sprint 15: risk-control.ts TypeScript 迁移 源文件 / 产物 risk-control.ts 源文件存在" time="0.001">
    </testcase>
    <testcase classname="Sprint 15: risk-control.ts TypeScript 迁移 源文件 / 产物 risk-control.js 编译产物存在" name="Sprint 15: risk-control.ts TypeScript 迁移 源文件 / 产物 risk-control.js 编译产物存在" time="0">
    </testcase>
    <testcase classname="Sprint 15: risk-control.ts TypeScript 迁移 源文件 / 产物 risk-control.js 是 tsc 产物（顶部含模块系统代码）" name="Sprint 15: risk-control.ts TypeScript 迁移 源文件 / 产物 risk-control.js 是 tsc 产物（顶部含模块系统代码）" time="0">
    </testcase>
    <testcase classname="Sprint 15: risk-control.ts TypeScript 迁移 .ts 源码：类型与导出契约 导出 RiskReport / RiskLevel / RiskAction 类型" name="Sprint 15: risk-control.ts TypeScript 迁移 .ts 源码：类型与导出契约 导出 RiskReport / RiskLevel / RiskAction 类型" time="0.004">
    </testcase>
    <testcase classname="Sprint 15: risk-control.ts TypeScript 迁移 .ts 源码：类型与导出契约 导出 EvaluationSnapshot / RefundSnapshot" name="Sprint 15: risk-control.ts TypeScript 迁移 .ts 源码：类型与导出契约 导出 EvaluationSnapshot / RefundSnapshot" time="0.008">
    </testcase>
    <testcase classname="Sprint 15: risk-control.ts TypeScript 迁移 .ts 源码：类型与导出契约 导出 detectReviewSpam / detectRefundAbuse" name="Sprint 15: risk-control.ts TypeScript 迁移 .ts 源码：类型与导出契约 导出 detectReviewSpam / detectRefundAbuse" time="0.002">
    </testcase>
    <testcase classname="Sprint 15: risk-control.ts TypeScript 迁移 .ts 源码：类型与导出契约 导出单项检测函数（评价 5 项）" name="Sprint 15: risk-control.ts TypeScript 迁移 .ts 源码：类型与导出契约 导出单项检测函数（评价 5 项）" time="0.002">
    </testcase>
    <testcase classname="Sprint 15: risk-control.ts TypeScript 迁移 .ts 源码：类型与导出契约 导出单项检测函数（退款 4 项）" name="Sprint 15: risk-control.ts TypeScript 迁移 .ts 源码：类型与导出契约 导出单项检测函数（退款 4 项）" time="0">
    </testcase>
    <testcase classname="Sprint 15: risk-control.ts TypeScript 迁移 .ts 源码：类型与导出契约 导出辅助函数 mapActionToErrorCode / assertRiskDecision（Sprint 14）" name="Sprint 15: risk-control.ts TypeScript 迁移 .ts 源码：类型与导出契约 导出辅助函数 mapActionToErrorCode / assertRiskDecision（Sprint 14）" time="0.001">
    </testcase>
    <testcase classname="Sprint 15: risk-control.ts TypeScript 迁移 .ts 源码：类型与导出契约 导出配置常量 CONFIG / REFUND_CONFIG" name="Sprint 15: risk-control.ts TypeScript 迁移 .ts 源码：类型与导出契约 导出配置常量 CONFIG / REFUND_CONFIG" time="0.001">
    </testcase>
    <testcase classname="Sprint 15: risk-control.ts TypeScript 迁移 .ts 源码：类型与导出契约 commentFingerprint 是 export function" name="Sprint 15: risk-control.ts TypeScript 迁移 .ts 源码：类型与导出契约 commentFingerprint 是 export function" time="0.006">
    </testcase>
    <testcase classname="Sprint 15: risk-control.ts TypeScript 迁移 .ts 源码：类型与导出契约 levelToAction 是 export function" name="Sprint 15: risk-control.ts TypeScript 迁移 .ts 源码：类型与导出契约 levelToAction 是 export function" time="0.001">
    </testcase>
    <testcase classname="Sprint 15: risk-control.ts TypeScript 迁移 .js 产物：行为接口一致 产物导出了全部公共 API" name="Sprint 15: risk-control.ts TypeScript 迁移 .js 产物：行为接口一致 产物导出了全部公共 API" time="0.05">
    </testcase>
    <testcase classname="Sprint 15: risk-control.ts TypeScript 迁移 .js 产物：行为接口一致 mapActionToErrorCode 行为正确（与 .ts 一致）" name="Sprint 15: risk-control.ts TypeScript 迁移 .js 产物：行为接口一致 mapActionToErrorCode 行为正确（与 .ts 一致）" time="0">
    </testcase>
    <testcase classname="Sprint 15: risk-control.ts TypeScript 迁移 .js 产物：行为接口一致 commentFingerprint 行为正确" name="Sprint 15: risk-control.ts TypeScript 迁移 .js 产物：行为接口一致 commentFingerprint 行为正确" time="0">
    </testcase>
    <testcase classname="Sprint 15: risk-control.ts TypeScript 迁移 .js 产物：行为接口一致 assertRiskDecision 行为正确" name="Sprint 15: risk-control.ts TypeScript 迁移 .js 产物：行为接口一致 assertRiskDecision 行为正确" time="0.005">
    </testcase>
    <testcase classname="Sprint 15: risk-control.ts TypeScript 迁移 tsconfig / build 工具链 tsconfig.common.json 包含 risk-control.ts" name="Sprint 15: risk-control.ts TypeScript 迁移 tsconfig / build 工具链 tsconfig.common.json 包含 risk-control.ts" time="0.005">
    </testcase>
    <testcase classname="Sprint 15: risk-control.ts TypeScript 迁移 tsconfig / build 工具链 scripts/build-common.js 包含 risk-control.js" name="Sprint 15: risk-control.ts TypeScript 迁移 tsconfig / build 工具链 scripts/build-common.js 包含 risk-control.js" time="0.001">
    </testcase>
    <testcase classname="Sprint 15: risk-control.ts TypeScript 迁移 types.d.ts 兼容 types.d.ts 含 CloudBaseDB（risk-control 依赖）" name="Sprint 15: risk-control.ts TypeScript 迁移 types.d.ts 兼容 types.d.ts 含 CloudBaseDB（risk-control 依赖）" time="0">
    </testcase>
  </testsuite>
  <testsuite name="services/OrderManager" errors="0" failures="0" skipped="0" timestamp="2026-06-06T05:37:38" time="0.113" tests="10">
    <testcase classname="services/OrderManager createOrder 成功时触发 ORDER_CREATED 与 LIST_UPDATED 事件" name="services/OrderManager createOrder 成功时触发 ORDER_CREATED 与 LIST_UPDATED 事件" time="0.001">
    </testcase>
    <testcase classname="services/OrderManager createOrder 失败时返回错误码并捕获异常" name="services/OrderManager createOrder 失败时返回错误码并捕获异常" time="0.001">
    </testcase>
    <testcase classname="services/OrderManager createOrder 非 code:0 结果不应触发事件" name="services/OrderManager createOrder 非 code:0 结果不应触发事件" time="0.001">
    </testcase>
    <testcase classname="services/OrderManager getOrders 成功时返回 data" name="services/OrderManager getOrders 成功时返回 data" time="0.001">
    </testcase>
    <testcase classname="services/OrderManager getOrders 空状态时 status 字段应为 undefined" name="services/OrderManager getOrders 空状态时 status 字段应为 undefined" time="0.004">
    </testcase>
    <testcase classname="services/OrderManager getOrders 失败时返回空结构" name="services/OrderManager getOrders 失败时返回空结构" time="0.001">
    </testcase>
    <testcase classname="services/OrderManager cancelOrder 成功时触发 STATUS_CHANGED 与 LIST_UPDATED" name="services/OrderManager cancelOrder 成功时触发 STATUS_CHANGED 与 LIST_UPDATED" time="0.002">
    </testcase>
    <testcase classname="services/OrderManager cancelOrder 失败时返回错误码" name="services/OrderManager cancelOrder 失败时返回错误码" time="0.002">
    </testcase>
    <testcase classname="services/OrderManager on / off on 应代理到 eventEmitter" name="services/OrderManager on / off on 应代理到 eventEmitter" time="0.001">
    </testcase>
    <testcase classname="services/OrderManager on / off off 应解除注册" name="services/OrderManager on / off off 应解除注册" time="0">
    </testcase>
  </testsuite>
  <testsuite name="Sprint 24: paymentService/refund TypeScript 迁移" errors="0" failures="0" skipped="0" timestamp="2026-06-06T05:37:38" time="0.241" tests="39">
    <testcase classname="Sprint 24: paymentService/refund TypeScript 迁移 1. 文件存在性 refund.ts 源文件应存在" name="Sprint 24: paymentService/refund TypeScript 迁移 1. 文件存在性 refund.ts 源文件应存在" time="0.001">
    </testcase>
    <testcase classname="Sprint 24: paymentService/refund TypeScript 迁移 1. 文件存在性 refund.d.ts 类型声明应存在" name="Sprint 24: paymentService/refund TypeScript 迁移 1. 文件存在性 refund.d.ts 类型声明应存在" time="0">
    </testcase>
    <testcase classname="Sprint 24: paymentService/refund TypeScript 迁移 1. 文件存在性 refund.js 编译产物应存在" name="Sprint 24: paymentService/refund TypeScript 迁移 1. 文件存在性 refund.js 编译产物应存在" time="0">
    </testcase>
    <testcase classname="Sprint 24: paymentService/refund TypeScript 迁移 1. 文件存在性 tsconfig.paymentService.json 应存在" name="Sprint 24: paymentService/refund TypeScript 迁移 1. 文件存在性 tsconfig.paymentService.json 应存在" time="0.001">
    </testcase>
    <testcase classname="Sprint 24: paymentService/refund TypeScript 迁移 2. tsconfig.paymentService.json 配置 strict 模式开启" name="Sprint 24: paymentService/refund TypeScript 迁移 2. tsconfig.paymentService.json 配置 strict 模式开启" time="0">
    </testcase>
    <testcase classname="Sprint 24: paymentService/refund TypeScript 迁移 2. tsconfig.paymentService.json 配置 noImplicitAny 开启" name="Sprint 24: paymentService/refund TypeScript 迁移 2. tsconfig.paymentService.json 配置 noImplicitAny 开启" time="0">
    </testcase>
    <testcase classname="Sprint 24: paymentService/refund TypeScript 迁移 2. tsconfig.paymentService.json 配置 strictNullChecks 开启" name="Sprint 24: paymentService/refund TypeScript 迁移 2. tsconfig.paymentService.json 配置 strictNullChecks 开启" time="0.001">
    </testcase>
    <testcase classname="Sprint 24: paymentService/refund TypeScript 迁移 2. tsconfig.paymentService.json 配置 declaration 开启（生成 .d.ts）" name="Sprint 24: paymentService/refund TypeScript 迁移 2. tsconfig.paymentService.json 配置 declaration 开启（生成 .d.ts）" time="0.001">
    </testcase>
    <testcase classname="Sprint 24: paymentService/refund TypeScript 迁移 2. tsconfig.paymentService.json 配置 include 包含 refund.ts" name="Sprint 24: paymentService/refund TypeScript 迁移 2. tsconfig.paymentService.json 配置 include 包含 refund.ts" time="0">
    </testcase>
    <testcase classname="Sprint 24: paymentService/refund TypeScript 迁移 2. tsconfig.paymentService.json 配置 rootDir 指向 cloudfunctions（与 build-common 对齐）" name="Sprint 24: paymentService/refund TypeScript 迁移 2. tsconfig.paymentService.json 配置 rootDir 指向 cloudfunctions（与 build-common 对齐）" time="0">
    </testcase>
    <testcase classname="Sprint 24: paymentService/refund TypeScript 迁移 2. tsconfig.paymentService.json 配置 outDir 指向 cloudfunctions（保持目录结构）" name="Sprint 24: paymentService/refund TypeScript 迁移 2. tsconfig.paymentService.json 配置 outDir 指向 cloudfunctions（保持目录结构）" time="0">
    </testcase>
    <testcase classname="Sprint 24: paymentService/refund TypeScript 迁移 3. refund.ts 源文件内容 注释中标注 &quot;Sprint 24 迁移&quot;" name="Sprint 24: paymentService/refund TypeScript 迁移 3. refund.ts 源文件内容 注释中标注 &quot;Sprint 24 迁移&quot;" time="0.001">
    </testcase>
    <testcase classname="Sprint 24: paymentService/refund TypeScript 迁移 3. refund.ts 源文件内容 使用 withErrorHandling 包装 handler" name="Sprint 24: paymentService/refund TypeScript 迁移 3. refund.ts 源文件内容 使用 withErrorHandling 包装 handler" time="0">
    </testcase>
    <testcase classname="Sprint 24: paymentService/refund TypeScript 迁移 3. refund.ts 源文件内容 使用 WrappedHandler 强类型" name="Sprint 24: paymentService/refund TypeScript 迁移 3. refund.ts 源文件内容 使用 WrappedHandler 强类型" time="0.001">
    </testcase>
    <testcase classname="Sprint 24: paymentService/refund TypeScript 迁移 3. refund.ts 源文件内容 从 common/errors 导入 err / isBusinessError" name="Sprint 24: paymentService/refund TypeScript 迁移 3. refund.ts 源文件内容 从 common/errors 导入 err / isBusinessError" time="0.006">
    </testcase>
    <testcase classname="Sprint 24: paymentService/refund TypeScript 迁移 3. refund.ts 源文件内容 从 common/risk-control 导入 detectRefundAbuse / mapActionToErrorCode" name="Sprint 24: paymentService/refund TypeScript 迁移 3. refund.ts 源文件内容 从 common/risk-control 导入 detectRefundAbuse / mapActionToErrorCode" time="0.001">
    </testcase>
    <testcase classname="Sprint 24: paymentService/refund TypeScript 迁移 3. refund.ts 源文件内容 从 common/risk-rate-limit 导入 withRateLimit" name="Sprint 24: paymentService/refund TypeScript 迁移 3. refund.ts 源文件内容 从 common/risk-rate-limit 导入 withRateLimit" time="0">
    </testcase>
    <testcase classname="Sprint 24: paymentService/refund TypeScript 迁移 3. refund.ts 源文件内容 引用 CloudBaseDB 类型" name="Sprint 24: paymentService/refund TypeScript 迁移 3. refund.ts 源文件内容 引用 CloudBaseDB 类型" time="0">
    </testcase>
    <testcase classname="Sprint 24: paymentService/refund TypeScript 迁移 3. refund.ts 源文件内容 定义 CreateRefundResult / QueryRefundEvent / WechatRefundResponse 接口" name="Sprint 24: paymentService/refund TypeScript 迁移 3. refund.ts 源文件内容 定义 CreateRefundResult / QueryRefundEvent / WechatRefundResponse 接口" time="0.001">
    </testcase>
    <testcase classname="Sprint 24: paymentService/refund TypeScript 迁移 3. refund.ts 源文件内容 导出 createRefund / queryRefund" name="Sprint 24: paymentService/refund TypeScript 迁移 3. refund.ts 源文件内容 导出 createRefund / queryRefund" time="0">
    </testcase>
    <testcase classname="Sprint 24: paymentService/refund TypeScript 迁移 3. refund.ts 源文件内容 已迁移到 withErrorHandling 模式（不再调用 handleSuccess）" name="Sprint 24: paymentService/refund TypeScript 迁移 3. refund.ts 源文件内容 已迁移到 withErrorHandling 模式（不再调用 handleSuccess）" time="0">
    </testcase>
    <testcase classname="Sprint 24: paymentService/refund TypeScript 迁移 4. refund.d.ts 类型签名 createRefund 强类型为 WrappedHandler&lt;CreateRefundResult&gt;" name="Sprint 24: paymentService/refund TypeScript 迁移 4. refund.d.ts 类型签名 createRefund 强类型为 WrappedHandler&lt;CreateRefundResult&gt;" time="0">
    </testcase>
    <testcase classname="Sprint 24: paymentService/refund TypeScript 迁移 4. refund.d.ts 类型签名 queryRefund 强类型为 WrappedHandler&lt;WechatRefundResponse&gt;" name="Sprint 24: paymentService/refund TypeScript 迁移 4. refund.d.ts 类型签名 queryRefund 强类型为 WrappedHandler&lt;WechatRefundResponse&gt;" time="0">
    </testcase>
    <testcase classname="Sprint 24: paymentService/refund TypeScript 迁移 4. refund.d.ts 类型签名 d.ts 不使用 any（顶层声明）" name="Sprint 24: paymentService/refund TypeScript 迁移 4. refund.d.ts 类型签名 d.ts 不使用 any（顶层声明）" time="0">
    </testcase>
    <testcase classname="Sprint 24: paymentService/refund TypeScript 迁移 4. refund.d.ts 类型签名 d.ts 包含默认导出" name="Sprint 24: paymentService/refund TypeScript 迁移 4. refund.d.ts 类型签名 d.ts 包含默认导出" time="0">
    </testcase>
    <testcase classname="Sprint 24: paymentService/refund TypeScript 迁移 5. refund.js 编译产物 顶部包含 eslint-disable 标记（tsc 产物）" name="Sprint 24: paymentService/refund TypeScript 迁移 5. refund.js 编译产物 顶部包含 eslint-disable 标记（tsc 产物）" time="0">
    </testcase>
    <testcase classname="Sprint 24: paymentService/refund TypeScript 迁移 5. refund.js 编译产物 require 路径全部可在 cloudfunctions 下解析" name="Sprint 24: paymentService/refund TypeScript 迁移 5. refund.js 编译产物 require 路径全部可在 cloudfunctions 下解析" time="0">
    </testcase>
    <testcase classname="Sprint 24: paymentService/refund TypeScript 迁移 5. refund.js 编译产物 导出 createRefund / queryRefund" name="Sprint 24: paymentService/refund TypeScript 迁移 5. refund.js 编译产物 导出 createRefund / queryRefund" time="0">
    </testcase>
    <testcase classname="Sprint 24: paymentService/refund TypeScript 迁移 5. refund.js 编译产物 使用 Object.defineProperty(exports, ...) 暴露命名导出" name="Sprint 24: paymentService/refund TypeScript 迁移 5. refund.js 编译产物 使用 Object.defineProperty(exports, ...) 暴露命名导出" time="0">
    </testcase>
    <testcase classname="Sprint 24: paymentService/refund TypeScript 迁移 6. paymentService/index.js 集成 require ./services/refund（消费 .js 编译产物）" name="Sprint 24: paymentService/refund TypeScript 迁移 6. paymentService/index.js 集成 require ./services/refund（消费 .js 编译产物）" time="0.004">
    </testcase>
    <testcase classname="Sprint 24: paymentService/refund TypeScript 迁移 6. paymentService/index.js 集成 展开 refundHandlers" name="Sprint 24: paymentService/refund TypeScript 迁移 6. paymentService/index.js 集成 展开 refundHandlers" time="0">
    </testcase>
    <testcase classname="Sprint 24: paymentService/refund TypeScript 迁移 7. package.json 脚本注册 注册 build:payment-service" name="Sprint 24: paymentService/refund TypeScript 迁移 7. package.json 脚本注册 注册 build:payment-service" time="0.001">
    </testcase>
    <testcase classname="Sprint 24: paymentService/refund TypeScript 迁移 7. package.json 脚本注册 注册 typecheck:paymentService" name="Sprint 24: paymentService/refund TypeScript 迁移 7. package.json 脚本注册 注册 typecheck:paymentService" time="0">
    </testcase>
    <testcase classname="Sprint 24: paymentService/refund TypeScript 迁移 7. package.json 脚本注册 注册 audit:s24-payment-service-ts" name="Sprint 24: paymentService/refund TypeScript 迁移 7. package.json 脚本注册 注册 audit:s24-payment-service-ts" time="0">
    </testcase>
    <testcase classname="Sprint 24: paymentService/refund TypeScript 迁移 7. package.json 脚本注册 build:all 包含 build:payment-service" name="Sprint 24: paymentService/refund TypeScript 迁移 7. package.json 脚本注册 build:all 包含 build:payment-service" time="0">
    </testcase>
    <testcase classname="Sprint 24: paymentService/refund TypeScript 迁移 7. package.json 脚本注册 ci:check 包含 audit:s24-payment-service-ts:strict" name="Sprint 24: paymentService/refund TypeScript 迁移 7. package.json 脚本注册 ci:check 包含 audit:s24-payment-service-ts:strict" time="0.001">
    </testcase>
    <testcase classname="Sprint 24: paymentService/refund TypeScript 迁移 8. scripts/build-payment-service.js 存在 build-payment-service.js 脚本应存在" name="Sprint 24: paymentService/refund TypeScript 迁移 8. scripts/build-payment-service.js 存在 build-payment-service.js 脚本应存在" time="0">
    </testcase>
    <testcase classname="Sprint 24: paymentService/refund TypeScript 迁移 8. scripts/build-payment-service.js 存在 脚本包含 refund.js 作为构建目标" name="Sprint 24: paymentService/refund TypeScript 迁移 8. scripts/build-payment-service.js 存在 脚本包含 refund.js 作为构建目标" time="0.005">
    </testcase>
    <testcase classname="Sprint 24: paymentService/refund TypeScript 迁移 9. 类型一致性快照 .ts 与 .js 的命名导出集合应一致" name="Sprint 24: paymentService/refund TypeScript 迁移 9. 类型一致性快照 .ts 与 .js 的命名导出集合应一致" time="0.001">
    </testcase>
  </testsuite>
  <testsuite name="Sprint 15: 退款风控子链路" errors="0" failures="0" skipped="0" timestamp="2026-06-06T05:37:38" time="0.324" tests="24">
    <testcase classname="Sprint 15: 退款风控子链路 单项检测（unit-like） detectRefundHighFrequency 5 笔 24h → high" name="Sprint 15: 退款风控子链路 单项检测（unit-like） detectRefundHighFrequency 5 笔 24h → high" time="0.004">
    </testcase>
    <testcase classname="Sprint 15: 退款风控子链路 单项检测（unit-like） detectRefundHighFrequency 3 笔 24h → medium" name="Sprint 15: 退款风控子链路 单项检测（unit-like） detectRefundHighFrequency 3 笔 24h → medium" time="0.003">
    </testcase>
    <testcase classname="Sprint 15: 退款风控子链路 单项检测（unit-like） detectRefundHighFrequency 2 笔 → low" name="Sprint 15: 退款风控子链路 单项检测（unit-like） detectRefundHighFrequency 2 笔 → low" time="0.002">
    </testcase>
    <testcase classname="Sprint 15: 退款风控子链路 单项检测（unit-like） detectRefundRate 8/10 30 天 → high" name="Sprint 15: 退款风控子链路 单项检测（unit-like） detectRefundRate 8/10 30 天 → high" time="0.002">
    </testcase>
    <testcase classname="Sprint 15: 退款风控子链路 单项检测（unit-like） detectRefundRate 5/10 → medium (50%)" name="Sprint 15: 退款风控子链路 单项检测（unit-like） detectRefundRate 5/10 → medium (50%)" time="0.073">
    </testcase>
    <testcase classname="Sprint 15: 退款风控子链路 单项检测（unit-like） detectRefundRate 样本不足（1/2）→ low" name="Sprint 15: 退款风控子链路 单项检测（unit-like） detectRefundRate 样本不足（1/2）→ low" time="0.001">
    </testcase>
    <testcase classname="Sprint 15: 退款风控子链路 单项检测（unit-like） detectFullRefund 100% → high（无历史全退样本时降级为 medium）" name="Sprint 15: 退款风控子链路 单项检测（unit-like） detectFullRefund 100% → high（无历史全退样本时降级为 medium）" time="0.003">
    </testcase>
    <testcase classname="Sprint 15: 退款风控子链路 单项检测（unit-like） detectFullRefund 95% → medium" name="Sprint 15: 退款风控子链路 单项检测（unit-like） detectFullRefund 95% → medium" time="0.001">
    </testcase>
    <testcase classname="Sprint 15: 退款风控子链路 单项检测（unit-like） detectSameAmountPattern 5 笔 1h → high" name="Sprint 15: 退款风控子链路 单项检测（unit-like） detectSameAmountPattern 5 笔 1h → high" time="0.001">
    </testcase>
    <testcase classname="Sprint 15: 退款风控子链路 单项检测（unit-like） detectSameAmountPattern 3 笔 1h → medium" name="Sprint 15: 退款风控子链路 单项检测（unit-like） detectSameAmountPattern 3 笔 1h → medium" time="0.001">
    </testcase>
    <testcase classname="Sprint 15: 退款风控子链路 单项检测（unit-like） detectSameAmountPattern 零金额不触发" name="Sprint 15: 退款风控子链路 单项检测（unit-like） detectSameAmountPattern 零金额不触发" time="0">
    </testcase>
    <testcase classname="Sprint 15: 退款风控子链路 主入口 detectRefundAbuse（集成） 空 db：低风险 → allow" name="Sprint 15: 退款风控子链路 主入口 detectRefundAbuse（集成） 空 db：低风险 → allow" time="0">
    </testcase>
    <testcase classname="Sprint 15: 退款风控子链路 主入口 detectRefundAbuse（集成） 高频 5 笔 24h → reject" name="Sprint 15: 退款风控子链路 主入口 detectRefundAbuse（集成） 高频 5 笔 24h → reject" time="0.001">
    </testcase>
    <testcase classname="Sprint 15: 退款风控子链路 主入口 detectRefundAbuse（集成） 复合：高频 medium + 同金额 medium → review（取 max）" name="Sprint 15: 退款风控子链路 主入口 detectRefundAbuse（集成） 复合：高频 medium + 同金额 medium → review（取 max）" time="0.002">
    </testcase>
    <testcase classname="Sprint 15: 退款风控子链路 主入口 detectRefundAbuse（集成） 全额退款（无历史全退样本）→ review（首次全退降级）" name="Sprint 15: 退款风控子链路 主入口 detectRefundAbuse（集成） 全额退款（无历史全退样本）→ review（首次全退降级）" time="0">
    </testcase>
    <testcase classname="Sprint 15: 退款风控子链路 主入口 detectRefundAbuse（集成） 全额退款（已有 1 次全退）→ reject（保留 high）" name="Sprint 15: 退款风控子链路 主入口 detectRefundAbuse（集成） 全额退款（已有 1 次全退）→ reject（保留 high）" time="0.001">
    </testcase>
    <testcase classname="Sprint 15: 退款风控子链路 主入口 detectRefundAbuse（集成） 退款率过高 → reject" name="Sprint 15: 退款风控子链路 主入口 detectRefundAbuse（集成） 退款率过高 → reject" time="0.014">
    </testcase>
    <testcase classname="Sprint 15: 退款风控子链路 主入口 detectRefundAbuse（集成） details 含各子项结果" name="Sprint 15: 退款风控子链路 主入口 detectRefundAbuse（集成） details 含各子项结果" time="0.009">
    </testcase>
    <testcase classname="Sprint 15: 退款风控子链路 业务集成 assertRiskDecision allow → 返回 RISK_PASS" name="Sprint 15: 退款风控子链路 业务集成 assertRiskDecision allow → 返回 RISK_PASS" time="0.006">
    </testcase>
    <testcase classname="Sprint 15: 退款风控子链路 业务集成 assertRiskDecision review → 抛 RISK_PENDING" name="Sprint 15: 退款风控子链路 业务集成 assertRiskDecision review → 抛 RISK_PENDING" time="0.001">
    </testcase>
    <testcase classname="Sprint 15: 退款风控子链路 业务集成 assertRiskDecision reject → 抛 RISK_REJECT" name="Sprint 15: 退款风控子链路 业务集成 assertRiskDecision reject → 抛 RISK_REJECT" time="0.046">
    </testcase>
    <testcase classname="Sprint 15: 退款风控子链路 mapActionToErrorCode mapActionToErrorCode(&apos;reject&apos;) === &apos;RISK_REJECT&apos;" name="Sprint 15: 退款风控子链路 mapActionToErrorCode mapActionToErrorCode(&apos;reject&apos;) === &apos;RISK_REJECT&apos;" time="0.03">
    </testcase>
    <testcase classname="Sprint 15: 退款风控子链路 mapActionToErrorCode mapActionToErrorCode(&apos;review&apos;) === &apos;RISK_PENDING&apos;" name="Sprint 15: 退款风控子链路 mapActionToErrorCode mapActionToErrorCode(&apos;review&apos;) === &apos;RISK_PENDING&apos;" time="0.001">
    </testcase>
    <testcase classname="Sprint 15: 退款风控子链路 mapActionToErrorCode mapActionToErrorCode(&apos;allow&apos;) === &apos;RISK_PASS&apos;" name="Sprint 15: 退款风控子链路 mapActionToErrorCode mapActionToErrorCode(&apos;allow&apos;) === &apos;RISK_PASS&apos;" time="0.002">
    </testcase>
  </testsuite>
  <testsuite name="errors.js" errors="0" failures="0" skipped="0" timestamp="2026-06-06T05:37:38" time="0.3" tests="25">
    <testcase classname="errors.js BusinessError 应正确携带 code / message / details / httpStatus" name="errors.js BusinessError 应正确携带 code / message / details / httpStatus" time="0.005">
    </testcase>
    <testcase classname="errors.js BusinessError httpStatus 默认 200" name="errors.js BusinessError httpStatus 默认 200" time="0">
    </testcase>
    <testcase classname="errors.js BusinessError toResponse 应返回标准响应结构" name="errors.js BusinessError toResponse 应返回标准响应结构" time="0.002">
    </testcase>
    <testcase classname="errors.js BusinessError severity 应根据 code 前缀推断" name="errors.js BusinessError severity 应根据 code 前缀推断" time="0.001">
    </testcase>
    <testcase classname="errors.js BusinessErrors 注册表 应包含关键错误码" name="errors.js BusinessErrors 注册表 应包含关键错误码" time="0.006">
    </testcase>
    <testcase classname="errors.js BusinessErrors 注册表 所有 httpStatus 应为合法 HTTP 状态码" name="errors.js BusinessErrors 注册表 所有 httpStatus 应为合法 HTTP 状态码" time="0.183">
    </testcase>
    <testcase classname="errors.js err() 工厂 已知错误码应使用注册表元数据" name="errors.js err() 工厂 已知错误码应使用注册表元数据" time="0.002">
    </testcase>
    <testcase classname="errors.js err() 工厂 应支持自定义 message 覆盖" name="errors.js err() 工厂 应支持自定义 message 覆盖" time="0.001">
    </testcase>
    <testcase classname="errors.js err() 工厂 应支持 details 透传" name="errors.js err() 工厂 应支持 details 透传" time="0.001">
    </testcase>
    <testcase classname="errors.js err() 工厂 未知错误码应降级为 INTERNAL_ERROR 但保留原 code" name="errors.js err() 工厂 未知错误码应降级为 INTERNAL_ERROR 但保留原 code" time="0.002">
    </testcase>
    <testcase classname="errors.js isBusinessError 应识别 BusinessError" name="errors.js isBusinessError 应识别 BusinessError" time="0.001">
    </testcase>
    <testcase classname="errors.js isBusinessError 应拒绝非 BusinessError" name="errors.js isBusinessError 应拒绝非 BusinessError" time="0">
    </testcase>
    <testcase classname="errors.js wrapUnknown BusinessError 应原样返回" name="errors.js wrapUnknown BusinessError 应原样返回" time="0.001">
    </testcase>
    <testcase classname="errors.js wrapUnknown 普通 Error 应包装为 INTERNAL_ERROR" name="errors.js wrapUnknown 普通 Error 应包装为 INTERNAL_ERROR" time="0.006">
    </testcase>
    <testcase classname="errors.js toResponse BusinessError 应序列化为带 type/details 的响应" name="errors.js toResponse BusinessError 应序列化为带 type/details 的响应" time="0.002">
    </testcase>
    <testcase classname="errors.js toResponse AUTH 类错误应映射到 ERROR_CODES.AUTH" name="errors.js toResponse AUTH 类错误应映射到 ERROR_CODES.AUTH" time="0">
    </testcase>
    <testcase classname="errors.js toResponse VALIDATION 类错误应映射到 ERROR_CODES.VALIDATION" name="errors.js toResponse VALIDATION 类错误应映射到 ERROR_CODES.VALIDATION" time="0">
    </testcase>
    <testcase classname="errors.js toResponse PERMISSION 类错误应映射到 ERROR_CODES.PERMISSION" name="errors.js toResponse PERMISSION 类错误应映射到 ERROR_CODES.PERMISSION" time="0">
    </testcase>
    <testcase classname="errors.js toResponse SERVER 类错误应映射到 ERROR_CODES.SERVER" name="errors.js toResponse SERVER 类错误应映射到 ERROR_CODES.SERVER" time="0">
    </testcase>
    <testcase classname="errors.js toResponse 普通 Error 应降级走 handleError 兼容路径" name="errors.js toResponse 普通 Error 应降级走 handleError 兼容路径" time="0">
    </testcase>
    <testcase classname="errors.js withErrorHandling 正常返回值应原样透传" name="errors.js withErrorHandling 正常返回值应原样透传" time="0">
    </testcase>
    <testcase classname="errors.js withErrorHandling handler 抛 BusinessError 应序列化为标准响应" name="errors.js withErrorHandling handler 抛 BusinessError 应序列化为标准响应" time="0">
    </testcase>
    <testcase classname="errors.js withErrorHandling handler 抛普通 Error 应被 wrapUnknown 后序列化" name="errors.js withErrorHandling handler 抛普通 Error 应被 wrapUnknown 后序列化" time="0">
    </testcase>
    <testcase classname="errors.js withErrorHandling handler 抛非 Error 对象也应被兜底" name="errors.js withErrorHandling handler 抛非 Error 对象也应被兜底" time="0">
    </testcase>
    <testcase classname="errors.js withErrorHandling event / context / auth 应正确透传给 handler" name="errors.js withErrorHandling event / context / auth 应正确透传给 handler" time="0">
    </testcase>
  </testsuite>
  <testsuite name="已废弃测试（迁移至 test/common-utils.test.js）" errors="0" failures="0" skipped="1" timestamp="2026-06-06T05:37:38" time="0.031" tests="1">
    <testcase classname="已废弃测试（迁移至 test/common-utils.test.js） 占位：原 CentralIdentityManager 集成测试已迁移" name="已废弃测试（迁移至 test/common-utils.test.js） 占位：原 CentralIdentityManager 集成测试已迁移" time="0">
      <skipped/>
    </testcase>
  </testsuite>
  <testsuite name="orderService/orders" errors="0" failures="0" skipped="0" timestamp="2026-06-06T05:37:38" time="0.233" tests="10">
    <testcase classname="orderService/orders calculatePrice 基础计算：100元/天 × 3天 × 1只 = 300元" name="orderService/orders calculatePrice 基础计算：100元/天 × 3天 × 1只 = 300元" time="0.002">
    </testcase>
    <testcase classname="orderService/orders calculatePrice 多只宠物：100元/天 × 2天 × 3只 = 600元" name="orderService/orders calculatePrice 多只宠物：100元/天 × 2天 × 3只 = 600元" time="0">
    </testcase>
    <testcase classname="orderService/orders calculatePrice 缺 hostId 应抛 BusinessError" name="orderService/orders calculatePrice 缺 hostId 应抛 BusinessError" time="0.001">
    </testcase>
    <testcase classname="orderService/orders calculatePrice 不存在的 hostId 应抛 NOT_FOUND" name="orderService/orders calculatePrice 不存在的 hostId 应抛 NOT_FOUND" time="0">
    </testcase>
    <testcase classname="orderService/orders checkDateAvailability 无冲突日期返回 available=true" name="orderService/orders checkDateAvailability 无冲突日期返回 available=true" time="0">
    </testcase>
    <testcase classname="orderService/orders checkDateAvailability 完全重叠的订单返回 available=false" name="orderService/orders checkDateAvailability 完全重叠的订单返回 available=false" time="0">
    </testcase>
    <testcase classname="orderService/orders checkDateAvailability 部分重叠的订单返回 available=false" name="orderService/orders checkDateAvailability 部分重叠的订单返回 available=false" time="0">
    </testcase>
    <testcase classname="orderService/orders checkDateAvailability 连续但不重叠的订单返回 available=true" name="orderService/orders checkDateAvailability 连续但不重叠的订单返回 available=true" time="0.001">
    </testcase>
    <testcase classname="orderService/orders checkDateAvailability 缺日期参数应返回 available=false" name="orderService/orders checkDateAvailability 缺日期参数应返回 available=false" time="0">
    </testcase>
    <testcase classname="orderService/orders checkDateAvailability 已完成（completed）的订单不阻塞" name="orderService/orders checkDateAvailability 已完成（completed）的订单不阻塞" time="0.001">
    </testcase>
  </testsuite>
  <testsuite name="common/logger" errors="0" failures="0" skipped="0" timestamp="2026-06-06T05:37:38" time="0.224" tests="14">
    <testcase classname="common/logger logger.info 应输出到 console.log 并带时间戳前缀" name="common/logger logger.info 应输出到 console.log 并带时间戳前缀" time="0.001">
    </testcase>
    <testcase classname="common/logger logger.debug DEBUG 级别开启时应输出" name="common/logger logger.debug DEBUG 级别开启时应输出" time="0.002">
    </testcase>
    <testcase classname="common/logger logger.debug 提升到 INFO 级别后 DEBUG 不应输出" name="common/logger logger.debug 提升到 INFO 级别后 DEBUG 不应输出" time="0.009">
    </testcase>
    <testcase classname="common/logger logger.warn 应输出到 console.warn" name="common/logger logger.warn 应输出到 console.warn" time="0.001">
    </testcase>
    <testcase classname="common/logger logger.error 应输出 message / name / stack" name="common/logger logger.error 应输出 message / name / stack" time="0.116">
    </testcase>
    <testcase classname="common/logger logger.errorWithContext 应附加 context 字段" name="common/logger logger.errorWithContext 应附加 context 字段" time="0">
    </testcase>
    <testcase classname="common/logger logger.performance 应输出 duration 字段" name="common/logger logger.performance 应输出 duration 字段" time="0">
    </testcase>
    <testcase classname="common/logger logger.database 应输出 collection / operation / result" name="common/logger logger.database 应输出 collection / operation / result" time="0.014">
    </testcase>
    <testcase classname="common/logger createLogger 应返回绑定了 serviceName 的 logger" name="common/logger createLogger 应返回绑定了 serviceName 的 logger" time="0.004">
    </testcase>
    <testcase classname="common/logger createLogger 应支持所有方法" name="common/logger createLogger 应支持所有方法" time="0.001">
    </testcase>
    <testcase classname="common/logger setLogLevel / getLogLevel setLogLevel 应改变 getLogLevel 返回值" name="common/logger setLogLevel / getLogLevel setLogLevel 应改变 getLogLevel 返回值" time="0">
    </testcase>
    <testcase classname="common/logger setLogLevel / getLogLevel WARN 级别时 INFO 不应输出" name="common/logger setLogLevel / getLogLevel WARN 级别时 INFO 不应输出" time="0.001">
    </testcase>
    <testcase classname="common/logger setLogLevel / getLogLevel ERROR 级别时 WARN 不应输出" name="common/logger setLogLevel / getLogLevel ERROR 级别时 WARN 不应输出" time="0">
    </testcase>
    <testcase classname="common/logger LOG_LEVELS 常量 应包含 4 个标准级别" name="common/logger LOG_LEVELS 常量 应包含 4 个标准级别" time="0">
    </testcase>
  </testsuite>
  <testsuite name="Sprint 18: 业务代码 isBusinessError 迁移" errors="0" failures="0" skipped="0" timestamp="2026-06-06T05:37:38" time="0.093" tests="14">
    <testcase classname="Sprint 18: 业务代码 isBusinessError 迁移 静态检查 - 源码含 isBusinessError 调用 refund.ts 应导入并使用 isBusinessError" name="Sprint 18: 业务代码 isBusinessError 迁移 静态检查 - 源码含 isBusinessError 调用 refund.ts 应导入并使用 isBusinessError" time="0">
    </testcase>
    <testcase classname="Sprint 18: 业务代码 isBusinessError 迁移 静态检查 - 源码含 isBusinessError 调用 refund.js 编译产物应保留 isBusinessError 引用" name="Sprint 18: 业务代码 isBusinessError 迁移 静态检查 - 源码含 isBusinessError 调用 refund.js 编译产物应保留 isBusinessError 引用" time="0.001">
    </testcase>
    <testcase classname="Sprint 18: 业务代码 isBusinessError 迁移 静态检查 - 源码含 isBusinessError 调用 orders.js 应导入并使用 isBusinessError" name="Sprint 18: 业务代码 isBusinessError 迁移 静态检查 - 源码含 isBusinessError 调用 orders.js 应导入并使用 isBusinessError" time="0">
    </testcase>
    <testcase classname="Sprint 18: 业务代码 isBusinessError 迁移 静态检查 - 源码含 isBusinessError 调用 refund.js 不应残留裸 e.code === &quot;X&quot; 字符串判断" name="Sprint 18: 业务代码 isBusinessError 迁移 静态检查 - 源码含 isBusinessError 调用 refund.js 不应残留裸 e.code === &quot;X&quot; 字符串判断" time="0.001">
    </testcase>
    <testcase classname="Sprint 18: 业务代码 isBusinessError 迁移 静态检查 - 源码含 isBusinessError 调用 orders.js 不应残留裸 e.code === &quot;X&quot; 字符串判断" name="Sprint 18: 业务代码 isBusinessError 迁移 静态检查 - 源码含 isBusinessError 调用 orders.js 不应残留裸 e.code === &quot;X&quot; 字符串判断" time="0">
    </testcase>
    <testcase classname="Sprint 18: 业务代码 isBusinessError 迁移 行为验证 - 业务代码使用 isBusinessError 后的语义 isBusinessError 正确识别 RATE_LIMITED" name="Sprint 18: 业务代码 isBusinessError 迁移 行为验证 - 业务代码使用 isBusinessError 后的语义 isBusinessError 正确识别 RATE_LIMITED" time="0">
    </testcase>
    <testcase classname="Sprint 18: 业务代码 isBusinessError 迁移 行为验证 - 业务代码使用 isBusinessError 后的语义 isBusinessError 正确识别 RISK_REJECT" name="Sprint 18: 业务代码 isBusinessError 迁移 行为验证 - 业务代码使用 isBusinessError 后的语义 isBusinessError 正确识别 RISK_REJECT" time="0">
    </testcase>
    <testcase classname="Sprint 18: 业务代码 isBusinessError 迁移 行为验证 - 业务代码使用 isBusinessError 后的语义 isBusinessError 正确识别 DUPLICATE_KEY" name="Sprint 18: 业务代码 isBusinessError 迁移 行为验证 - 业务代码使用 isBusinessError 后的语义 isBusinessError 正确识别 DUPLICATE_KEY" time="0">
    </testcase>
    <testcase classname="Sprint 18: 业务代码 isBusinessError 迁移 行为验证 - 业务代码使用 isBusinessError 后的语义 普通 Error 不被误判为 BusinessError" name="Sprint 18: 业务代码 isBusinessError 迁移 行为验证 - 业务代码使用 isBusinessError 后的语义 普通 Error 不被误判为 BusinessError" time="0">
    </testcase>
    <testcase classname="Sprint 18: 业务代码 isBusinessError 迁移 行为验证 - 业务代码使用 isBusinessError 后的语义 mockdb add 抛 BusinessError DUPLICATE_KEY 时，isBusinessError 守卫命中" name="Sprint 18: 业务代码 isBusinessError 迁移 行为验证 - 业务代码使用 isBusinessError 后的语义 mockdb add 抛 BusinessError DUPLICATE_KEY 时，isBusinessError 守卫命中" time="0">
    </testcase>
    <testcase classname="Sprint 18: 业务代码 isBusinessError 迁移 行为验证 - 业务代码使用 isBusinessError 后的语义 withRateLimit 抛 RATE_LIMITED 时，isBusinessError 守卫透传" name="Sprint 18: 业务代码 isBusinessError 迁移 行为验证 - 业务代码使用 isBusinessError 后的语义 withRateLimit 抛 RATE_LIMITED 时，isBusinessError 守卫透传" time="0">
    </testcase>
    <testcase classname="Sprint 18: 业务代码 isBusinessError 迁移 回归验证 - RATE_LIMITED / RISK_REJECT 透传链 RATE_LIMITED 透传到 toResponse 仍保持 code 标识" name="Sprint 18: 业务代码 isBusinessError 迁移 回归验证 - RATE_LIMITED / RISK_REJECT 透传链 RATE_LIMITED 透传到 toResponse 仍保持 code 标识" time="0">
    </testcase>
    <testcase classname="Sprint 18: 业务代码 isBusinessError 迁移 回归验证 - RATE_LIMITED / RISK_REJECT 透传链 RISK_REJECT 透传到 toResponse 仍保持 code 标识" name="Sprint 18: 业务代码 isBusinessError 迁移 回归验证 - RATE_LIMITED / RISK_REJECT 透传链 RISK_REJECT 透传到 toResponse 仍保持 code 标识" time="0.001">
    </testcase>
    <testcase classname="Sprint 18: 业务代码 isBusinessError 迁移 回归验证 - RATE_LIMITED / RISK_REJECT 透传链 isBusinessError 对 isBusinessError(e) 短路求值 - 普通 Error 不会触发 throw" name="Sprint 18: 业务代码 isBusinessError 迁移 回归验证 - RATE_LIMITED / RISK_REJECT 透传链 isBusinessError 对 isBusinessError(e) 短路求值 - 普通 Error 不会触发 throw" time="0">
    </testcase>
  </testsuite>
  <testsuite name="Sprint 16+: auth-middleware.ts 迁移" errors="0" failures="0" skipped="0" timestamp="2026-06-06T05:37:38" time="0.153" tests="19">
    <testcase classname="Sprint 16+: auth-middleware.ts 迁移 源文件 / 编译产物 auth-middleware.ts 源文件存在" name="Sprint 16+: auth-middleware.ts 迁移 源文件 / 编译产物 auth-middleware.ts 源文件存在" time="0.001">
    </testcase>
    <testcase classname="Sprint 16+: auth-middleware.ts 迁移 源文件 / 编译产物 auth-middleware.js 编译产物存在" name="Sprint 16+: auth-middleware.ts 迁移 源文件 / 编译产物 auth-middleware.js 编译产物存在" time="0">
    </testcase>
    <testcase classname="Sprint 16+: auth-middleware.ts 迁移 源文件 / 编译产物 auth-middleware.d.ts 类型声明存在" name="Sprint 16+: auth-middleware.ts 迁移 源文件 / 编译产物 auth-middleware.d.ts 类型声明存在" time="0">
    </testcase>
    <testcase classname="Sprint 16+: auth-middleware.ts 迁移 源文件 / 编译产物 产物导出 verifyAuth" name="Sprint 16+: auth-middleware.ts 迁移 源文件 / 编译产物 产物导出 verifyAuth" time="0.002">
    </testcase>
    <testcase classname="Sprint 16+: auth-middleware.ts 迁移 类型签名（.ts / .d.ts 层面） 导出 VerifyAuthOptions 接口" name="Sprint 16+: auth-middleware.ts 迁移 类型签名（.ts / .d.ts 层面） 导出 VerifyAuthOptions 接口" time="0.001">
    </testcase>
    <testcase classname="Sprint 16+: auth-middleware.ts 迁移 类型签名（.ts / .d.ts 层面） 导出 AuthResult 类型" name="Sprint 16+: auth-middleware.ts 迁移 类型签名（.ts / .d.ts 层面） 导出 AuthResult 类型" time="0">
    </testcase>
    <testcase classname="Sprint 16+: auth-middleware.ts 迁移 类型签名（.ts / .d.ts 层面） 导出 BasicAuthResult 接口" name="Sprint 16+: auth-middleware.ts 迁移 类型签名（.ts / .d.ts 层面） 导出 BasicAuthResult 接口" time="0">
    </testcase>
    <testcase classname="Sprint 16+: auth-middleware.ts 迁移 类型签名（.ts / .d.ts 层面） 导出 PartnerAuthResult 接口" name="Sprint 16+: auth-middleware.ts 迁移 类型签名（.ts / .d.ts 层面） 导出 PartnerAuthResult 接口" time="0">
    </testcase>
    <testcase classname="Sprint 16+: auth-middleware.ts 迁移 类型签名（.ts / .d.ts 层面） permission 字段类型为 string | null" name="Sprint 16+: auth-middleware.ts 迁移 类型签名（.ts / .d.ts 层面） permission 字段类型为 string | null" time="0.001">
    </testcase>
    <testcase classname="Sprint 16+: auth-middleware.ts 迁移 运行时行为（requireLogin） openid 存在 + requireLogin=true（默认）→ 返回 { openid }" name="Sprint 16+: auth-middleware.ts 迁移 运行时行为（requireLogin） openid 存在 + requireLogin=true（默认）→ 返回 { openid }" time="0.001">
    </testcase>
    <testcase classname="Sprint 16+: auth-middleware.ts 迁移 运行时行为（requireLogin） openid 缺失 + requireLogin=true → 抛 AUTH_REQUIRED" name="Sprint 16+: auth-middleware.ts 迁移 运行时行为（requireLogin） openid 缺失 + requireLogin=true → 抛 AUTH_REQUIRED" time="0.002">
    </testcase>
    <testcase classname="Sprint 16+: auth-middleware.ts 迁移 运行时行为（requireLogin） openid 缺失 + requireLogin=false → 返回 { openid: &quot;&quot; }" name="Sprint 16+: auth-middleware.ts 迁移 运行时行为（requireLogin） openid 缺失 + requireLogin=false → 返回 { openid: &quot;&quot; }" time="0">
    </testcase>
    <testcase classname="Sprint 16+: auth-middleware.ts 迁移 运行时行为（permission → 需 partner） admin.status !== active → 抛 PARTNER_REQUIRED" name="Sprint 16+: auth-middleware.ts 迁移 运行时行为（permission → 需 partner） admin.status !== active → 抛 PARTNER_REQUIRED" time="0.001">
    </testcase>
    <testcase classname="Sprint 16+: auth-middleware.ts 迁移 运行时行为（permission → 需 partner） admin.status=active + isPartner=true → 返回 partner 信息" name="Sprint 16+: auth-middleware.ts 迁移 运行时行为（permission → 需 partner） admin.status=active + isPartner=true → 返回 partner 信息" time="0.001">
    </testcase>
    <testcase classname="Sprint 16+: auth-middleware.ts 迁移 运行时行为（permission → 需 partner） admin 缺 isPartner 字段 → 抛 PARTNER_REQUIRED" name="Sprint 16+: auth-middleware.ts 迁移 运行时行为（permission → 需 partner） admin 缺 isPartner 字段 → 抛 PARTNER_REQUIRED" time="0.004">
    </testcase>
    <testcase classname="Sprint 16+: auth-middleware.ts 迁移 运行时行为（permission → 需 partner） admin 缺失（admins 集合无记录）→ 抛 PARTNER_REQUIRED" name="Sprint 16+: auth-middleware.ts 迁移 运行时行为（permission → 需 partner） admin 缺失（admins 集合无记录）→ 抛 PARTNER_REQUIRED" time="0.001">
    </testcase>
    <testcase classname="Sprint 16+: auth-middleware.ts 迁移 运行时行为（permission → 需 partner） isPartner=false → 抛 PARTNER_REQUIRED" name="Sprint 16+: auth-middleware.ts 迁移 运行时行为（permission → 需 partner） isPartner=false → 抛 PARTNER_REQUIRED" time="0.001">
    </testcase>
    <testcase classname="Sprint 16+: auth-middleware.ts 迁移 向后兼容（与原 .js 一致） 默认 requireLogin=true（与原行为一致）" name="Sprint 16+: auth-middleware.ts 迁移 向后兼容（与原 .js 一致） 默认 requireLogin=true（与原行为一致）" time="0">
    </testcase>
    <testcase classname="Sprint 16+: auth-middleware.ts 迁移 向后兼容（与原 .js 一致） admins 集合查询异常 → 视作无 admin 记录（兜底）" name="Sprint 16+: auth-middleware.ts 迁移 向后兼容（与原 .js 一致） admins 集合查询异常 → 视作无 admin 记录（兜底）" time="0.003">
    </testcase>
  </testsuite>
  <testsuite name="Sprint 25: paymentService/pay TypeScript 迁移" errors="0" failures="0" skipped="0" timestamp="2026-06-06T05:37:34" time="5.175" tests="25">
    <testcase classname="Sprint 25: paymentService/pay TypeScript 迁移 1. 文件存在性 pay.ts 源文件应存在" name="Sprint 25: paymentService/pay TypeScript 迁移 1. 文件存在性 pay.ts 源文件应存在" time="0.007">
    </testcase>
    <testcase classname="Sprint 25: paymentService/pay TypeScript 迁移 1. 文件存在性 pay.d.ts 类型声明应存在" name="Sprint 25: paymentService/pay TypeScript 迁移 1. 文件存在性 pay.d.ts 类型声明应存在" time="0.001">
    </testcase>
    <testcase classname="Sprint 25: paymentService/pay TypeScript 迁移 1. 文件存在性 pay.js 编译产物应存在" name="Sprint 25: paymentService/pay TypeScript 迁移 1. 文件存在性 pay.js 编译产物应存在" time="0">
    </testcase>
    <testcase classname="Sprint 25: paymentService/pay TypeScript 迁移 1. 文件存在性 tsconfig.paymentService.json 应存在" name="Sprint 25: paymentService/pay TypeScript 迁移 1. 文件存在性 tsconfig.paymentService.json 应存在" time="0.001">
    </testcase>
    <testcase classname="Sprint 25: paymentService/pay TypeScript 迁移 2. tsconfig.paymentService.json 配置 strict 模式开启" name="Sprint 25: paymentService/pay TypeScript 迁移 2. tsconfig.paymentService.json 配置 strict 模式开启" time="0.012">
    </testcase>
    <testcase classname="Sprint 25: paymentService/pay TypeScript 迁移 2. tsconfig.paymentService.json 配置 noImplicitAny 开启" name="Sprint 25: paymentService/pay TypeScript 迁移 2. tsconfig.paymentService.json 配置 noImplicitAny 开启" time="0">
    </testcase>
    <testcase classname="Sprint 25: paymentService/pay TypeScript 迁移 2. tsconfig.paymentService.json 配置 strictNullChecks 开启" name="Sprint 25: paymentService/pay TypeScript 迁移 2. tsconfig.paymentService.json 配置 strictNullChecks 开启" time="0">
    </testcase>
    <testcase classname="Sprint 25: paymentService/pay TypeScript 迁移 2. tsconfig.paymentService.json 配置 declaration 开启（生成 .d.ts）" name="Sprint 25: paymentService/pay TypeScript 迁移 2. tsconfig.paymentService.json 配置 declaration 开启（生成 .d.ts）" time="0">
    </testcase>
    <testcase classname="Sprint 25: paymentService/pay TypeScript 迁移 2. tsconfig.paymentService.json 配置 include 包含 pay.ts（Sprint 25 扩展）" name="Sprint 25: paymentService/pay TypeScript 迁移 2. tsconfig.paymentService.json 配置 include 包含 pay.ts（Sprint 25 扩展）" time="0.001">
    </testcase>
    <testcase classname="Sprint 25: paymentService/pay TypeScript 迁移 2. tsconfig.paymentService.json 配置 include 仍包含 refund.ts（回归）" name="Sprint 25: paymentService/pay TypeScript 迁移 2. tsconfig.paymentService.json 配置 include 仍包含 refund.ts（回归）" time="0">
    </testcase>
    <testcase classname="Sprint 25: paymentService/pay TypeScript 迁移 3. pay.ts 源文件内容 注释中标注 &quot;Sprint 25 迁移&quot;" name="Sprint 25: paymentService/pay TypeScript 迁移 3. pay.ts 源文件内容 注释中标注 &quot;Sprint 25 迁移&quot;" time="0">
    </testcase>
    <testcase classname="Sprint 25: paymentService/pay TypeScript 迁移 3. pay.ts 源文件内容 使用 withErrorHandling 包装 handler" name="Sprint 25: paymentService/pay TypeScript 迁移 3. pay.ts 源文件内容 使用 withErrorHandling 包装 handler" time="0">
    </testcase>
    <testcase classname="Sprint 25: paymentService/pay TypeScript 迁移 3. pay.ts 源文件内容 使用 WrappedHandler 强类型" name="Sprint 25: paymentService/pay TypeScript 迁移 3. pay.ts 源文件内容 使用 WrappedHandler 强类型" time="0.001">
    </testcase>
    <testcase classname="Sprint 25: paymentService/pay TypeScript 迁移 3. pay.ts 源文件内容 从 common/errors 导入 err / isBusinessError / WrappedHandler" name="Sprint 25: paymentService/pay TypeScript 迁移 3. pay.ts 源文件内容 从 common/errors 导入 err / isBusinessError / WrappedHandler" time="0">
    </testcase>
    <testcase classname="Sprint 25: paymentService/pay TypeScript 迁移 3. pay.ts 源文件内容 从 common/risk-rate-limit 导入 withRateLimit" name="Sprint 25: paymentService/pay TypeScript 迁移 3. pay.ts 源文件内容 从 common/risk-rate-limit 导入 withRateLimit" time="0">
    </testcase>
    <testcase classname="Sprint 25: paymentService/pay TypeScript 迁移 3. pay.ts 源文件内容 从 common/types 导入 CloudBaseDB 类型" name="Sprint 25: paymentService/pay TypeScript 迁移 3. pay.ts 源文件内容 从 common/types 导入 CloudBaseDB 类型" time="0">
    </testcase>
    <testcase classname="Sprint 25: paymentService/pay TypeScript 迁移 3. pay.ts 源文件内容 包含 4 个 handler：createPayment / queryPayment / closePayment / confirmPayment" name="Sprint 25: paymentService/pay TypeScript 迁移 3. pay.ts 源文件内容 包含 4 个 handler：createPayment / queryPayment / closePayment / confirmPayment" time="0">
    </testcase>
    <testcase classname="Sprint 25: paymentService/pay TypeScript 迁移 3. pay.ts 源文件内容 不再调用 handleSuccess（已迁移为 withErrorHandling）" name="Sprint 25: paymentService/pay TypeScript 迁移 3. pay.ts 源文件内容 不再调用 handleSuccess（已迁移为 withErrorHandling）" time="0">
    </testcase>
    <testcase classname="Sprint 25: paymentService/pay TypeScript 迁移 4. pay.d.ts 类型声明 包含 4 个 WrappedHandler&lt;T&gt; 强类型导出" name="Sprint 25: paymentService/pay TypeScript 迁移 4. pay.d.ts 类型声明 包含 4 个 WrappedHandler&lt;T&gt; 强类型导出" time="0">
    </testcase>
    <testcase classname="Sprint 25: paymentService/pay TypeScript 迁移 4. pay.d.ts 类型声明 未在 top-level 使用 any 类型" name="Sprint 25: paymentService/pay TypeScript 迁移 4. pay.d.ts 类型声明 未在 top-level 使用 any 类型" time="0.001">
    </testcase>
    <testcase classname="Sprint 25: paymentService/pay TypeScript 迁移 5. pay.js 编译产物（结构与 require 解析） 头部包含 /* eslint-disable */ 标记（构建产物）" name="Sprint 25: paymentService/pay TypeScript 迁移 5. pay.js 编译产物（结构与 require 解析） 头部包含 /* eslint-disable */ 标记（构建产物）" time="0">
    </testcase>
    <testcase classname="Sprint 25: paymentService/pay TypeScript 迁移 5. pay.js 编译产物（结构与 require 解析） 导出 4 个 handler" name="Sprint 25: paymentService/pay TypeScript 迁移 5. pay.js 编译产物（结构与 require 解析） 导出 4 个 handler" time="0">
    </testcase>
    <testcase classname="Sprint 25: paymentService/pay TypeScript 迁移 5. pay.js 编译产物（结构与 require 解析） require 路径在 cloudfunctions 内部可解析" name="Sprint 25: paymentService/pay TypeScript 迁移 5. pay.js 编译产物（结构与 require 解析） require 路径在 cloudfunctions 内部可解析" time="0.006">
    </testcase>
    <testcase classname="Sprint 25: paymentService/pay TypeScript 迁移 6. paymentService/index.js 兼容（消费 .js 编译产物） paymentService/index.js 仍 require ./services/pay" name="Sprint 25: paymentService/pay TypeScript 迁移 6. paymentService/index.js 兼容（消费 .js 编译产物） paymentService/index.js 仍 require ./services/pay" time="0">
    </testcase>
    <testcase classname="Sprint 25: paymentService/pay TypeScript 迁移 7. 编译可重复执行 tsc --noEmit 无错误" name="Sprint 25: paymentService/pay TypeScript 迁移 7. 编译可重复执行 tsc --noEmit 无错误" time="4.61">
    </testcase>
  </testsuite>
</testsuites>